Component: ARM Compiler 5.06 update 6 (build 750) Tool: armlink [4d35ed]

==============================================================================

Section Cross References

    startup_stm32f407xx.o(RESET) refers to startup_stm32f407xx.o(STACK) for __initial_sp
    startup_stm32f407xx.o(RESET) refers to startup_stm32f407xx.o(.text) for Reset_Handler
    startup_stm32f407xx.o(RESET) refers to stm32f4xx_it.o(i.SysTick_Handler) for SysTick_Handler
    startup_stm32f407xx.o(RESET) refers to spi_stm32f4xx.o(i.DMA1_Stream3_IRQHandler) for DMA1_Stream3_IRQHandler
    startup_stm32f407xx.o(RESET) refers to spi_stm32f4xx.o(i.DMA1_Stream4_IRQHandler) for DMA1_Stream4_IRQHandler
    startup_stm32f407xx.o(RESET) refers to spi_stm32f4xx.o(i.SPI2_IRQHandler) for SPI2_IRQHandler
    startup_stm32f407xx.o(RESET) refers to stm32f4xx_it.o(i.OTG_FS_IRQHandler) for OTG_FS_IRQHandler
    startup_stm32f407xx.o(.text) refers to system_stm32f4xx.o(i.SystemInit) for SystemInit
    startup_stm32f407xx.o(.text) refers to entry.o(.ARM.Collect$$$$00000000) for __main
    usbd_msc.o(i.USBD_MSC_DataIn) refers to usbd_msc_bot.o(i.MSC_BOT_DataIn) for MSC_BOT_DataIn
    usbd_msc.o(i.USBD_MSC_DataOut) refers to usbd_msc_bot.o(i.MSC_BOT_DataOut) for MSC_BOT_DataOut
    usbd_msc.o(i.USBD_MSC_DeInit) refers to usbd_conf.o(i.USBD_LL_CloseEP) for USBD_LL_CloseEP
    usbd_msc.o(i.USBD_MSC_DeInit) refers to usbd_msc_bot.o(i.MSC_BOT_DeInit) for MSC_BOT_DeInit
    usbd_msc.o(i.USBD_MSC_DeInit) refers to malloc.o(i.free) for free
    usbd_msc.o(i.USBD_MSC_GetDeviceQualifierDescriptor) refers to usbd_msc.o(.data) for .data
    usbd_msc.o(i.USBD_MSC_GetFSCfgDesc) refers to usbd_msc.o(.data) for .data
    usbd_msc.o(i.USBD_MSC_GetHSCfgDesc) refers to usbd_msc.o(.data) for .data
    usbd_msc.o(i.USBD_MSC_GetOtherSpeedCfgDesc) refers to usbd_msc.o(.data) for .data
    usbd_msc.o(i.USBD_MSC_Init) refers to usbd_conf.o(i.USBD_LL_OpenEP) for USBD_LL_OpenEP
    usbd_msc.o(i.USBD_MSC_Init) refers to malloc.o(i.malloc) for malloc
    usbd_msc.o(i.USBD_MSC_Init) refers to usbd_msc_bot.o(i.MSC_BOT_Init) for MSC_BOT_Init
    usbd_msc.o(i.USBD_MSC_Setup) refers to usbd_ioreq.o(i.USBD_CtlSendData) for USBD_CtlSendData
    usbd_msc.o(i.USBD_MSC_Setup) refers to usbd_ctlreq.o(i.USBD_CtlError) for USBD_CtlError
    usbd_msc.o(i.USBD_MSC_Setup) refers to usbd_msc_bot.o(i.MSC_BOT_Reset) for MSC_BOT_Reset
    usbd_msc.o(i.USBD_MSC_Setup) refers to usbd_conf.o(i.USBD_LL_FlushEP) for USBD_LL_FlushEP
    usbd_msc.o(i.USBD_MSC_Setup) refers to usbd_conf.o(i.USBD_LL_CloseEP) for USBD_LL_CloseEP
    usbd_msc.o(i.USBD_MSC_Setup) refers to usbd_conf.o(i.USBD_LL_OpenEP) for USBD_LL_OpenEP
    usbd_msc.o(i.USBD_MSC_Setup) refers to usbd_msc_bot.o(i.MSC_BOT_CplClrFeature) for MSC_BOT_CplClrFeature
    usbd_msc.o(.data) refers to usbd_msc.o(i.USBD_MSC_Init) for USBD_MSC_Init
    usbd_msc.o(.data) refers to usbd_msc.o(i.USBD_MSC_DeInit) for USBD_MSC_DeInit
    usbd_msc.o(.data) refers to usbd_msc.o(i.USBD_MSC_Setup) for USBD_MSC_Setup
    usbd_msc.o(.data) refers to usbd_msc.o(i.USBD_MSC_DataIn) for USBD_MSC_DataIn
    usbd_msc.o(.data) refers to usbd_msc.o(i.USBD_MSC_DataOut) for USBD_MSC_DataOut
    usbd_msc.o(.data) refers to usbd_msc.o(i.USBD_MSC_GetHSCfgDesc) for USBD_MSC_GetHSCfgDesc
    usbd_msc.o(.data) refers to usbd_msc.o(i.USBD_MSC_GetFSCfgDesc) for USBD_MSC_GetFSCfgDesc
    usbd_msc.o(.data) refers to usbd_msc.o(i.USBD_MSC_GetOtherSpeedCfgDesc) for USBD_MSC_GetOtherSpeedCfgDesc
    usbd_msc.o(.data) refers to usbd_msc.o(i.USBD_MSC_GetDeviceQualifierDescriptor) for USBD_MSC_GetDeviceQualifierDescriptor
    usbd_ctlreq.o(i.USBD_CtlError) refers to usbd_conf.o(i.USBD_LL_StallEP) for USBD_LL_StallEP
    usbd_ctlreq.o(i.USBD_StdDevReq) refers to usbd_conf.o(i.USBD_LL_SetUSBAddress) for USBD_LL_SetUSBAddress
    usbd_ctlreq.o(i.USBD_StdDevReq) refers to usbd_ioreq.o(i.USBD_CtlSendStatus) for USBD_CtlSendStatus
    usbd_ctlreq.o(i.USBD_StdDevReq) refers to usbd_core.o(i.USBD_SetClassConfig) for USBD_SetClassConfig
    usbd_ctlreq.o(i.USBD_StdDevReq) refers to usbd_core.o(i.USBD_ClrClassConfig) for USBD_ClrClassConfig
    usbd_ctlreq.o(i.USBD_StdDevReq) refers to usbd_conf.o(i.USBD_LL_StallEP) for USBD_LL_StallEP
    usbd_ctlreq.o(i.USBD_StdDevReq) refers to usbd_ioreq.o(i.USBD_CtlSendData) for USBD_CtlSendData
    usbd_ctlreq.o(i.USBD_StdDevReq) refers to usbd_ctlreq.o(.data) for .data
    usbd_ctlreq.o(i.USBD_StdEPReq) refers to usbd_conf.o(i.USBD_LL_StallEP) for USBD_LL_StallEP
    usbd_ctlreq.o(i.USBD_StdEPReq) refers to usbd_ioreq.o(i.USBD_CtlSendStatus) for USBD_CtlSendStatus
    usbd_ctlreq.o(i.USBD_StdEPReq) refers to usbd_conf.o(i.USBD_LL_ClearStallEP) for USBD_LL_ClearStallEP
    usbd_ctlreq.o(i.USBD_StdEPReq) refers to usbd_conf.o(i.USBD_LL_IsStallEP) for USBD_LL_IsStallEP
    usbd_ctlreq.o(i.USBD_StdEPReq) refers to usbd_ioreq.o(i.USBD_CtlSendData) for USBD_CtlSendData
[...]
    i._printf_post_padding                   0x20005ea4   Section        0  printf8.o(i._printf_post_padding)
    _printf_post_padding                     0x20005ea5   Thumb Code    36  printf8.o(i._printf_post_padding)
    i._printf_pre_padding                    0x20005ec8   Section        0  printf8.o(i._printf_pre_padding)
    _printf_pre_padding                      0x20005ec9   Thumb Code    46  printf8.o(i._printf_pre_padding)
    i.flash_id_to_entry                      0x20005ef8   Section        0  flashchips.o(i.flash_id_to_entry)
    i.fputc                                  0x20005f24   Section        0  retarget_io.o(i.fputc)
    i.free                                   0x20005f90   Section        0  malloc.o(i.free)
    i.isErased                               0x20005fe0   Section        0  chip_drv.o(i.isErased)
    isErased                                 0x20005fe1   Thumb Code    86  chip_drv.o(i.isErased)
    i.main                                   0x2000603c   Section        0  main.o(i.main)
    i.malloc                                 0x200062bc   Section        0  malloc.o(i.malloc)
    i.set_spi_speed                          0x20006328   Section        0  main.o(i.set_spi_speed)
    i.spi_chip_read                          0x200063bc   Section        0  chip_drv.o(i.spi_chip_read)
    i.spi_chip_write_1                       0x20006464   Section        0  chip_drv.o(i.spi_chip_write_1)
    i.spi_chip_write_256                     0x200065c0   Section        0  chip_drv.o(i.spi_chip_write_256)
    i.spi_chip_write_af                      0x200066c4   Section        0  chip_drv.o(i.spi_chip_write_af)
    i.spi_disable_blockprotect               0x200068ac   Section        0  chip_drv.o(i.spi_disable_blockprotect)
    i.spi_disable_blockprotect_at2x_global_unprotect 0x200068b8   Section        0  chip_drv.o(i.spi_disable_blockprotect_at2x_global_unprotect)
    i.spi_disable_blockprotect_generic       0x200068c4   Section        0  chip_drv.o(i.spi_disable_blockprotect_generic)
    spi_disable_blockprotect_generic         0x200068c5   Thumb Code   222  chip_drv.o(i.spi_disable_blockprotect_generic)
    i.spi_erase_bulk                         0x20006a8c   Section        0  chip_drv.o(i.spi_erase_bulk)
    i.spi_erase_bulk_sec                     0x20006bb0   Section        0  chip_drv.o(i.spi_erase_bulk_sec)
    .constdata                               0x20006cb0   Section        7  usbd_msc_data.o(.constdata)
    .constdata                               0x20006cb7   Section        8  usbd_msc_data.o(.constdata)
    .constdata                               0x20006cbf   Section        8  usbd_msc_data.o(.constdata)
    .constdata                               0x20006cc7   Section        8  stm32f4xx_hal_dma.o(.constdata)
    flagBitshiftOffset                       0x20006cc7   Data           8  stm32f4xx_hal_dma.o(.constdata)
    .constdata                               0x20006ccf   Section       16  system_stm32f4xx.o(.constdata)
    .constdata                               0x20006cdf   Section        8  system_stm32f4xx.o(.constdata)
    .constdata                               0x20006ce7   Section       36  usbd_storage_if.o(.constdata)
    .constdata                               0x20006d0c   Section       12  stm32f4_discovery.o(.constdata)
    .constdata                               0x20006d18   Section       52  spi_stm32f4xx.o(.constdata)
    DriverVersion                            0x20006d18   Data           4  spi_stm32f4xx.o(.constdata)
    DriverCapabilities                       0x20006d1c   Data           4  spi_stm32f4xx.o(.constdata)
    SPI2_Resources                           0x20006d20   Data          44  spi_stm32f4xx.o(.constdata)
    .constdata                               0x20006d4c   Section       16  spi_stm32f4xx.o(.constdata)
    SPI2_mosi                                0x20006d4c   Data          16  spi_stm32f4xx.o(.constdata)
    .constdata                               0x20006d5c   Section       16  spi_stm32f4xx.o(.constdata)
    SPI2_miso                                0x20006d5c   Data          16  spi_stm32f4xx.o(.constdata)
    .constdata                               0x20006d6c   Section       16  spi_stm32f4xx.o(.constdata)
    SPI2_sck                                 0x20006d6c   Data          16  spi_stm32f4xx.o(.constdata)
    .constdata                               0x20006d7c   Section       16  spi_stm32f4xx.o(.constdata)
    SPI2_nss                                 0x20006d7c   Data          16  spi_stm32f4xx.o(.constdata)
    .constdata                               0x20006d8c   Section       44  spi_stm32f4xx.o(.constdata)
    .constdata                               0x20006db8   Section     5248  flashchips.o(.constdata)
    .conststring                             0x20008238   Section      143  chip_drv.o(.conststring)
    .conststring                             0x200082c8   Section      192  flashchips.o(.conststring)
    .data                                    0x20010000   Section       56  usbd_msc.o(.data)
    .data                                    0x20010038   Section      106  usbd_msc.o(.data)
    .data                                    0x200100a2   Section        1  usbd_ctlreq.o(.data)
    cfgidx                                   0x200100a2   Data           1  usbd_ctlreq.o(.data)
    .data                                    0x200100a4   Section       12  stm32f4xx_hal.o(.data)
    .data                                    0x200100b0   Section        4  system_stm32f4xx.o(.data)
    .data                                    0x200100b4   Section       28  usbd_desc.o(.data)
    .data                                    0x200100d0   Section       22  usbd_desc.o(.data)
    .data                                    0x200100e8   Section       32  usbd_storage_if.o(.data)
    .data                                    0x20010108   Section       40  main.o(.data)
    .data                                    0x20010130   Section      114  usbd_storage.o(.data)
    .data                                    0x200101a4   Section       28  stm32f4_discovery.o(.data)
    .data                                    0x200101c0   Section       24  spi_stm32f4xx.o(.data)
    SPI2_DMA_Rx                              0x200101c0   Data          24  spi_stm32f4xx.o(.data)
    .data                                    0x200101d8   Section       24  spi_stm32f4xx.o(.data)
    SPI2_DMA_Tx                              0x200101d8   Data          24  spi_stm32f4xx.o(.data)
    .data                                    0x200101f0   Section       40  chip_drv.o(.data)
    Flags                                    0x200101f0   Data           1  chip_drv.o(.data)
    FlashStatus                              0x200101fc   Data           4  chip_drv.o(.data)
    .data                                    0x20010218   Section        4  stdout.o(.data)
    .data                                    0x2001021c   Section        4  stderr.o(.data)
    .data                                    0x20010220   Section        4  mvars.o(.data)
    .data                                    0x20010224   Section        4  mvars.o(.data)
    .bss                                     0x20010228   Section      548  usb_device.o(.bss)
    .bss                                     0x2001044c   Section      512  usbd_desc.o(.bss)
    .bss                                     0x2001064c   Section     1008  usbd_conf.o(.bss)
    .bss                                     0x20010a3c   Section      256  main.o(.bss)
    .bss                                     0x20010b3c   Section    13312  usbd_storage.o(.bss)
    .bss                                     0x20013f3c   Section       16  spi_stm32f4xx.o(.bss)
    SPI2_Info                                0x20013f3c   Data          16  spi_stm32f4xx.o(.bss)
    .bss                                     0x20013f4c   Section       28  spi_stm32f4xx.o(.bss)
    SPI2_TransferInfo                        0x20013f4c   Data          28  spi_stm32f4xx.o(.bss)
    .bss                                     0x20013f68   Section      192  spi_stm32f4xx.o(.bss)
    hdma_spi2_rx                             0x20013f68   Data          96  spi_stm32f4xx.o(.bss)
    hdma_spi2_tx                             0x20013fc8   Data          96  spi_stm32f4xx.o(.bss)
    HEAP                                     0x20014028   Section     8192  startup_stm32f407xx.o(HEAP)
    STACK                                    0x20016028   Section     8192  startup_stm32f407xx.o(STACK)

    Global Symbols

    Symbol Name                              Value     Ov Type        Size  Object(Section)

    BuildAttributes$$THM_ISAv4$E$P$D$K$B$S$7EM$VFPi3$EXTD16$VFPS$VFMA$PE$A:L22UL41UL21$X:L11$S22US41US21$IEEE1$IW$USESV6$~STKCKD$USESV7$~SHL$OTIME$ROPI$EBA8$MICROLIB$REQ8$PRES8$EABIv2 0x00000000   Number         0  anon$$obj.o ABSOLUTE
    __ARM_use_no_argv                        0x00000000   Number         0  main.o ABSOLUTE
    _printf_a                                0x00000000   Number         0  stubs.o ABSOLUTE
    _printf_c                                0x00000000   Number         0  stubs.o ABSOLUTE
    _printf_charcount                        0x00000000   Number         0  stubs.o ABSOLUTE
    _printf_d                                0x00000000   Number         0  stubs.o ABSOLUTE
    _printf_e                                0x00000000   Number         0  stubs.o ABSOLUTE
    _printf_f                                0x00000000   Number         0  stubs.o ABSOLUTE
    _printf_flags                            0x00000000   Number         0  stubs.o ABSOLUTE
    _printf_fp_dec                           0x00000000   Number         0  stubs.o ABSOLUTE
    _printf_fp_hex                           0x00000000   Number         0  stubs.o ABSOLUTE
    _printf_g                                0x00000000   Number         0  stubs.o ABSOLUTE
    _printf_i                                0x00000000   Number         0  stubs.o ABSOLUTE
    _printf_int_dec                          0x00000000   Number         0  stubs.o ABSOLUTE
    _printf_l                                0x00000000   Number         0  stubs.o ABSOLUTE
    _printf_lc                               0x00000000   Number         0  stubs.o ABSOLUTE
    _printf_ll                               0x00000000   Number         0  stubs.o ABSOLUTE
    _printf_lld                              0x00000000   Number         0  stubs.o ABSOLUTE
    _printf_lli                              0x00000000   Number         0  stubs.o ABSOLUTE
    _printf_llo                              0x00000000   Number         0  stubs.o ABSOLUTE
    _printf_llu                              0x00000000   Number         0  stubs.o ABSOLUTE
    _printf_llx                              0x00000000   Number         0  stubs.o ABSOLUTE
    _printf_longlong_dec                     0x00000000   Number         0  stubs.o ABSOLUTE
    _printf_longlong_hex                     0x00000000   Number         0  stubs.o ABSOLUTE
    _printf_longlong_oct                     0x00000000   Number         0  stubs.o ABSOLUTE
    _printf_ls                               0x00000000   Number         0  stubs.o ABSOLUTE
    _printf_mbtowc                           0x00000000   Number         0  stubs.o ABSOLUTE
    _printf_n                                0x00000000   Number         0  stubs.o ABSOLUTE
    _printf_o                                0x00000000   Number         0  stubs.o ABSOLUTE
    _printf_p                                0x00000000   Number         0  stubs.o ABSOLUTE
    _printf_percent                          0x00000000   Number         0  stubs.o ABSOLUTE
    _printf_pre_padding                      0x00000000   Number         0  stubs.o ABSOLUTE
    _printf_return_value                     0x00000000   Number         0  stubs.o ABSOLUTE
    _printf_s                                0x00000000   Number         0  stubs.o ABSOLUTE
    _printf_sizespec                         0x00000000   Number         0  stubs.o ABSOLUTE
    _printf_str                              0x00000000   Number         0  stubs.o ABSOLUTE
    _printf_truncate_signed                  0x00000000   Number         0  stubs.o ABSOLUTE
    _printf_truncate_unsigned                0x00000000   Number         0  stubs.o ABSOLUTE
    _printf_u                                0x00000000   Number         0  stubs.o ABSOLUTE
    _printf_wc                               0x00000000   Number         0  stubs.o ABSOLUTE
    _printf_wctomb                           0x00000000   Number         0  stubs.o ABSOLUTE
    _printf_widthprec                        0x00000000   Number         0  stubs.o ABSOLUTE
    _printf_x                                0x00000000   Number         0  stubs.o ABSOLUTE
    __cpp_initialize__aeabi_                  - Undefined Weak Reference
    __cxa_finalize                            - Undefined Weak Reference
    _clock_init                               - Undefined Weak Reference
    _microlib_exit                            - Undefined Weak Reference
    __Vectors_Size                           0x00000188   Number         0  startup_stm32f407xx.o ABSOLUTE
    __Vectors                                0x20000000   Data           4  startup_stm32f407xx.o(RESET)
    __Vectors_End                            0x20000188   Data           0  startup_stm32f407xx.o(RESET)
    __main                                   0x20000189   Thumb Code     0  entry.o(.ARM.Collect$$$$00000000)
    _main_stk                                0x20000189   Thumb Code     0  entry2.o(.ARM.Collect$$$$00000001)
    _main_scatterload                        0x2000018d   Thumb Code     0  entry5.o(.ARM.Collect$$$$00000004)
    __main_after_scatterload                 0x20000191   Thumb Code     0  entry5.o(.ARM.Collect$$$$00000004)
    _main_clock                              0x20000191   Thumb Code     0  entry7b.o(.ARM.Collect$$$$00000008)
    _main_cpp_init                           0x20000191   Thumb Code     0  entry8b.o(.ARM.Collect$$$$0000000A)
    _main_init                               0x20000191   Thumb Code     0  entry9a.o(.ARM.Collect$$$$0000000B)
    __rt_final_cpp                           0x20000199   Thumb Code     0  entry10a.o(.ARM.Collect$$$$0000000D)
    __rt_final_exit                          0x20000199   Thumb Code     0  entry11a.o(.ARM.Collect$$$$0000000F)
    Reset_Handler                            0x2000019d   Thumb Code     8  startup_stm32f407xx.o(.text)
    NMI_Handler                              0x200001a5   Thumb Code     2  startup_stm32f407xx.o(.text)
    HardFault_Handler                        0x200001a7   Thumb Code     2  startup_stm32f407xx.o(.text)
    MemManage_Handler                        0x200001a9   Thumb Code     2  startup_stm32f407xx.o(.text)
    BusFault_Handler                         0x200001ab   Thumb Code     2  startup_stm32f407xx.o(.text)
    UsageFault_Handler                       0x200001ad   Thumb Code     2  startup_stm32f407xx.o(.text)
    SVC_Handler                              0x200001af   Thumb Code     2  startup_stm32f407xx.o(.text)
    DebugMon_Handler                         0x200001b1   Thumb Code     2  startup_stm32f407xx.o(.text)
    PendSV_Handler                           0x200001b3   Thumb Code     2  startup_stm32f407xx.o(.text)
    ADC_IRQHandler                           0x200001b7   Thumb Code     0  startup_stm32f407xx.o(.text)
    CAN1_RX0_IRQHandler                      0x200001b7   Thumb Code     0  startup_stm32f407xx.o(.text)
    CAN1_RX1_IRQHandler                      0x200001b7   Thumb Code     0  startup_stm32f407xx.o(.text)
    CAN1_SCE_IRQHandler                      0x200001b7   Thumb Code     0  startup_stm32f407xx.o(.text)
    CAN1_TX_IRQHandler                       0x200001b7   Thumb Code     0  startup_stm32f407xx.o(.text)
    CAN2_RX0_IRQHandler                      0x200001b7   Thumb Code     0  startup_stm32f407xx.o(.text)
    CAN2_RX1_IRQHandler                      0x200001b7   Thumb Code     0  startup_stm32f407xx.o(.text)
    CAN2_SCE_IRQHandler                      0x200001b7   Thumb Code     0  startup_stm32f407xx.o(.text)
    CAN2_TX_IRQHandler                       0x200001b7   Thumb Code     0  startup_stm32f407xx.o(.text)
    DCMI_IRQHandler                          0x200001b7   Thumb Code     0  startup_stm32f407xx.o(.text)
    DMA1_Stream0_IRQHandler                  0x200001b7   Thumb Code     0  startup_stm32f407xx.o(.text)
    DMA1_Stream1_IRQHandler                  0x200001b7   Thumb Code     0  startup_stm32f407xx.o(.text)
    DMA1_Stream2_IRQHandler                  0x200001b7   Thumb Code     0  startup_stm32f407xx.o(.text)
    DMA1_Stream5_IRQHandler                  0x200001b7   Thumb Code     0  startup_stm32f407xx.o(.text)
    DMA1_Stream6_IRQHandler                  0x200001b7   Thumb Code     0  startup_stm32f407xx.o(.text)
    DMA1_Stream7_IRQHandler                  0x200001b7   Thumb Code     0  startup_stm32f407xx.o(.text)
    DMA2_Stream0_IRQHandler                  0x200001b7   Thumb Code     0  startup_stm32f407xx.o(.text)
    DMA2_Stream1_IRQHandler                  0x200001b7   Thumb Code     0  startup_stm32f407xx.o(.text)
    DMA2_Stream2_IRQHandler                  0x200001b7   Thumb Code     0  startup_stm32f407xx.o(.text)
    DMA2_Stream3_IRQHandler                  0x200001b7   Thumb Code     0  startup_stm32f407xx.o(.text)
    DMA2_Stream4_IRQHandler                  0x200001b7   Thumb Code     0  startup_stm32f407xx.o(.text)
    DMA2_Stream5_IRQHandler                  0x200001b7   Thumb Code     0  startup_stm32f407xx.o(.text)
    DMA2_Stream6_IRQHandler                  0x200001b7   Thumb Code     0  startup_stm32f407xx.o(.text)
    DMA2_Stream7_IRQHandler                  0x200001b7   Thumb Code     0  startup_stm32f407xx.o(.text)
    ETH_IRQHandler                           0x200001b7   Thumb Code     0  startup_stm32f407xx.o(.text)
    ETH_WKUP_IRQHandler                      0x200001b7   Thumb Code     0  startup_stm32f407xx.o(.text)
    EXTI0_IRQHandler                         0x200001b7   Thumb Code     0  startup_stm32f407xx.o(.text)
    EXTI15_10_IRQHandler                     0x200001b7   Thumb Code     0  startup_stm32f407xx.o(.text)
    EXTI1_IRQHandler                         0x200001b7   Thumb Code     0  startup_stm32f407xx.o(.text)
    EXTI2_IRQHandler                         0x200001b7   Thumb Code     0  startup_stm32f407xx.o(.text)
    EXTI3_IRQHandler                         0x200001b7   Thumb Code     0  startup_stm32f407xx.o(.text)
    EXTI4_IRQHandler                         0x200001b7   Thumb Code     0  startup_stm32f407xx.o(.text)
    EXTI9_5_IRQHandler                       0x200001b7   Thumb Code     0  startup_stm32f407xx.o(.text)
    FLASH_IRQHandler                         0x200001b7   Thumb Code     0  startup_stm32f407xx.o(.text)
    FMC_IRQHandler                           0x200001b7   Thumb Code     0  startup_stm32f407xx.o(.text)
    FPU_IRQHandler                           0x200001b7   Thumb Code     0  startup_stm32f407xx.o(.text)
    HASH_RNG_IRQHandler                      0x200001b7   Thumb Code     0  startup_stm32f407xx.o(.text)
    I2C1_ER_IRQHandler                       0x200001b7   Thumb Code     0  startup_stm32f407xx.o(.text)
    I2C1_EV_IRQHandler                       0x200001b7   Thumb Code     0  startup_stm32f407xx.o(.text)
    I2C2_ER_IRQHandler                       0x200001b7   Thumb Code     0  startup_stm32f407xx.o(.text)
    I2C2_EV_IRQHandler                       0x200001b7   Thumb Code     0  startup_stm32f407xx.o(.text)
    I2C3_ER_IRQHandler                       0x200001b7   Thumb Code     0  startup_stm32f407xx.o(.text)
    I2C3_EV_IRQHandler                       0x200001b7   Thumb Code     0  startup_stm32f407xx.o(.text)
    OTG_FS_WKUP_IRQHandler                   0x200001b7   Thumb Code     0  startup_stm32f407xx.o(.text)
    OTG_HS_EP1_IN_IRQHandler                 0x200001b7   Thumb Code     0  startup_stm32f407xx.o(.text)
    OTG_HS_EP1_OUT_IRQHandler                0x200001b7   Thumb Code     0  startup_stm32f407xx.o(.text)
    OTG_HS_IRQHandler                        0x200001b7   Thumb Code     0  startup_stm32f407xx.o(.text)
    OTG_HS_WKUP_IRQHandler                   0x200001b7   Thumb Code     0  startup_stm32f407xx.o(.text)
    PVD_IRQHandler                           0x200001b7   Thumb Code     0  startup_stm32f407xx.o(.text)
    RCC_IRQHandler                           0x200001b7   Thumb Code     0  startup_stm32f407xx.o(.text)
    RTC_Alarm_IRQHandler                     0x200001b7   Thumb Code     0  startup_stm32f407xx.o(.text)
    RTC_WKUP_IRQHandler                      0x200001b7   Thumb Code     0  startup_stm32f407xx.o(.text)
    SDIO_IRQHandler                          0x200001b7   Thumb Code     0  startup_stm32f407xx.o(.text)
    SPI1_IRQHandler                          0x200001b7   Thumb Code     0  startup_stm32f407xx.o(.text)
    SPI3_IRQHandler                          0x200001b7   Thumb Code     0  startup_stm32f407xx.o(.text)
    TAMP_STAMP_IRQHandler                    0x200001b7   Thumb Code     0  startup_stm32f407xx.o(.text)
    TIM1_BRK_TIM9_IRQHandler                 0x200001b7   Thumb Code     0  startup_stm32f407xx.o(.text)
    TIM1_CC_IRQHandler                       0x200001b7   Thumb Code     0  startup_stm32f407xx.o(.text)
    TIM1_TRG_COM_TIM11_IRQHandler            0x200001b7   Thumb Code     0  startup_stm32f407xx.o(.text)
    TIM1_UP_TIM10_IRQHandler                 0x200001b7   Thumb Code     0  startup_stm32f407xx.o(.text)
    TIM2_IRQHandler                          0x200001b7   Thumb Code     0  startup_stm32f407xx.o(.text)
    TIM3_IRQHandler                          0x200001b7   Thumb Code     0  startup_stm32f407xx.o(.text)
    TIM4_IRQHandler                          0x200001b7   Thumb Code     0  startup_stm32f407xx.o(.text)
    TIM5_IRQHandler                          0x200001b7   Thumb Code     0  startup_stm32f407xx.o(.text)
    TIM6_DAC_IRQHandler                      0x200001b7   Thumb Code     0  startup_stm32f407xx.o(.text)
    TIM7_IRQHandler                          0x200001b7   Thumb Code     0  startup_stm32f407xx.o(.text)
    TIM8_BRK_TIM12_IRQHandler                0x200001b7   Thumb Code     0  startup_stm32f407xx.o(.text)
    TIM8_CC_IRQHandler                       0x200001b7   Thumb Code     0  startup_stm32f407xx.o(.text)
    TIM8_TRG_COM_TIM14_IRQHandler            0x200001b7   Thumb Code     0  startup_stm32f407xx.o(.text)
    TIM8_UP_TIM13_IRQHandler                 0x200001b7   Thumb Code     0  startup_stm32f407xx.o(.text)
    UART4_IRQHandler                         0x200001b7   Thumb Code     0  startup_stm32f407xx.o(.text)
    UART5_IRQHandler                         0x200001b7   Thumb Code     0  startup_stm32f407xx.o(.text)
    USART1_IRQHandler                        0x200001b7   Thumb Code     0  startup_stm32f407xx.o(.text)
    USART2_IRQHandler                        0x200001b7   Thumb Code     0  startup_stm32f407xx.o(.text)
    USART3_IRQHandler                        0x200001b7   Thumb Code     0  startup_stm32f407xx.o(.text)
    USART6_IRQHandler                        0x200001b7   Thumb Code     0  startup_stm32f407xx.o(.text)
    WWDG_IRQHandler                          0x200001b7   Thumb Code     0  startup_stm32f407xx.o(.text)
    __aeabi_uldivmod                         0x200001c1   Thumb Code    98  uldiv.o(.text)
    __aeabi_memcpy                           0x20000223   Thumb Code    36  memcpya.o(.text)
    __aeabi_memcpy4                          0x20000223   Thumb Code     0  memcpya.o(.text)
    __aeabi_memcpy8                          0x20000223   Thumb Code     0  memcpya.o(.text)
    __aeabi_memset                           0x20000247   Thumb Code    14  memseta.o(.text)
    __aeabi_memset4                          0x20000247   Thumb Code     0  memseta.o(.text)
    __aeabi_memset8                          0x20000247   Thumb Code     0  memseta.o(.text)
    __aeabi_memclr                           0x20000255   Thumb Code     4  memseta.o(.text)
    __aeabi_memclr4                          0x20000255   Thumb Code     0  memseta.o(.text)
    __aeabi_memclr8                          0x20000255   Thumb Code     0  memseta.o(.text)
    _memset$wrapper                          0x20000259   Thumb Code    18  memseta.o(.text)
    memcmp                                   0x2000026b   Thumb Code    26  memcmp.o(.text)
    __aeabi_llsl                             0x20000285   Thumb Code    30  llshl.o(.text)
    _ll_shift_l                              0x20000285   Thumb Code     0  llshl.o(.text)
    __aeabi_llsr                             0x200002a3   Thumb Code    32  llushr.o(.text)
    _ll_ushift_r                             0x200002a3   Thumb Code     0  llushr.o(.text)
    __scatterload                            0x200002c5   Thumb Code    28  init.o(.text)
    __scatterload_rt2                        0x200002c5   Thumb Code     0  init.o(.text)
    __decompress                             0x200002e9   Thumb Code     0  __dczerorl2.o(.text)
    __decompress1                            0x200002e9   Thumb Code    86  __dczerorl2.o(.text)
    BSP_LED_Init                             0x20000341   Thumb Code    90  stm32f4_discovery.o(i.BSP_LED_Init)
    BSP_LED_Off                              0x200003a9   Thumb Code    18  stm32f4_discovery.o(i.BSP_LED_Off)
    BSP_LED_Toggle                           0x200003c5   Thumb Code    16  stm32f4_discovery.o(i.BSP_LED_Toggle)
    BSP_PB_GetState                          0x200003dd   Thumb Code    16  stm32f4_discovery.o(i.BSP_PB_GetState)
    BSP_PB_Init                              0x200003f5   Thumb Code   120  stm32f4_discovery.o(i.BSP_PB_Init)
    CalcCRC32                                0x20000481   Thumb Code   120  chip_drv.o(i.CalcCRC32)
    DMA1_Stream3_IRQHandler                  0x20000505   Thumb Code    18  spi_stm32f4xx.o(i.DMA1_Stream3_IRQHandler)
    DMA1_Stream4_IRQHandler                  0x2000051d   Thumb Code    18  spi_stm32f4xx.o(i.DMA1_Stream4_IRQHandler)
    EraseChip                                0x20000635   Thumb Code    54  chip_drv.o(i.EraseChip)
    HAL_DMA_Abort                            0x20000671   Thumb Code   166  stm32f4xx_hal_dma.o(i.HAL_DMA_Abort)
    HAL_DMA_DeInit                           0x20000719   Thumb Code   124  stm32f4xx_hal_dma.o(i.HAL_DMA_DeInit)
    HAL_DMA_IRQHandler                       0x2000079d   Thumb Code   474  stm32f4xx_hal_dma.o(i.HAL_DMA_IRQHandler)
    HAL_DMA_Init                             0x2000097d   Thumb Code   328  stm32f4xx_hal_dma.o(i.HAL_DMA_Init)
    HAL_DMA_Start_IT                         0x20000ad1   Thumb Code   170  stm32f4xx_hal_dma.o(i.HAL_DMA_Start_IT)
    HAL_Delay                                0x20000b7d   Thumb Code    34  stm32f4xx_hal.o(i.HAL_Delay)
    HAL_GPIO_DeInit                          0x20000ba5   Thumb Code   340  stm32f4xx_hal_gpio.o(i.HAL_GPIO_DeInit)
    HAL_GPIO_Init                            0x20000cfd   Thumb Code   530  stm32f4xx_hal_gpio.o(i.HAL_GPIO_Init)
    HAL_GPIO_ReadPin                         0x20000f21   Thumb Code    10  stm32f4xx_hal_gpio.o(i.HAL_GPIO_ReadPin)
    HAL_GPIO_TogglePin                       0x20000f2b   Thumb Code     8  stm32f4xx_hal_gpio.o(i.HAL_GPIO_TogglePin)
    HAL_GPIO_WritePin                        0x20000f33   Thumb Code    10  stm32f4xx_hal_gpio.o(i.HAL_GPIO_WritePin)
    HAL_GetTick                              0x20000f3d   Thumb Code     6  stm32f4xx_hal.o(i.HAL_GetTick)
    HAL_IncTick                              0x20000f49   Thumb Code    12  stm32f4xx_hal.o(i.HAL_IncTick)
    HAL_Init                                 0x20000f59   Thumb Code    48  stm32f4xx_hal.o(i.HAL_Init)
    HAL_InitTick                             0x20000f8d   Thumb Code    54  stm32f4xx_hal.o(i.HAL_InitTick)
    HAL_MspInit                              0x20000fcd   Thumb Code    88  stm32f4xx_hal_msp.o(i.HAL_MspInit)
    HAL_NVIC_ClearPendingIRQ                 0x20001025   Thumb Code    24  stm32f4xx_hal_cortex.o(i.HAL_NVIC_ClearPendingIRQ)
    HAL_NVIC_DisableIRQ                      0x2000103d   Thumb Code    24  stm32f4xx_hal_cortex.o(i.HAL_NVIC_DisableIRQ)
    HAL_NVIC_EnableIRQ                       0x20001055   Thumb Code    24  stm32f4xx_hal_cortex.o(i.HAL_NVIC_EnableIRQ)
    HAL_NVIC_SetPriority                     0x2000106d   Thumb Code    96  stm32f4xx_hal_cortex.o(i.HAL_NVIC_SetPriority)
    HAL_NVIC_SetPriorityGrouping             0x200010d1   Thumb Code    30  stm32f4xx_hal_cortex.o(i.HAL_NVIC_SetPriorityGrouping)
    HAL_PCDEx_SetRxFiFo                      0x200010f5   Thumb Code     8  stm32f4xx_hal_pcd_ex.o(i.HAL_PCDEx_SetRxFiFo)
    HAL_PCDEx_SetTxFiFo                      0x200010fd   Thumb Code    78  stm32f4xx_hal_pcd_ex.o(i.HAL_PCDEx_SetTxFiFo)
    HAL_PCD_ConnectCallback                  0x2000114b   Thumb Code     8  usbd_conf.o(i.HAL_PCD_ConnectCallback)
    HAL_PCD_DataInStageCallback              0x20001153   Thumb Code    18  usbd_conf.o(i.HAL_PCD_DataInStageCallback)
    HAL_PCD_DataOutStageCallback             0x20001165   Thumb Code    20  usbd_conf.o(i.HAL_PCD_DataOutStageCallback)
    HAL_PCD_DeInit                           0x20001179   Thumb Code    70  stm32f4xx_hal_pcd.o(i.HAL_PCD_DeInit)
    HAL_PCD_DisconnectCallback               0x200011bf   Thumb Code     8  usbd_conf.o(i.HAL_PCD_DisconnectCallback)
    HAL_PCD_EP_Close                         0x200011c7   Thumb Code    68  stm32f4xx_hal_pcd.o(i.HAL_PCD_EP_Close)
    HAL_PCD_EP_ClrStall                      0x2000120b   Thumb Code    78  stm32f4xx_hal_pcd.o(i.HAL_PCD_EP_ClrStall)
    HAL_PCD_EP_Flush                         0x20001259   Thumb Code    54  stm32f4xx_hal_pcd.o(i.HAL_PCD_EP_Flush)
    HAL_PCD_EP_GetRxCount                    0x2000128f   Thumb Code    20  stm32f4xx_hal_pcd.o(i.HAL_PCD_EP_GetRxCount)
    HAL_PCD_EP_Open                          0x200012a3   Thumb Code    88  stm32f4xx_hal_pcd.o(i.HAL_PCD_EP_Open)
    HAL_PCD_EP_Receive                       0x200012fb   Thumb Code    74  stm32f4xx_hal_pcd.o(i.HAL_PCD_EP_Receive)
    HAL_PCD_EP_SetStall                      0x20001345   Thumb Code    94  stm32f4xx_hal_pcd.o(i.HAL_PCD_EP_SetStall)
    HAL_PCD_EP_Transmit                      0x200013a3   Thumb Code    66  stm32f4xx_hal_pcd.o(i.HAL_PCD_EP_Transmit)
    HAL_PCD_IRQHandler                       0x200013e5   Thumb Code  1446  stm32f4xx_hal_pcd.o(i.HAL_PCD_IRQHandler)
    HAL_PCD_ISOINIncompleteCallback          0x200019c9   Thumb Code     8  usbd_conf.o(i.HAL_PCD_ISOINIncompleteCallback)
    HAL_PCD_ISOOUTIncompleteCallback         0x200019d1   Thumb Code     8  usbd_conf.o(i.HAL_PCD_ISOOUTIncompleteCallback)
    HAL_PCD_Init                             0x200019d9   Thumb Code   214  stm32f4xx_hal_pcd.o(i.HAL_PCD_Init)
    HAL_PCD_MspDeInit                        0x20001ab1   Thumb Code    42  usbd_conf.o(i.HAL_PCD_MspDeInit)
    HAL_PCD_MspInit                          0x20001ae5   Thumb Code   118  usbd_conf.o(i.HAL_PCD_MspInit)
    HAL_PCD_ResetCallback                    0x20001b69   Thumb Code    34  usbd_conf.o(i.HAL_PCD_ResetCallback)
    HAL_PCD_ResumeCallback                   0x20001b8b   Thumb Code     8  usbd_conf.o(i.HAL_PCD_ResumeCallback)
    HAL_PCD_SOFCallback                      0x20001b93   Thumb Code     8  usbd_conf.o(i.HAL_PCD_SOFCallback)
    HAL_PCD_SetAddress                       0x20001b9b   Thumb Code    36  stm32f4xx_hal_pcd.o(i.HAL_PCD_SetAddress)
    HAL_PCD_SetupStageCallback               0x20001bbf   Thumb Code    14  usbd_conf.o(i.HAL_PCD_SetupStageCallback)
    HAL_PCD_Start                            0x20001bcd   Thumb Code    42  stm32f4xx_hal_pcd.o(i.HAL_PCD_Start)
    HAL_PCD_Stop                             0x20001bf7   Thumb Code    48  stm32f4xx_hal_pcd.o(i.HAL_PCD_Stop)
    HAL_PCD_SuspendCallback                  0x20001c29   Thumb Code    46  usbd_conf.o(i.HAL_PCD_SuspendCallback)
    HAL_RCC_ClockConfig                      0x20001c5d   Thumb Code   330  stm32f4xx_hal_rcc.o(i.HAL_RCC_ClockConfig)
    HAL_RCC_GetHCLKFreq                      0x20001dbd   Thumb Code     6  stm32f4xx_hal_rcc.o(i.HAL_RCC_GetHCLKFreq)
    HAL_RCC_GetPCLK1Freq                     0x20001dc9   Thumb Code    20  stm32f4xx_hal_rcc.o(i.HAL_RCC_GetPCLK1Freq)
    HAL_RCC_GetSysClockFreq                  0x20001de9   Thumb Code    98  stm32f4xx_hal_rcc.o(i.HAL_RCC_GetSysClockFreq)
    HAL_RCC_OscConfig                        0x20001e5d   Thumb Code   916  stm32f4xx_hal_rcc.o(i.HAL_RCC_OscConfig)
    HAL_SYSTICK_CLKSourceConfig              0x20002219   Thumb Code    22  stm32f4xx_hal_cortex.o(i.HAL_SYSTICK_CLKSourceConfig)
    HAL_SYSTICK_Callback                     0x2000222f   Thumb Code     2  stm32f4xx_hal_cortex.o(i.HAL_SYSTICK_Callback)
    HAL_SYSTICK_Config                       0x20002231   Thumb Code    38  stm32f4xx_hal_cortex.o(i.HAL_SYSTICK_Config)
    HAL_SYSTICK_IRQHandler                   0x2000225d   Thumb Code     8  stm32f4xx_hal_cortex.o(i.HAL_SYSTICK_IRQHandler)
    Initialize                               0x20002265   Thumb Code    48  chip_drv.o(i.Initialize)
    MSC_BOT_CplClrFeature                    0x200022a1   Thumb Code    46  usbd_msc_bot.o(i.MSC_BOT_CplClrFeature)
    MSC_BOT_DataIn                           0x200022cf   Thumb Code    64  usbd_msc_bot.o(i.MSC_BOT_DataIn)
    MSC_BOT_DataOut                          0x20002311   Thumb Code   334  usbd_msc_bot.o(i.MSC_BOT_DataOut)
    MSC_BOT_DeInit                           0x20002465   Thumb Code    10  usbd_msc_bot.o(i.MSC_BOT_DeInit)
    MSC_BOT_Init                             0x2000246f   Thumb Code    66  usbd_msc_bot.o(i.MSC_BOT_Init)
    MSC_BOT_Reset                            0x200024b1   Thumb Code    24  usbd_msc_bot.o(i.MSC_BOT_Reset)
    MSC_BOT_SendCSW                          0x200024c9   Thumb Code    54  usbd_msc_bot.o(i.MSC_BOT_SendCSW)
    MX_USB_DEVICE_DeInit                     0x20002505   Thumb Code    18  usb_device.o(i.MX_USB_DEVICE_DeInit)
    MX_USB_DEVICE_Init                       0x2000251d   Thumb Code    38  usb_device.o(i.MX_USB_DEVICE_Init)
    OTG_FS_IRQHandler                        0x20002555   Thumb Code     6  stm32f4xx_it.o(i.OTG_FS_IRQHandler)
    PowerControl                             0x20002561   Thumb Code   428  chip_drv.o(i.PowerControl)
    Prepare_FAT                              0x20002771   Thumb Code    98  usbd_storage.o(i.Prepare_FAT)
    ProgramData                              0x200027f5   Thumb Code    72  chip_drv.o(i.ProgramData)
    ReadData                                 0x2000287d   Thumb Code    10  chip_drv.o(i.ReadData)
    SCSI_ProcessCmd                          0x200028dd   Thumb Code  1372  usbd_msc_scsi.o(i.SCSI_ProcessCmd)
    SCSI_SenseCode                           0x20002e39   Thumb Code    54  usbd_msc_scsi.o(i.SCSI_SenseCode)
    SPI2_IRQHandler                          0x20002ed9   Thumb Code   310  spi_stm32f4xx.o(i.SPI2_IRQHandler)
    STORAGE_GetCapacity                      0x20003d35   Thumb Code    36  usbd_storage.o(i.STORAGE_GetCapacity)
    STORAGE_GetMaxLun                        0x20003d67   Thumb Code     4  usbd_storage.o(i.STORAGE_GetMaxLun)
    STORAGE_Init                             0x20003d6f   Thumb Code    10  usbd_storage.o(i.STORAGE_Init)
    STORAGE_IsReady                          0x20003d83   Thumb Code    10  usbd_storage.o(i.STORAGE_IsReady)
    STORAGE_IsWriteProtected                 0x20003d99   Thumb Code    14  usbd_storage.o(i.STORAGE_IsWriteProtected)
    STORAGE_Read                             0x20003db1   Thumb Code   102  usbd_storage.o(i.STORAGE_Read)
    STORAGE_Write                            0x20003e51   Thumb Code   258  usbd_storage.o(i.STORAGE_Write)
    SysTick_Handler                          0x20004051   Thumb Code    14  stm32f4xx_it.o(i.SysTick_Handler)
    SystemClock_Config                       0x20004061   Thumb Code   182  main.o(i.SystemClock_Config)
    SystemInit                               0x20004139   Thumb Code    64  system_stm32f4xx.o(i.SystemInit)
    USBD_ClrClassConfig                      0x20004191   Thumb Code    14  usbd_core.o(i.USBD_ClrClassConfig)
    USBD_CtlContinueRx                       0x2000419f   Thumb Code    16  usbd_ioreq.o(i.USBD_CtlContinueRx)
    USBD_CtlContinueSendData                 0x200041af   Thumb Code    16  usbd_ioreq.o(i.USBD_CtlContinueSendData)
    USBD_CtlError                            0x200041bf   Thumb Code    22  usbd_ctlreq.o(i.USBD_CtlError)
    USBD_CtlReceiveStatus                    0x200041d5   Thumb Code    22  usbd_ioreq.o(i.USBD_CtlReceiveStatus)
    USBD_CtlSendData                         0x200041eb   Thumb Code    26  usbd_ioreq.o(i.USBD_CtlSendData)
    USBD_CtlSendStatus                       0x20004205   Thumb Code    22  usbd_ioreq.o(i.USBD_CtlSendStatus)
    USBD_DeInit                              0x2000421b   Thumb Code    38  usbd_core.o(i.USBD_DeInit)
    USBD_FS_ConfigStrDescriptor              0x20004241   Thumb Code    16  usbd_desc.o(i.USBD_FS_ConfigStrDescriptor)
    USBD_FS_DeviceDescriptor                 0x20004261   Thumb Code     8  usbd_desc.o(i.USBD_FS_DeviceDescriptor)
    USBD_FS_InterfaceStrDescriptor           0x2000426d   Thumb Code    16  usbd_desc.o(i.USBD_FS_InterfaceStrDescriptor)
    USBD_FS_LangIDStrDescriptor              0x20004291   Thumb Code     8  usbd_desc.o(i.USBD_FS_LangIDStrDescriptor)
    USBD_FS_ManufacturerStrDescriptor        0x2000429d   Thumb Code    16  usbd_desc.o(i.USBD_FS_ManufacturerStrDescriptor)
    USBD_FS_ProductStrDescriptor             0x200042c5   Thumb Code    16  usbd_desc.o(i.USBD_FS_ProductStrDescriptor)
    USBD_FS_SerialStrDescriptor              0x200042ed   Thumb Code    16  usbd_desc.o(i.USBD_FS_SerialStrDescriptor)
    USBD_GetString                           0x20004311   Thumb Code   100  usbd_ctlreq.o(i.USBD_GetString)
    USBD_Init                                0x20004375   Thumb Code    64  usbd_core.o(i.USBD_Init)
    USBD_LL_ClearStallEP                     0x200043d9   Thumb Code    32  usbd_conf.o(i.USBD_LL_ClearStallEP)
    USBD_LL_CloseEP                          0x200043f9   Thumb Code    32  usbd_conf.o(i.USBD_LL_CloseEP)
    USBD_LL_DataInStage                      0x20004419   Thumb Code   176  usbd_core.o(i.USBD_LL_DataInStage)
    USBD_LL_DataOutStage                     0x200044c9   Thumb Code   106  usbd_core.o(i.USBD_LL_DataOutStage)
    USBD_LL_DeInit                           0x20004533   Thumb Code    32  usbd_conf.o(i.USBD_LL_DeInit)
    USBD_LL_DevConnected                     0x20004553   Thumb Code     4  usbd_core.o(i.USBD_LL_DevConnected)
    USBD_LL_DevDisconnected                  0x20004557   Thumb Code    22  usbd_core.o(i.USBD_LL_DevDisconnected)
    USBD_LL_FlushEP                          0x2000456d   Thumb Code    32  usbd_conf.o(i.USBD_LL_FlushEP)
    USBD_LL_GetRxDataSize                    0x2000458d   Thumb Code     8  usbd_conf.o(i.USBD_LL_GetRxDataSize)
    USBD_LL_Init                             0x20004595   Thumb Code   102  usbd_conf.o(i.USBD_LL_Init)
    USBD_LL_IsStallEP                        0x20004615   Thumb Code    32  usbd_conf.o(i.USBD_LL_IsStallEP)
    USBD_LL_IsoINIncomplete                  0x20004635   Thumb Code     4  usbd_core.o(i.USBD_LL_IsoINIncomplete)
    USBD_LL_IsoOUTIncomplete                 0x20004639   Thumb Code     4  usbd_core.o(i.USBD_LL_IsoOUTIncomplete)
    USBD_LL_OpenEP                           0x2000463d   Thumb Code    38  usbd_conf.o(i.USBD_LL_OpenEP)
    USBD_LL_PrepareReceive                   0x20004663   Thumb Code    32  usbd_conf.o(i.USBD_LL_PrepareReceive)
    USBD_LL_Reset                            0x20004683   Thumb Code    62  usbd_core.o(i.USBD_LL_Reset)
    USBD_LL_Resume                           0x200046c1   Thumb Code    12  usbd_core.o(i.USBD_LL_Resume)
    USBD_LL_SOF                              0x200046cd   Thumb Code    26  usbd_core.o(i.USBD_LL_SOF)
    USBD_LL_SetSpeed                         0x200046e7   Thumb Code     6  usbd_core.o(i.USBD_LL_SetSpeed)
    USBD_LL_SetUSBAddress                    0x200046ed   Thumb Code    32  usbd_conf.o(i.USBD_LL_SetUSBAddress)
    USBD_LL_SetupStage                       0x2000470d   Thumb Code    94  usbd_core.o(i.USBD_LL_SetupStage)
    USBD_LL_StallEP                          0x2000476b   Thumb Code    32  usbd_conf.o(i.USBD_LL_StallEP)
    USBD_LL_Start                            0x2000478b   Thumb Code    32  usbd_conf.o(i.USBD_LL_Start)
    USBD_LL_Stop                             0x200047ab   Thumb Code    32  usbd_conf.o(i.USBD_LL_Stop)
    USBD_LL_Suspend                          0x200047cb   Thumb Code    18  usbd_core.o(i.USBD_LL_Suspend)
    USBD_LL_Transmit                         0x200047dd   Thumb Code    32  usbd_conf.o(i.USBD_LL_Transmit)
    USBD_MSC_DataIn                          0x200047fd   Thumb Code    10  usbd_msc.o(i.USBD_MSC_DataIn)
    USBD_MSC_DataOut                         0x20004807   Thumb Code    10  usbd_msc.o(i.USBD_MSC_DataOut)
    USBD_MSC_DeInit                          0x20004811   Thumb Code    44  usbd_msc.o(i.USBD_MSC_DeInit)
    USBD_MSC_GetDeviceQualifierDescriptor    0x2000483d   Thumb Code     8  usbd_msc.o(i.USBD_MSC_GetDeviceQualifierDescriptor)
    USBD_MSC_GetFSCfgDesc                    0x20004849   Thumb Code     8  usbd_msc.o(i.USBD_MSC_GetFSCfgDesc)
    USBD_MSC_GetHSCfgDesc                    0x20004855   Thumb Code     8  usbd_msc.o(i.USBD_MSC_GetHSCfgDesc)
    USBD_MSC_GetOtherSpeedCfgDesc            0x20004861   Thumb Code     8  usbd_msc.o(i.USBD_MSC_GetOtherSpeedCfgDesc)
    USBD_MSC_Init                            0x2000486d   Thumb Code    92  usbd_msc.o(i.USBD_MSC_Init)
    USBD_MSC_RegisterStorage                 0x200048c9   Thumb Code    12  usbd_msc.o(i.USBD_MSC_RegisterStorage)
    USBD_MSC_Setup                           0x200048d5   Thumb Code   246  usbd_msc.o(i.USBD_MSC_Setup)
    USBD_ParseSetupRequest                   0x200049cb   Thumb Code    40  usbd_ctlreq.o(i.USBD_ParseSetupRequest)
    USBD_RegisterClass                       0x200049f5   Thumb Code    38  usbd_core.o(i.USBD_RegisterClass)
    USBD_SetClassConfig                      0x20004a41   Thumb Code    24  usbd_core.o(i.USBD_SetClassConfig)
    USBD_Start                               0x20004a59   Thumb Code    10  usbd_core.o(i.USBD_Start)
    USBD_StdDevReq                           0x20004a65   Thumb Code   652  usbd_ctlreq.o(i.USBD_StdDevReq)
    USBD_StdEPReq                            0x20004cf5   Thumb Code   266  usbd_ctlreq.o(i.USBD_StdEPReq)
    USBD_StdItfReq                           0x20004dff   Thumb Code    64  usbd_ctlreq.o(i.USBD_StdItfReq)
    USBD_Stop                                0x20004e3f   Thumb Code    26  usbd_core.o(i.USBD_Stop)
    USB_ActivateEndpoint                     0x20004e59   Thumb Code   140  stm32f4xx_ll_usb.o(i.USB_ActivateEndpoint)
    USB_ActivateSetup                        0x20004ee9   Thumb Code    52  stm32f4xx_ll_usb.o(i.USB_ActivateSetup)
    USB_CoreInit                             0x20004f1d   Thumb Code   206  stm32f4xx_ll_usb.o(i.USB_CoreInit)
    USB_DeactivateEndpoint                   0x20004ff1   Thumb Code   200  stm32f4xx_ll_usb.o(i.USB_DeactivateEndpoint)
    USB_DevConnect                           0x200050bd   Thumb Code    24  stm32f4xx_ll_usb.o(i.USB_DevConnect)
    USB_DevDisconnect                        0x200050d5   Thumb Code    24  stm32f4xx_ll_usb.o(i.USB_DevDisconnect)
    USB_DevInit                              0x200050ed   Thumb Code   330  stm32f4xx_ll_usb.o(i.USB_DevInit)
    USB_DisableGlobalInt                     0x20005245   Thumb Code    12  stm32f4xx_ll_usb.o(i.USB_DisableGlobalInt)
    USB_EP0StartXfer                         0x20005251   Thumb Code   338  stm32f4xx_ll_usb.o(i.USB_EP0StartXfer)
    USB_EP0_OutStart                         0x200053a3   Thumb Code    62  stm32f4xx_ll_usb.o(i.USB_EP0_OutStart)
    USB_EPClearStall                         0x200053e1   Thumb Code   102  stm32f4xx_ll_usb.o(i.USB_EPClearStall)
    USB_EPSetStall                           0x20005447   Thumb Code   100  stm32f4xx_ll_usb.o(i.USB_EPSetStall)
    USB_EPStartXfer                          0x200054ab   Thumb Code   606  stm32f4xx_ll_usb.o(i.USB_EPStartXfer)
    USB_EnableGlobalInt                      0x20005709   Thumb Code    12  stm32f4xx_ll_usb.o(i.USB_EnableGlobalInt)
    USB_FlushRxFifo                          0x20005715   Thumb Code    30  stm32f4xx_ll_usb.o(i.USB_FlushRxFifo)
    USB_FlushTxFifo                          0x20005739   Thumb Code    34  stm32f4xx_ll_usb.o(i.USB_FlushTxFifo)
    USB_GetDevSpeed                          0x20005761   Thumb Code    58  stm32f4xx_ll_usb.o(i.USB_GetDevSpeed)
    USB_GetMode                              0x2000579b   Thumb Code     8  stm32f4xx_ll_usb.o(i.USB_GetMode)
    USB_ReadDevAllInEpInterrupt              0x200057a3   Thumb Code    14  stm32f4xx_ll_usb.o(i.USB_ReadDevAllInEpInterrupt)
    USB_ReadDevAllOutEpInterrupt             0x200057b1   Thumb Code    14  stm32f4xx_ll_usb.o(i.USB_ReadDevAllOutEpInterrupt)
    USB_ReadDevInEPInterrupt                 0x200057bf   Thumb Code    30  stm32f4xx_ll_usb.o(i.USB_ReadDevInEPInterrupt)
    USB_ReadDevOutEPInterrupt                0x200057dd   Thumb Code    16  stm32f4xx_ll_usb.o(i.USB_ReadDevOutEPInterrupt)
    USB_ReadInterrupts                       0x200057ed   Thumb Code     8  stm32f4xx_ll_usb.o(i.USB_ReadInterrupts)
    USB_ReadPacket                           0x200057f5   Thumb Code    34  stm32f4xx_ll_usb.o(i.USB_ReadPacket)
    USB_SetCurrentMode                       0x20005817   Thumb Code    46  stm32f4xx_ll_usb.o(i.USB_SetCurrentMode)
    USB_SetDevAddress                        0x20005845   Thumb Code    34  stm32f4xx_ll_usb.o(i.USB_SetDevAddress)
    USB_StopDevice                           0x20005869   Thumb Code    76  stm32f4xx_ll_usb.o(i.USB_StopDevice)
    USB_WritePacket                          0x200058b9   Thumb Code    46  stm32f4xx_ll_usb.o(i.USB_WritePacket)
    _Error_Handler                           0x20005a25   Thumb Code    22  main.o(i._Error_Handler)
    __0printf$8                              0x20005a55   Thumb Code    22  printf8.o(i.__0printf$8)
    __1printf$8                              0x20005a55   Thumb Code     0  printf8.o(i.__0printf$8)
    __2printf                                0x20005a55   Thumb Code     0  printf8.o(i.__0printf$8)
    __scatterload_copy                       0x20005a75   Thumb Code    14  handlers.o(i.__scatterload_copy)
    __scatterload_null                       0x20005a83   Thumb Code     2  handlers.o(i.__scatterload_null)
    __scatterload_zeroinit                   0x20005a85   Thumb Code    14  handlers.o(i.__scatterload_zeroinit)
    flash_id_to_entry                        0x20005ef9   Thumb Code    38  flashchips.o(i.flash_id_to_entry)
    fputc                                    0x20005f25   Thumb Code    92  retarget_io.o(i.fputc)
    free                                     0x20005f91   Thumb Code    76  malloc.o(i.free)
    main                                     0x2000603d   Thumb Code   588  main.o(i.main)
    malloc                                   0x200062bd   Thumb Code    92  malloc.o(i.malloc)
    set_spi_speed                            0x20006329   Thumb Code   140  main.o(i.set_spi_speed)
    spi_chip_read                            0x200063bd   Thumb Code   158  chip_drv.o(i.spi_chip_read)
    spi_chip_write_1                         0x20006465   Thumb Code   296  chip_drv.o(i.spi_chip_write_1)
    spi_chip_write_256                       0x200065c1   Thumb Code   246  chip_drv.o(i.spi_chip_write_256)
    spi_chip_write_af                        0x200066c5   Thumb Code   444  chip_drv.o(i.spi_chip_write_af)
    spi_disable_blockprotect                 0x200068ad   Thumb Code    12  chip_drv.o(i.spi_disable_blockprotect)
    spi_disable_blockprotect_at2x_global_unprotect 0x200068b9   Thumb Code    12  chip_drv.o(i.spi_disable_blockprotect_at2x_global_unprotect)
    spi_erase_bulk                           0x20006a8d   Thumb Code   220  chip_drv.o(i.spi_erase_bulk)
    spi_erase_bulk_sec                       0x20006bb1   Thumb Code   192  chip_drv.o(i.spi_erase_bulk_sec)
    MSC_Page00_Inquiry_Data                  0x20006cb0   Data           7  usbd_msc_data.o(.constdata)
    MSC_Mode_Sense6_data                     0x20006cb7   Data           8  usbd_msc_data.o(.constdata)
    MSC_Mode_Sense10_data                    0x20006cbf   Data           8  usbd_msc_data.o(.constdata)
    AHBPrescTable                            0x20006ccf   Data          16  system_stm32f4xx.o(.constdata)
    APBPrescTable                            0x20006cdf   Data           8  system_stm32f4xx.o(.constdata)
    STORAGE_Inquirydata_FS                   0x20006ce7   Data          36  usbd_storage_if.o(.constdata)
    BUTTON_IRQn                              0x20006d0c   Data           1  stm32f4_discovery.o(.constdata)
    BUTTON_PIN                               0x20006d0e   Data           2  stm32f4_discovery.o(.constdata)
    GPIO_PIN                                 0x20006d10   Data           8  stm32f4_discovery.o(.constdata)
    Driver_SPI2                              0x20006d8c   Data          44  spi_stm32f4xx.o(.constdata)
    flashchips                               0x20006db8   Data        5248  flashchips.o(.constdata)
    Region$$Table$$Base                      0x20008388   Number         0  anon$$obj.o(Region$$Table)
    Region$$Table$$Limit                     0x200083a8   Number         0  anon$$obj.o(Region$$Table)
    USBD_MSC                                 0x20010000   Data          56  usbd_msc.o(.data)
    USBD_MSC_CfgHSDesc                       0x20010038   Data          32  usbd_msc.o(.data)
    USBD_MSC_CfgFSDesc                       0x20010058   Data          32  usbd_msc.o(.data)
    USBD_MSC_OtherSpeedCfgDesc               0x20010078   Data          32  usbd_msc.o(.data)
    USBD_MSC_DeviceQualifierDesc             0x20010098   Data          10  usbd_msc.o(.data)
    uwTickFreq                               0x200100a4   Data           1  stm32f4xx_hal.o(.data)
    uwTickPrio                               0x200100a8   Data           4  stm32f4xx_hal.o(.data)
    uwTick                                   0x200100ac   Data           4  stm32f4xx_hal.o(.data)
    SystemCoreClock                          0x200100b0   Data           4  system_stm32f4xx.o(.data)
    FS_Desc                                  0x200100b4   Data          28  usbd_desc.o(.data)
    USBD_LangIDDesc                          0x200100d0   Data           4  usbd_desc.o(.data)
    USBD_FS_DeviceDesc                       0x200100d4   Data          18  usbd_desc.o(.data)
    USBD_Storage_Interface_fops_FS           0x200100e8   Data          32  usbd_storage_if.o(.data)
    complet                                  0x20010108   Data           1  main.o(.data)
    error                                    0x20010109   Data           1  main.o(.data)
    CRCValue_actual                          0x2001010c   Data           4  main.o(.data)
    CRCValue_nominal                         0x20010110   Data           4  main.o(.data)
    blink                                    0x20010114   Data           4  main.o(.data)
    spi_spd                                  0x20010118   Data          24  main.o(.data)
    flash_eraset                             0x20010130   Data           1  usbd_storage.o(.data)
    mod                                      0x20010131   Data           1  usbd_storage.o(.data)
    Wr_Protect                               0x20010132   Data           1  usbd_storage.o(.data)
    modulo                                   0x20010134   Data           2  usbd_storage.o(.data)
    file_size                                0x20010138   Data           4  usbd_storage.o(.data)
    boot_sec                                 0x2001013c   Data          70  usbd_storage.o(.data)
    Label_disk                               0x20010182   Data          32  usbd_storage.o(.data)
    BUTTON_PORT                              0x200101a4   Data           4  stm32f4_discovery.o(.data)
    I2cxTimeout                              0x200101a8   Data           4  stm32f4_discovery.o(.data)
    SpixTimeout                              0x200101ac   Data           4  stm32f4_discovery.o(.data)
    GPIO_PORT                                0x200101b0   Data          16  stm32f4_discovery.o(.data)
    flschip                                  0x200101f4   Data           4  chip_drv.o(.data)
    jdc_id_                                  0x200101f8   Data           4  chip_drv.o(.data)
    FlashInfo                                0x20010200   Data          24  chip_drv.o(.data)
    __stdout                                 0x20010218   Data           4  stdout.o(.data)
    __stderr                                 0x2001021c   Data           4  stderr.o(.data)
    __microlib_freelist                      0x20010220   Data           4  mvars.o(.data)
    __microlib_freelist_initialised          0x20010224   Data           4  mvars.o(.data)
    hUsbDeviceFS                             0x20010228   Data         548  usb_device.o(.bss)
    USBD_StrDesc                             0x2001044c   Data         512  usbd_desc.o(.bss)
    hpcd_USB_OTG_FS                          0x2001064c   Data        1008  usbd_conf.o(.bss)
    crc_buf                                  0x20010a3c   Data         256  main.o(.bss)
    FAT                                      0x20010b3c   Data       13312  usbd_storage.o(.bss)
    __heap_base                              0x20014028   Data           0  startup_stm32f407xx.o(HEAP)
    __heap_limit                             0x20016028   Data           0  startup_stm32f407xx.o(HEAP)
    __initial_sp                             0x20018028   Data           0  startup_stm32f407xx.o(STACK)



==============================================================================

Memory Map of the image

  Image Entry point : 0x20000189

  Load Region LR_IROM1 (Base: 0x20000000, Size: 0x000085d0, Max: 0x00010000, ABSOLUTE, COMPRESSED[0x000084d4])

    Execution Region ER_IROM1 (Exec base: 0x20000000, Load base: 0x20000000, Size: 0x000083a8, Max: 0x00010000, ABSOLUTE)

    Exec Addr    Load Addr    Size         Type   Attr      Idx    E Section Name        Object

    0x20000000   0x20000000   0x00000188   Data   RO            3    RESET               startup_stm32f407xx.o
    0x20000188   0x20000188   0x00000000   Code   RO         5132  * .ARM.Collect$$$$00000000  mc_w.l(entry.o)
    0x20000188   0x20000188   0x00000004   Code   RO         5441    .ARM.Collect$$$$00000001  mc_w.l(entry2.o)
    0x2000018c   0x2000018c   0x00000004   Code   RO         5444    .ARM.Collect$$$$00000004  mc_w.l(entry5.o)
    0x20000190   0x20000190   0x00000000   Code   RO         5446    .ARM.Collect$$$$00000008  mc_w.l(entry7b.o)
    0x20000190   0x20000190   0x00000000   Code   RO         5448    .ARM.Collect$$$$0000000A  mc_w.l(entry8b.o)
    0x20000190   0x20000190   0x00000008   Code   RO         5449    .ARM.Collect$$$$0000000B  mc_w.l(entry9a.o)
    0x20000198   0x20000198   0x00000000   Code   RO         5451    .ARM.Collect$$$$0000000D  mc_w.l(entry10a.o)
    0x20000198   0x20000198   0x00000000   Code   RO         5453    .ARM.Collect$$$$0000000F  mc_w.l(entry11a.o)
    0x20000198   0x20000198   0x00000004   Code   RO         5442    .ARM.Collect$$$$00002712  mc_w.l(entry2.o)
    0x2000019c   0x2000019c   0x00000024   Code   RO            4    .text               startup_stm32f407xx.o
    0x200001c0   0x200001c0   0x00000062   Code   RO         5142    .text               mc_w.l(uldiv.o)
    0x20000222   0x20000222   0x00000024   Code   RO         5144    .text               mc_w.l(memcpya.o)
    0x20000246   0x20000246   0x00000024   Code   RO         5146    .text               mc_w.l(memseta.o)
    0x2000026a   0x2000026a   0x0000001a   Code   RO         5148    .text               mc_w.l(memcmp.o)
    0x20000284   0x20000284   0x0000001e   Code   RO         5457    .text               mc_w.l(llshl.o)
    0x200002a2   0x200002a2   0x00000020   Code   RO         5459    .text               mc_w.l(llushr.o)
    0x200002c2   0x200002c2   0x00000002   PAD
    0x200002c4   0x200002c4   0x00000024   Code   RO         5474    .text               mc_w.l(init.o)
    0x200002e8   0x200002e8   0x00000056   Code   RO         5488    .text               mc_w.l(__dczerorl2.o)
    0x2000033e   0x2000033e   0x00000002   PAD
    0x20000340   0x20000340   0x00000068   Code   RO         4559    i.BSP_LED_Init      stm32f4_discovery.o
    0x200003a8   0x200003a8   0x0000001c   Code   RO         4560    i.BSP_LED_Off       stm32f4_discovery.o
    0x200003c4   0x200003c4   0x00000018   Code   RO         4562    i.BSP_LED_Toggle    stm32f4_discovery.o
    0x200003dc   0x200003dc   0x00000018   Code   RO         4563    i.BSP_PB_GetState   stm32f4_discovery.o
    0x200003f4   0x200003f4   0x0000008c   Code   RO         4564    i.BSP_PB_Init       stm32f4_discovery.o
    0x20000480   0x20000480   0x00000084   Code   RO         4847    i.CalcCRC32         chip_drv.o
    0x20000504   0x20000504   0x00000018   Code   RO         4677    i.DMA1_Stream3_IRQHandler  spi_stm32f4xx.o
    0x2000051c   0x2000051c   0x00000018   Code   RO         4678    i.DMA1_Stream4_IRQHandler  spi_stm32f4xx.o
    0x20000534   0x20000534   0x00000100   Code   RO         4679    i.Enable_GPIO_Clock  spi_stm32f4xx.o
    0x20000634   0x20000634   0x0000003c   Code   RO         4848    i.EraseChip         chip_drv.o
    0x20000670   0x20000670   0x000000a6   Code   RO         2958    i.HAL_DMA_Abort     stm32f4xx_hal_dma.o
    0x20000716   0x20000716   0x00000002   PAD
    0x20000718   0x20000718   0x00000084   Code   RO         2960    i.HAL_DMA_DeInit    stm32f4xx_hal_dma.o
    0x2000079c   0x2000079c   0x000001e0   Code   RO         2963    i.HAL_DMA_IRQHandler  stm32f4xx_hal_dma.o
    0x2000097c   0x2000097c   0x00000154   Code   RO         2964    i.HAL_DMA_Init      stm32f4xx_hal_dma.o
    0x20000ad0   0x20000ad0   0x000000aa   Code   RO         2968    i.HAL_DMA_Start_IT  stm32f4xx_hal_dma.o
    0x20000b7a   0x20000b7a   0x00000002   PAD
    0x20000b7c   0x20000b7c   0x00000028   Code   RO          649    i.HAL_Delay         stm32f4xx_hal.o
    0x20000ba4   0x20000ba4   0x00000158   Code   RO         2097    i.HAL_GPIO_DeInit   stm32f4xx_hal_gpio.o
    0x20000cfc   0x20000cfc   0x00000224   Code   RO         2100    i.HAL_GPIO_Init     stm32f4xx_hal_gpio.o
    0x20000f20   0x20000f20   0x0000000a   Code   RO         2102    i.HAL_GPIO_ReadPin  stm32f4xx_hal_gpio.o
    0x20000f2a   0x20000f2a   0x00000008   Code   RO         2103    i.HAL_GPIO_TogglePin  stm32f4xx_hal_gpio.o
    0x20000f32   0x20000f32   0x0000000a   Code   RO         2104    i.HAL_GPIO_WritePin  stm32f4xx_hal_gpio.o
    0x20000f3c   0x20000f3c   0x0000000c   Code   RO          655    i.HAL_GetTick       stm32f4xx_hal.o
    0x20000f48   0x20000f48   0x00000010   Code   RO          659    i.HAL_IncTick       stm32f4xx_hal.o
    0x20000f58   0x20000f58   0x00000034   Code   RO          660    i.HAL_Init          stm32f4xx_hal.o
    0x20000f8c   0x20000f8c   0x00000040   Code   RO          661    i.HAL_InitTick      stm32f4xx_hal.o
    0x20000fcc   0x20000fcc   0x00000058   Code   RO         4047    i.HAL_MspInit       stm32f4xx_hal_msp.o
    0x20001024   0x20001024   0x00000018   Code   RO          944    i.HAL_NVIC_ClearPendingIRQ  stm32f4xx_hal_cortex.o
    0x2000103c   0x2000103c   0x00000018   Code   RO          945    i.HAL_NVIC_DisableIRQ  stm32f4xx_hal_cortex.o
    0x20001054   0x20001054   0x00000018   Code   RO          946    i.HAL_NVIC_EnableIRQ  stm32f4xx_hal_cortex.o
    0x2000106c   0x2000106c   0x00000064   Code   RO          952    i.HAL_NVIC_SetPriority  stm32f4xx_hal_cortex.o
    0x200010d0   0x200010d0   0x00000024   Code   RO          953    i.HAL_NVIC_SetPriorityGrouping  stm32f4xx_hal_cortex.o
    0x200010f4   0x200010f4   0x00000008   Code   RO         2822    i.HAL_PCDEx_SetRxFiFo  stm32f4xx_hal_pcd_ex.o
    0x200010fc   0x200010fc   0x0000004e   Code   RO         2823    i.HAL_PCDEx_SetTxFiFo  stm32f4xx_hal_pcd_ex.o
    0x2000114a   0x2000114a   0x00000008   Code   RO         4087    i.HAL_PCD_ConnectCallback  usbd_conf.o
    0x20001152   0x20001152   0x00000012   Code   RO         4088    i.HAL_PCD_DataInStageCallback  usbd_conf.o
    0x20001164   0x20001164   0x00000014   Code   RO         4089    i.HAL_PCD_DataOutStageCallback  usbd_conf.o
    0x20001178   0x20001178   0x00000046   Code   RO         1583    i.HAL_PCD_DeInit    stm32f4xx_hal_pcd.o
    0x200011be   0x200011be   0x00000008   Code   RO         4090    i.HAL_PCD_DisconnectCallback  usbd_conf.o
    0x200011c6   0x200011c6   0x00000044   Code   RO         1587    i.HAL_PCD_EP_Close  stm32f4xx_hal_pcd.o
    0x2000120a   0x2000120a   0x0000004e   Code   RO         1588    i.HAL_PCD_EP_ClrStall  stm32f4xx_hal_pcd.o
    0x20001258   0x20001258   0x00000036   Code   RO         1589    i.HAL_PCD_EP_Flush  stm32f4xx_hal_pcd.o
    0x2000128e   0x2000128e   0x00000014   Code   RO         1590    i.HAL_PCD_EP_GetRxCount  stm32f4xx_hal_pcd.o
    0x200012a2   0x200012a2   0x00000058   Code   RO         1591    i.HAL_PCD_EP_Open   stm32f4xx_hal_pcd.o
    0x200012fa   0x200012fa   0x0000004a   Code   RO         1592    i.HAL_PCD_EP_Receive  stm32f4xx_hal_pcd.o
    0x20001344   0x20001344   0x0000005e   Code   RO         1593    i.HAL_PCD_EP_SetStall  stm32f4xx_hal_pcd.o
    0x200013a2   0x200013a2   0x00000042   Code   RO         1594    i.HAL_PCD_EP_Transmit  stm32f4xx_hal_pcd.o
    0x200013e4   0x200013e4   0x000005e4   Code   RO         1596    i.HAL_PCD_IRQHandler  stm32f4xx_hal_pcd.o
    0x200019c8   0x200019c8   0x00000008   Code   RO         4091    i.HAL_PCD_ISOINIncompleteCallback  usbd_conf.o
    0x200019d0   0x200019d0   0x00000008   Code   RO         4092    i.HAL_PCD_ISOOUTIncompleteCallback  usbd_conf.o
    0x200019d8   0x200019d8   0x000000d6   Code   RO         1599    i.HAL_PCD_Init      stm32f4xx_hal_pcd.o
    0x20001aae   0x20001aae   0x00000002   PAD
    0x20001ab0   0x20001ab0   0x00000034   Code   RO         4093    i.HAL_PCD_MspDeInit  usbd_conf.o
    0x20001ae4   0x20001ae4   0x00000084   Code   RO         4094    i.HAL_PCD_MspInit   usbd_conf.o
    0x20001b68   0x20001b68   0x00000022   Code   RO         4095    i.HAL_PCD_ResetCallback  usbd_conf.o
    0x20001b8a   0x20001b8a   0x00000008   Code   RO         4096    i.HAL_PCD_ResumeCallback  usbd_conf.o
    0x20001b92   0x20001b92   0x00000008   Code   RO         4097    i.HAL_PCD_SOFCallback  usbd_conf.o
    0x20001b9a   0x20001b9a   0x00000024   Code   RO         1605    i.HAL_PCD_SetAddress  stm32f4xx_hal_pcd.o
    0x20001bbe   0x20001bbe   0x0000000e   Code   RO         4098    i.HAL_PCD_SetupStageCallback  usbd_conf.o
    0x20001bcc   0x20001bcc   0x0000002a   Code   RO         1607    i.HAL_PCD_Start     stm32f4xx_hal_pcd.o
    0x20001bf6   0x20001bf6   0x00000030   Code   RO         1608    i.HAL_PCD_Stop      stm32f4xx_hal_pcd.o
    0x20001c26   0x20001c26   0x00000002   PAD
    0x20001c28   0x20001c28   0x00000034   Code   RO         4099    i.HAL_PCD_SuspendCallback  usbd_conf.o
    0x20001c5c   0x20001c5c   0x00000160   Code   RO         1134    i.HAL_RCC_ClockConfig  stm32f4xx_hal_rcc.o
    0x20001dbc   0x20001dbc   0x0000000c   Code   RO         1139    i.HAL_RCC_GetHCLKFreq  stm32f4xx_hal_rcc.o
    0x20001dc8   0x20001dc8   0x00000020   Code   RO         1141    i.HAL_RCC_GetPCLK1Freq  stm32f4xx_hal_rcc.o
    0x20001de8   0x20001de8   0x00000074   Code   RO         1143    i.HAL_RCC_GetSysClockFreq  stm32f4xx_hal_rcc.o
    0x20001e5c   0x20001e5c   0x000003bc   Code   RO         1146    i.HAL_RCC_OscConfig  stm32f4xx_hal_rcc.o
    0x20002218   0x20002218   0x00000016   Code   RO          955    i.HAL_SYSTICK_CLKSourceConfig  stm32f4xx_hal_cortex.o
    0x2000222e   0x2000222e   0x00000002   Code   RO          956    i.HAL_SYSTICK_Callback  stm32f4xx_hal_cortex.o
    0x20002230   0x20002230   0x0000002c   Code   RO          957    i.HAL_SYSTICK_Config  stm32f4xx_hal_cortex.o
    0x2000225c   0x2000225c   0x00000008   Code   RO          958    i.HAL_SYSTICK_IRQHandler  stm32f4xx_hal_cortex.o
    0x20002264   0x20002264   0x0000003c   Code   RO         4854    i.Initialize        chip_drv.o
    0x200022a0   0x200022a0   0x0000002e   Code   RO          394    i.MSC_BOT_CplClrFeature  usbd_msc_bot.o
    0x200022ce   0x200022ce   0x00000040   Code   RO          395    i.MSC_BOT_DataIn    usbd_msc_bot.o
    0x2000230e   0x2000230e   0x00000002   PAD
    0x20002310   0x20002310   0x00000154   Code   RO          396    i.MSC_BOT_DataOut   usbd_msc_bot.o
    0x20002464   0x20002464   0x0000000a   Code   RO          397    i.MSC_BOT_DeInit    usbd_msc_bot.o
    0x2000246e   0x2000246e   0x00000042   Code   RO          398    i.MSC_BOT_Init      usbd_msc_bot.o
    0x200024b0   0x200024b0   0x00000018   Code   RO          399    i.MSC_BOT_Reset     usbd_msc_bot.o
    0x200024c8   0x200024c8   0x0000003c   Code   RO          400    i.MSC_BOT_SendCSW   usbd_msc_bot.o
    0x20002504   0x20002504   0x00000018   Code   RO         3883    i.MX_USB_DEVICE_DeInit  usb_device.o
    0x2000251c   0x2000251c   0x00000038   Code   RO         3884    i.MX_USB_DEVICE_Init  usb_device.o
    0x20002554   0x20002554   0x0000000c   Code   RO         3931    i.OTG_FS_IRQHandler  stm32f4xx_it.o
    0x20002560   0x20002560   0x00000210   Code   RO         4855    i.PowerControl      chip_drv.o
    0x20002770   0x20002770   0x00000084   Code   RO         4436    i.Prepare_FAT       usbd_storage.o
    0x200027f4   0x200027f4   0x00000088   Code   RO         4856    i.ProgramData       chip_drv.o
    0x2000287c   0x2000287c   0x00000010   Code   RO         4857    i.ReadData          chip_drv.o
    0x2000288c   0x2000288c   0x00000050   Code   RO         4861    i.ReadStatusReg     chip_drv.o
    0x200028dc   0x200028dc   0x0000055c   Code   RO          604    i.SCSI_ProcessCmd   usbd_msc_scsi.o
    0x20002e38   0x20002e38   0x00000036   Code   RO          605    i.SCSI_SenseCode    usbd_msc_scsi.o
    0x20002e6e   0x20002e6e   0x00000002   PAD
    0x20002e70   0x20002e70   0x0000000c   Code   RO         4680    i.SPI2_Control      spi_stm32f4xx.o
    0x20002e7c   0x20002e7c   0x0000000c   Code   RO         4681    i.SPI2_GetDataCount  spi_stm32f4xx.o
    0x20002e88   0x20002e88   0x00000050   Code   RO         4682    i.SPI2_GetStatus    spi_stm32f4xx.o
    0x20002ed8   0x20002ed8   0x0000013c   Code   RO         4683    i.SPI2_IRQHandler   spi_stm32f4xx.o
    0x20003014   0x20003014   0x0000000c   Code   RO         4684    i.SPI2_Initialize   spi_stm32f4xx.o
    0x20003020   0x20003020   0x0000000c   Code   RO         4685    i.SPI2_PowerControl  spi_stm32f4xx.o
    0x2000302c   0x2000302c   0x00000038   Code   RO         4686    i.SPI2_RX_DMA_Complete  spi_stm32f4xx.o
    0x20003064   0x20003064   0x00000144   Code   RO         4687    i.SPI2_Receive      spi_stm32f4xx.o
    0x200031a8   0x200031a8   0x00000144   Code   RO         4688    i.SPI2_Send         spi_stm32f4xx.o
    0x200032ec   0x200032ec   0x00000020   Code   RO         4689    i.SPI2_TX_DMA_Complete  spi_stm32f4xx.o
    0x2000330c   0x2000330c   0x00000148   Code   RO         4690    i.SPI2_Transfer     spi_stm32f4xx.o
    0x20003454   0x20003454   0x00000054   Code   RO         4691    i.SPI2_Uninitialize  spi_stm32f4xx.o
    0x200034a8   0x200034a8   0x0000000c   Code   RO         4692    i.SPIX_GetCapabilities  spi_stm32f4xx.o
    0x200034b4   0x200034b4   0x0000000c   Code   RO         4693    i.SPIX_GetVersion   spi_stm32f4xx.o
    0x200034c0   0x200034c0   0x000003c4   Code   RO         4694    i.SPI_Control       spi_stm32f4xx.o
    0x20003884   0x20003884   0x000001e4   Code   RO         4695    i.SPI_Initialize    spi_stm32f4xx.o
    0x20003a68   0x20003a68   0x00000080   Code   RO         4696    i.SPI_PeripheralReset  spi_stm32f4xx.o
    0x20003ae8   0x20003ae8   0x00000204   Code   RO         4697    i.SPI_PowerControl  spi_stm32f4xx.o
    0x20003cec   0x20003cec   0x00000048   Code   RO         4698    i.SPI_TxData        spi_stm32f4xx.o
    0x20003d34   0x20003d34   0x00000028   Code   RO         4437    i.STORAGE_GetCapacity  usbd_storage.o
    0x20003d5c   0x20003d5c   0x0000000a   Code   RO         4280    i.STORAGE_GetCapacity_FS  usbd_storage_if.o
    0x20003d66   0x20003d66   0x00000004   Code   RO         4438    i.STORAGE_GetMaxLun  usbd_storage.o
    0x20003d6a   0x20003d6a   0x00000004   Code   RO         4281    i.STORAGE_GetMaxLun_FS  usbd_storage_if.o
    0x20003d6e   0x20003d6e   0x0000000a   Code   RO         4439    i.STORAGE_Init      usbd_storage.o
    0x20003d78   0x20003d78   0x0000000a   Code   RO         4282    i.STORAGE_Init_FS   usbd_storage_if.o
    0x20003d82   0x20003d82   0x0000000a   Code   RO         4440    i.STORAGE_IsReady   usbd_storage.o
    0x20003d8c   0x20003d8c   0x0000000a   Code   RO         4283    i.STORAGE_IsReady_FS  usbd_storage_if.o
    0x20003d96   0x20003d96   0x00000002   PAD
    0x20003d98   0x20003d98   0x00000014   Code   RO         4441    i.STORAGE_IsWriteProtected  usbd_storage.o
    0x20003dac   0x20003dac   0x00000004   Code   RO         4284    i.STORAGE_IsWriteProtected_FS  usbd_storage_if.o
    0x20003db0   0x20003db0   0x00000090   Code   RO         4442    i.STORAGE_Read      usbd_storage.o
    0x20003e40   0x20003e40   0x0000000e   Code   RO         4285    i.STORAGE_Read_FS   usbd_storage_if.o
    0x20003e4e   0x20003e4e   0x00000002   PAD
    0x20003e50   0x20003e50   0x0000017c   Code   RO         4443    i.STORAGE_Write     usbd_storage.o
    0x20003fcc   0x20003fcc   0x0000000e   Code   RO         4286    i.STORAGE_Write_FS  usbd_storage_if.o
    0x20003fda   0x20003fda   0x00000002   PAD
    0x20003fdc   0x20003fdc   0x00000074   Code   RO         4862    i.SetWriteEnable    chip_drv.o
    0x20004050   0x20004050   0x0000000e   Code   RO         3932    i.SysTick_Handler   stm32f4xx_it.o
    0x2000405e   0x2000405e   0x00000002   PAD
    0x20004060   0x20004060   0x000000d8   Code   RO         4350    i.SystemClock_Config  main.o
    0x20004138   0x20004138   0x00000058   Code   RO         3842    i.SystemInit        system_stm32f4xx.o
    0x20004190   0x20004190   0x0000000e   Code   RO          462    i.USBD_ClrClassConfig  usbd_core.o
    0x2000419e   0x2000419e   0x00000010   Code   RO          330    i.USBD_CtlContinueRx  usbd_ioreq.o
    0x200041ae   0x200041ae   0x00000010   Code   RO          331    i.USBD_CtlContinueSendData  usbd_ioreq.o
    0x200041be   0x200041be   0x00000016   Code   RO          271    i.USBD_CtlError     usbd_ctlreq.o
    0x200041d4   0x200041d4   0x00000016   Code   RO          333    i.USBD_CtlReceiveStatus  usbd_ioreq.o
    0x200041ea   0x200041ea   0x0000001a   Code   RO          334    i.USBD_CtlSendData  usbd_ioreq.o
    0x20004204   0x20004204   0x00000016   Code   RO          335    i.USBD_CtlSendStatus  usbd_ioreq.o
    0x2000421a   0x2000421a   0x00000026   Code   RO          463    i.USBD_DeInit       usbd_core.o
    0x20004240   0x20004240   0x00000020   Code   RO         3975    i.USBD_FS_ConfigStrDescriptor  usbd_desc.o
    0x20004260   0x20004260   0x0000000c   Code   RO         3976    i.USBD_FS_DeviceDescriptor  usbd_desc.o
    0x2000426c   0x2000426c   0x00000024   Code   RO         3977    i.USBD_FS_InterfaceStrDescriptor  usbd_desc.o
    0x20004290   0x20004290   0x0000000c   Code   RO         3978    i.USBD_FS_LangIDStrDescriptor  usbd_desc.o
    0x2000429c   0x2000429c   0x00000028   Code   RO         3979    i.USBD_FS_ManufacturerStrDescriptor  usbd_desc.o
    0x200042c4   0x200042c4   0x00000028   Code   RO         3980    i.USBD_FS_ProductStrDescriptor  usbd_desc.o
    0x200042ec   0x200042ec   0x00000024   Code   RO         3981    i.USBD_FS_SerialStrDescriptor  usbd_desc.o
    0x20004310   0x20004310   0x00000064   Code   RO          272    i.USBD_GetString    usbd_ctlreq.o
    0x20004374   0x20004374   0x00000064   Code   RO          464    i.USBD_Init         usbd_core.o
    0x200043d8   0x200043d8   0x00000020   Code   RO         4100    i.USBD_LL_ClearStallEP  usbd_conf.o
    0x200043f8   0x200043f8   0x00000020   Code   RO         4101    i.USBD_LL_CloseEP   usbd_conf.o
    0x20004418   0x20004418   0x000000b0   Code   RO          465    i.USBD_LL_DataInStage  usbd_core.o
    0x200044c8   0x200044c8   0x0000006a   Code   RO          466    i.USBD_LL_DataOutStage  usbd_core.o
    0x20004532   0x20004532   0x00000020   Code   RO         4102    i.USBD_LL_DeInit    usbd_conf.o
    0x20004552   0x20004552   0x00000004   Code   RO          467    i.USBD_LL_DevConnected  usbd_core.o
    0x20004556   0x20004556   0x00000016   Code   RO          468    i.USBD_LL_DevDisconnected  usbd_core.o
    0x2000456c   0x2000456c   0x00000020   Code   RO         4104    i.USBD_LL_FlushEP   usbd_conf.o
    0x2000458c   0x2000458c   0x00000008   Code   RO         4105    i.USBD_LL_GetRxDataSize  usbd_conf.o
    0x20004594   0x20004594   0x00000080   Code   RO         4106    i.USBD_LL_Init      usbd_conf.o
    0x20004614   0x20004614   0x00000020   Code   RO         4107    i.USBD_LL_IsStallEP  usbd_conf.o
    0x20004634   0x20004634   0x00000004   Code   RO          469    i.USBD_LL_IsoINIncomplete  usbd_core.o
    0x20004638   0x20004638   0x00000004   Code   RO          470    i.USBD_LL_IsoOUTIncomplete  usbd_core.o
    0x2000463c   0x2000463c   0x00000026   Code   RO         4108    i.USBD_LL_OpenEP    usbd_conf.o
    0x20004662   0x20004662   0x00000020   Code   RO         4109    i.USBD_LL_PrepareReceive  usbd_conf.o
    0x20004682   0x20004682   0x0000003e   Code   RO          471    i.USBD_LL_Reset     usbd_core.o
    0x200046c0   0x200046c0   0x0000000c   Code   RO          472    i.USBD_LL_Resume    usbd_core.o
    0x200046cc   0x200046cc   0x0000001a   Code   RO          473    i.USBD_LL_SOF       usbd_core.o
    0x200046e6   0x200046e6   0x00000006   Code   RO          474    i.USBD_LL_SetSpeed  usbd_core.o
    0x200046ec   0x200046ec   0x00000020   Code   RO         4110    i.USBD_LL_SetUSBAddress  usbd_conf.o
    0x2000470c   0x2000470c   0x0000005e   Code   RO          475    i.USBD_LL_SetupStage  usbd_core.o
    0x2000476a   0x2000476a   0x00000020   Code   RO         4111    i.USBD_LL_StallEP   usbd_conf.o
    0x2000478a   0x2000478a   0x00000020   Code   RO         4112    i.USBD_LL_Start     usbd_conf.o
    0x200047aa   0x200047aa   0x00000020   Code   RO         4113    i.USBD_LL_Stop      usbd_conf.o
    0x200047ca   0x200047ca   0x00000012   Code   RO          476    i.USBD_LL_Suspend   usbd_core.o
    0x200047dc   0x200047dc   0x00000020   Code   RO         4114    i.USBD_LL_Transmit  usbd_conf.o
    0x200047fc   0x200047fc   0x0000000a   Code   RO          163    i.USBD_MSC_DataIn   usbd_msc.o
    0x20004806   0x20004806   0x0000000a   Code   RO          164    i.USBD_MSC_DataOut  usbd_msc.o
    0x20004810   0x20004810   0x0000002c   Code   RO          165    i.USBD_MSC_DeInit   usbd_msc.o
    0x2000483c   0x2000483c   0x0000000c   Code   RO          166    i.USBD_MSC_GetDeviceQualifierDescriptor  usbd_msc.o
    0x20004848   0x20004848   0x0000000c   Code   RO          167    i.USBD_MSC_GetFSCfgDesc  usbd_msc.o
    0x20004854   0x20004854   0x0000000c   Code   RO          168    i.USBD_MSC_GetHSCfgDesc  usbd_msc.o
    0x20004860   0x20004860   0x0000000c   Code   RO          169    i.USBD_MSC_GetOtherSpeedCfgDesc  usbd_msc.o
    0x2000486c   0x2000486c   0x0000005c   Code   RO          170    i.USBD_MSC_Init     usbd_msc.o
    0x200048c8   0x200048c8   0x0000000c   Code   RO          171    i.USBD_MSC_RegisterStorage  usbd_msc.o
    0x200048d4   0x200048d4   0x000000f6   Code   RO          172    i.USBD_MSC_Setup    usbd_msc.o
    0x200049ca   0x200049ca   0x00000028   Code   RO          273    i.USBD_ParseSetupRequest  usbd_ctlreq.o
    0x200049f2   0x200049f2   0x00000002   PAD
    0x200049f4   0x200049f4   0x0000004c   Code   RO          477    i.USBD_RegisterClass  usbd_core.o
    0x20004a40   0x20004a40   0x00000018   Code   RO          479    i.USBD_SetClassConfig  usbd_core.o
    0x20004a58   0x20004a58   0x0000000a   Code   RO          480    i.USBD_Start        usbd_core.o
    0x20004a62   0x20004a62   0x00000002   PAD
    0x20004a64   0x20004a64   0x00000290   Code   RO          274    i.USBD_StdDevReq    usbd_ctlreq.o
    0x20004cf4   0x20004cf4   0x0000010a   Code   RO          275    i.USBD_StdEPReq     usbd_ctlreq.o
    0x20004dfe   0x20004dfe   0x00000040   Code   RO          276    i.USBD_StdItfReq    usbd_ctlreq.o
    0x20004e3e   0x20004e3e   0x0000001a   Code   RO          481    i.USBD_Stop         usbd_core.o
    0x20004e58   0x20004e58   0x00000090   Code   RO         1240    i.USB_ActivateEndpoint  stm32f4xx_ll_usb.o
    0x20004ee8   0x20004ee8   0x00000034   Code   RO         1241    i.USB_ActivateSetup  stm32f4xx_ll_usb.o
    0x20004f1c   0x20004f1c   0x000000d4   Code   RO         1243    i.USB_CoreInit      stm32f4xx_ll_usb.o
    0x20004ff0   0x20004ff0   0x000000cc   Code   RO         1245    i.USB_DeactivateEndpoint  stm32f4xx_ll_usb.o
    0x200050bc   0x200050bc   0x00000018   Code   RO         1246    i.USB_DevConnect    stm32f4xx_ll_usb.o
    0x200050d4   0x200050d4   0x00000018   Code   RO         1247    i.USB_DevDisconnect  stm32f4xx_ll_usb.o
    0x200050ec   0x200050ec   0x00000158   Code   RO         1248    i.USB_DevInit       stm32f4xx_ll_usb.o
    0x20005244   0x20005244   0x0000000c   Code   RO         1249    i.USB_DisableGlobalInt  stm32f4xx_ll_usb.o
    0x20005250   0x20005250   0x00000152   Code   RO         1252    i.USB_EP0StartXfer  stm32f4xx_ll_usb.o
    0x200053a2   0x200053a2   0x0000003e   Code   RO         1253    i.USB_EP0_OutStart  stm32f4xx_ll_usb.o
    0x200053e0   0x200053e0   0x00000066   Code   RO         1254    i.USB_EPClearStall  stm32f4xx_ll_usb.o
    0x20005446   0x20005446   0x00000064   Code   RO         1255    i.USB_EPSetStall    stm32f4xx_ll_usb.o
    0x200054aa   0x200054aa   0x0000025e   Code   RO         1256    i.USB_EPStartXfer   stm32f4xx_ll_usb.o
    0x20005708   0x20005708   0x0000000c   Code   RO         1257    i.USB_EnableGlobalInt  stm32f4xx_ll_usb.o
    0x20005714   0x20005714   0x00000024   Code   RO         1258    i.USB_FlushRxFifo   stm32f4xx_ll_usb.o
    0x20005738   0x20005738   0x00000028   Code   RO         1259    i.USB_FlushTxFifo   stm32f4xx_ll_usb.o
    0x20005760   0x20005760   0x0000003a   Code   RO         1261    i.USB_GetDevSpeed   stm32f4xx_ll_usb.o
    0x2000579a   0x2000579a   0x00000008   Code   RO         1263    i.USB_GetMode       stm32f4xx_ll_usb.o
    0x200057a2   0x200057a2   0x0000000e   Code   RO         1270    i.USB_ReadDevAllInEpInterrupt  stm32f4xx_ll_usb.o
    0x200057b0   0x200057b0   0x0000000e   Code   RO         1271    i.USB_ReadDevAllOutEpInterrupt  stm32f4xx_ll_usb.o
    0x200057be   0x200057be   0x0000001e   Code   RO         1272    i.USB_ReadDevInEPInterrupt  stm32f4xx_ll_usb.o
    0x200057dc   0x200057dc   0x00000010   Code   RO         1273    i.USB_ReadDevOutEPInterrupt  stm32f4xx_ll_usb.o
    0x200057ec   0x200057ec   0x00000008   Code   RO         1274    i.USB_ReadInterrupts  stm32f4xx_ll_usb.o
    0x200057f4   0x200057f4   0x00000022   Code   RO         1275    i.USB_ReadPacket    stm32f4xx_ll_usb.o
    0x20005816   0x20005816   0x0000002e   Code   RO         1277    i.USB_SetCurrentMode  stm32f4xx_ll_usb.o
    0x20005844   0x20005844   0x00000022   Code   RO         1278    i.USB_SetDevAddress  stm32f4xx_ll_usb.o
    0x20005866   0x20005866   0x00000002   PAD
    0x20005868   0x20005868   0x00000050   Code   RO         1280    i.USB_StopDevice    stm32f4xx_ll_usb.o
    0x200058b8   0x200058b8   0x0000002e   Code   RO         1282    i.USB_WritePacket   stm32f4xx_ll_usb.o
    0x200058e6   0x200058e6   0x00000002   PAD
    0x200058e8   0x200058e8   0x000000bc   Code   RO         4864    i.WriteStatusReg    chip_drv.o
    0x200059a4   0x200059a4   0x00000080   Code   RO         4445    i.Write_LL          usbd_storage.o
    0x20005a24   0x20005a24   0x00000030   Code   RO         4352    i._Error_Handler    main.o
    0x20005a54   0x20005a54   0x00000020   Code   RO         5359    i.__0printf$8       mc_w.l(printf8.o)
    0x20005a74   0x20005a74   0x0000000e   Code   RO         5482    i.__scatterload_copy  mc_w.l(handlers.o)
    0x20005a82   0x20005a82   0x00000002   Code   RO         5483    i.__scatterload_null  mc_w.l(handlers.o)
    0x20005a84   0x20005a84   0x0000000e   Code   RO         5484    i.__scatterload_zeroinit  mc_w.l(handlers.o)
    0x20005a92   0x20005a92   0x00000002   PAD
    0x20005a94   0x20005a94   0x00000410   Code   RO         5366    i._printf_core      mc_w.l(printf8.o)
    0x20005ea4   0x20005ea4   0x00000024   Code   RO         5367    i._printf_post_padding  mc_w.l(printf8.o)
    0x20005ec8   0x20005ec8   0x0000002e   Code   RO         5368    i._printf_pre_padding  mc_w.l(printf8.o)
    0x20005ef6   0x20005ef6   0x00000002   PAD
    0x20005ef8   0x20005ef8   0x0000002c   Code   RO         5043    i.flash_id_to_entry  flashchips.o
    0x20005f24   0x20005f24   0x0000006c   Code   RO         5074    i.fputc             retarget_io.o
    0x20005f90   0x20005f90   0x00000050   Code   RO         5413    i.free              mc_w.l(malloc.o)
    0x20005fe0   0x20005fe0   0x0000005c   Code   RO         4866    i.isErased          chip_drv.o
    0x2000603c   0x2000603c   0x00000280   Code   RO         4353    i.main              main.o
    0x200062bc   0x200062bc   0x0000006c   Code   RO         5414    i.malloc            mc_w.l(malloc.o)
    0x20006328   0x20006328   0x00000094   Code   RO         4354    i.set_spi_speed     main.o
    0x200063bc   0x200063bc   0x000000a8   Code   RO         4867    i.spi_chip_read     chip_drv.o
    0x20006464   0x20006464   0x0000015c   Code   RO         4868    i.spi_chip_write_1  chip_drv.o
    0x200065c0   0x200065c0   0x00000104   Code   RO         4869    i.spi_chip_write_256  chip_drv.o
    0x200066c4   0x200066c4   0x000001e8   Code   RO         4871    i.spi_chip_write_af  chip_drv.o
    0x200068ac   0x200068ac   0x0000000c   Code   RO         4872    i.spi_disable_blockprotect  chip_drv.o
    0x200068b8   0x200068b8   0x0000000c   Code   RO         4873    i.spi_disable_blockprotect_at2x_global_unprotect  chip_drv.o
    0x200068c4   0x200068c4   0x000001c8   Code   RO         4874    i.spi_disable_blockprotect_generic  chip_drv.o
    0x20006a8c   0x20006a8c   0x00000124   Code   RO         4875    i.spi_erase_bulk    chip_drv.o
    0x20006bb0   0x20006bb0   0x00000100   Code   RO         4876    i.spi_erase_bulk_sec  chip_drv.o
    0x20006cb0   0x20006cb0   0x00000007   Data   RO           13    .constdata          usbd_msc_data.o
    0x20006cb7   0x20006cb7   0x00000008   Data   RO           14    .constdata          usbd_msc_data.o
    0x20006cbf   0x20006cbf   0x00000008   Data   RO           15    .constdata          usbd_msc_data.o
    0x20006cc7   0x20006cc7   0x00000008   Data   RO         2970    .constdata          stm32f4xx_hal_dma.o
    0x20006ccf   0x20006ccf   0x00000010   Data   RO         3843    .constdata          system_stm32f4xx.o
    0x20006cdf   0x20006cdf   0x00000008   Data   RO         3844    .constdata          system_stm32f4xx.o
    0x20006ce7   0x20006ce7   0x00000024   Data   RO         4287    .constdata          usbd_storage_if.o
    0x20006d0b   0x20006d0b   0x00000001   PAD
    0x20006d0c   0x20006d0c   0x0000000c   Data   RO         4568    .constdata          stm32f4_discovery.o
    0x20006d18   0x20006d18   0x00000034   Data   RO         4702    .constdata          spi_stm32f4xx.o
    0x20006d4c   0x20006d4c   0x00000010   Data   RO         4703    .constdata          spi_stm32f4xx.o
    0x20006d5c   0x20006d5c   0x00000010   Data   RO         4704    .constdata          spi_stm32f4xx.o
    0x20006d6c   0x20006d6c   0x00000010   Data   RO         4705    .constdata          spi_stm32f4xx.o
    0x20006d7c   0x20006d7c   0x00000010   Data   RO         4706    .constdata          spi_stm32f4xx.o
    0x20006d8c   0x20006d8c   0x0000002c   Data   RO         4707    .constdata          spi_stm32f4xx.o
    0x20006db8   0x20006db8   0x00001480   Data   RO         5044    .constdata          flashchips.o
    0x20008238   0x20008238   0x0000008f   Data   RO         4879    .conststring        chip_drv.o
    0x200082c7   0x200082c7   0x00000001   PAD
    0x200082c8   0x200082c8   0x000000c0   Data   RO         5045    .conststring        flashchips.o
    0x20008388   0x20008388   0x00000020   Data   RO         5480    Region$$Table       anon$$obj.o


    Execution Region RW_IRAM1 (Exec base: 0x20010000, Load base: 0x200083a8, Size: 0x00008028, Max: 0x00010000, ABSOLUTE, COMPRESSED[0x0000012c])

    Exec Addr    Load Addr    Size         Type   Attr      Idx    E Section Name        Object

    0x20010000   COMPRESSED   0x00000038   Data   RW          173    .data               usbd_msc.o
    0x20010038   COMPRESSED   0x0000006a   Data   RW          174    .data               usbd_msc.o
    0x200100a2   COMPRESSED   0x00000001   Data   RW          277    .data               usbd_ctlreq.o
    0x200100a3   COMPRESSED   0x00000001   PAD
    0x200100a4   COMPRESSED   0x0000000c   Data   RW          667    .data               stm32f4xx_hal.o
    0x200100b0   COMPRESSED   0x00000004   Data   RW         3845    .data               system_stm32f4xx.o
    0x200100b4   COMPRESSED   0x0000001c   Data   RW         3983    .data               usbd_desc.o
    0x200100d0   COMPRESSED   0x00000016   Data   RW         3984    .data               usbd_desc.o
    0x200100e6   COMPRESSED   0x00000002   PAD
    0x200100e8   COMPRESSED   0x00000020   Data   RW         4288    .data               usbd_storage_if.o
    0x20010108   COMPRESSED   0x00000028   Data   RW         4356    .data               main.o
    0x20010130   COMPRESSED   0x00000072   Data   RW         4454    .data               usbd_storage.o
    0x200101a2   COMPRESSED   0x00000002   PAD
    0x200101a4   COMPRESSED   0x0000001c   Data   RW         4569    .data               stm32f4_discovery.o
    0x200101c0   COMPRESSED   0x00000018   Data   RW         4708    .data               spi_stm32f4xx.o
    0x200101d8   COMPRESSED   0x00000018   Data   RW         4709    .data               spi_stm32f4xx.o
    0x200101f0   COMPRESSED   0x00000028   Data   RW         4880    .data               chip_drv.o
    0x20010218   COMPRESSED   0x00000004   Data   RW         5140    .data               mc_w.l(stdout.o)
    0x2001021c   COMPRESSED   0x00000004   Data   RW         5141    .data               mc_w.l(stderr.o)
    0x20010220   COMPRESSED   0x00000004   Data   RW         5461    .data               mc_w.l(mvars.o)
    0x20010224   COMPRESSED   0x00000004   Data   RW         5462    .data               mc_w.l(mvars.o)
    0x20010228        -       0x00000224   Zero   RW         3885    .bss                usb_device.o
    0x2001044c        -       0x00000200   Zero   RW         3982    .bss                usbd_desc.o
    0x2001064c        -       0x000003f0   Zero   RW         4115    .bss                usbd_conf.o
    0x20010a3c        -       0x00000100   Zero   RW         4355    .bss                main.o
    0x20010b3c        -       0x00003400   Zero   RW         4446    .bss                usbd_storage.o
    0x20013f3c        -       0x00000010   Zero   RW         4699    .bss                spi_stm32f4xx.o
    0x20013f4c        -       0x0000001c   Zero   RW         4700    .bss                spi_stm32f4xx.o
    0x20013f68        -       0x000000c0   Zero   RW         4701    .bss                spi_stm32f4xx.o
    0x20014028        -       0x00002000   Zero   RW            2    HEAP                startup_stm32f407xx.o
    0x20016028        -       0x00002000   Zero   RW            1    STACK               startup_stm32f407xx.o


==============================================================================

Image component sizes


      Code (inc. data)   RO Data    RW Data    ZI Data      Debug   Object Name

      3700        720        143         40          0      17963   chip_drv.o
        44          6       5440          0          0       1349   flashchips.o
      1052        120          0         40        256      19344   main.o
       108         16          0          0          0       3551   retarget_io.o
      4084        152        160         48        236      53875   spi_stm32f4xx.o
        36          8        392          0      16384        828   startup_stm32f407xx.o
       320         60         12         28          0       5138   stm32f4_discovery.o
       184         30          0         12          0       4645   stm32f4xx_hal.o
       284         16          0          0          0      32966   stm32f4xx_hal_cortex.o
      1288         26          8          0          0       6148   stm32f4xx_hal_dma.o
       920         22          0          0          0       4846   stm32f4xx_hal_gpio.o
        88          0          0          0          0        514   stm32f4xx_hal_msp.o
      2460         62          0          0          0      13272   stm32f4xx_hal_pcd.o
        86          0          0          0          0       1968   stm32f4xx_hal_pcd_ex.o
      1468         98          0          0          0       5453   stm32f4xx_hal_rcc.o
        26          6          0          0          0       4970   stm32f4xx_it.o
      2700         44          0          0          0      21271   stm32f4xx_ll_usb.o
        88         24         24          4          0       1259   system_stm32f4xx.o
        80         24          0          0        548       1211   usb_device.o
       896         56          0          0       1008      16580   usbd_conf.o
       822         74          0          0          0      13483   usbd_core.o
      1148         28          0          1          0       7392   usbd_ctlreq.o
       208        112          0         50        512       5267   usbd_desc.o
       102          0          0          0          0       3876   usbd_ioreq.o
       462         16          0        162          0      17410   usbd_msc.o
       610         12          0          0          0       7900   usbd_msc_bot.o
         0          0         23          0          0     692705   usbd_msc_data.o
      1426         14          0          0          0       7395   usbd_msc_scsi.o
       868        226          0        114      13312      21374   usbd_storage.o
        66          0         36         32          0       4551   usbd_storage_if.o

    ----------------------------------------------------------------------
     25652       1972       6272        536      32256     998504   Object Totals
         0          0         32          0          0          0   (incl. Generated)
        28          0          2          5          0          0   (incl. Padding)

    ----------------------------------------------------------------------

      Code (inc. data)   RO Data    RW Data    ZI Data      Debug   Library Member Name

        86          0          0          0          0          0   __dczerorl2.o
         0          0          0          0          0          0   entry.o
         0          0          0          0          0          0   entry10a.o
         0          0          0          0          0          0   entry11a.o
         8          4          0          0          0          0   entry2.o
         4          0          0          0          0          0   entry5.o
         0          0          0          0          0          0   entry7b.o
         0          0          0          0          0          0   entry8b.o
         8          4          0          0          0          0   entry9a.o
        30          0          0          0          0          0   handlers.o
        36          8          0          0          0         68   init.o
        30          0          0          0          0         68   llshl.o
        32          0          0          0          0         68   llushr.o
       188         20          0          0          0        160   malloc.o
        26          0          0          0          0         80   memcmp.o
        36          0          0          0          0         68   memcpya.o
        36          0          0          0          0        108   memseta.o
         0          0          0          8          0          0   mvars.o
      1154         54          0          0          0        352   printf8.o
         0          0          0          4          0          0   stderr.o
         0          0          0          4          0          0   stdout.o
        98          0          0          0          0         92   uldiv.o

    ----------------------------------------------------------------------
      1780         90          0         16          0       1064   Library Totals
         8          0          0          0          0          0   (incl. Padding)

    ----------------------------------------------------------------------

      Code (inc. data)   RO Data    RW Data    ZI Data      Debug   Library Name

      1772         90          0         16          0       1064   mc_w.l

    ----------------------------------------------------------------------
      1780         90          0         16          0       1064   Library Totals

    ----------------------------------------------------------------------

==============================================================================


      Code (inc. data)   RO Data    RW Data    ZI Data      Debug   

     27432       2062       6272        552      32256     976932   Grand Totals
     27432       2062       6272        300      32256     976932   ELF Image Totals (compressed)
     27432       2062       6272        300          0          0   ROM Totals

==============================================================================

    Total RO  Size (Code + RO Data)                33704 (  32.91kB)
    Total RW  Size (RW Data + ZI Data)             32808 (  32.04kB)
    Total ROM Size (Code + RO Data + RW Data)      34004 (  33.21kB)

==============================================================================

