Component: ARM Compiler 6.12 Tool: armlink [5d624300]

==============================================================================

Section Cross References

    startup_stm32f407xx.o(RESET) refers to startup_stm32f407xx.o(STACK) for __initial_sp
    startup_stm32f407xx.o(RESET) refers to startup_stm32f407xx.o(.text) for Reset_Handler
    startup_stm32f407xx.o(RESET) refers to lto-llvm-dbbc46.o(.text.SysTick_Handler) for SysTick_Handler
    startup_stm32f407xx.o(RESET) refers to lto-llvm-dbbc46.o(.text.DMA1_Stream3_IRQHandler) for DMA1_Stream3_IRQHandler
    startup_stm32f407xx.o(RESET) refers to lto-llvm-dbbc46.o(.text.DMA1_Stream4_IRQHandler) for DMA1_Stream4_IRQHandler
    startup_stm32f407xx.o(RESET) refers to lto-llvm-dbbc46.o(.text.SPI2_IRQHandler) for SPI2_IRQHandler
    startup_stm32f407xx.o(RESET) refers to lto-llvm-dbbc46.o(.text.OTG_FS_IRQHandler) for OTG_FS_IRQHandler
    startup_stm32f407xx.o(.text) refers to lto-llvm-dbbc46.o(.text.SystemInit) for SystemInit
    startup_stm32f407xx.o(.text) refers to entry.o(.ARM.Collect$$$$00000000) for __main
    entry.o(.ARM.Collect$$$$00000000) refers (Special) to entry10a.o(.ARM.Collect$$$$0000000D) for __rt_final_cpp
    entry.o(.ARM.Collect$$$$00000000) refers (Special) to entry11a.o(.ARM.Collect$$$$0000000F) for __rt_final_exit
    entry.o(.ARM.Collect$$$$00000000) refers (Special) to entry7b.o(.ARM.Collect$$$$00000008) for _main_clock
    entry.o(.ARM.Collect$$$$00000000) refers (Special) to entry8b.o(.ARM.Collect$$$$0000000A) for _main_cpp_init
    entry.o(.ARM.Collect$$$$00000000) refers (Special) to entry9a.o(.ARM.Collect$$$$0000000B) for _main_init
    entry.o(.ARM.Collect$$$$00000000) refers (Special) to entry5.o(.ARM.Collect$$$$00000004) for _main_scatterload
    entry.o(.ARM.Collect$$$$00000000) refers (Special) to entry2.o(.ARM.Collect$$$$00000001) for _main_stk
    fputs.o(i.fputs) refers to lto-llvm-dbbc46.o(.text.fputc) for fputc
    puts.o(i.puts) refers to lto-llvm-dbbc46.o(.text.fputc) for fputc
    puts.o(i.puts) refers to stdout.o(.data) for __stdout
    putchar.o(i.putchar) refers to lto-llvm-dbbc46.o(.text.fputc) for fputc
    putchar.o(i.putchar) refers to stdout.o(.data) for __stdout
    fputs_e.o(.text) refers to lto-llvm-dbbc46.o(.text.fputc) for fputc
    puts_e.o(.text) refers to lto-llvm-dbbc46.o(.text.fputc) for fputc
    puts_e.o(.text) refers to stdout.o(.data) for __stdout
    printfb.o(i.__0fprintf$bare) refers to printfb.o(i._printf_core) for _printf_core
    printfb.o(i.__0fprintf$bare) refers to lto-llvm-dbbc46.o(.text.fputc) for fputc
    printfb.o(i.__0printf$bare) refers to printfb.o(i._printf_core) for _printf_core
    printfb.o(i.__0printf$bare) refers to lto-llvm-dbbc46.o(.text.fputc) for fputc
    printfb.o(i.__0printf$bare) refers to stdout.o(.data) for __stdout
    printfb.o(i.__0snprintf$bare) refers to printfb.o(i._printf_core) for _printf_core
    printfb.o(i.__0snprintf$bare) refers to printfb.o(i._snputc) for _snputc
    printfb.o(i.__0sprintf$bare) refers to printfb.o(i._printf_core) for _printf_core
    printfb.o(i.__0sprintf$bare) refers to printfb.o(i._sputc) for _sputc
    printfb.o(i.__0vfprintf$bare) refers to printfb.o(i._printf_core) for _printf_core
    printfb.o(i.__0vfprintf$bare) refers to lto-llvm-dbbc46.o(.text.fputc) for fputc
    printfb.o(i.__0vprintf$bare) refers to printfb.o(i._printf_core) for _printf_core
    printfb.o(i.__0vprintf$bare) refers to lto-llvm-dbbc46.o(.text.fputc) for fputc
    printfb.o(i.__0vprintf$bare) refers to stdout.o(.data) for __stdout
    printfb.o(i.__0vsnprintf$bare) refers to printfb.o(i._printf_core) for _printf_core
    printfb.o(i.__0vsnprintf$bare) refers to printfb.o(i._snputc) for _snputc
    printfb.o(i.__0vsprintf$bare) refers to printfb.o(i._printf_core) for _printf_core
    printfb.o(i.__0vsprintf$bare) refers to printfb.o(i._sputc) for _sputc
    printf0.o(i.__0fprintf$0) refers to printf0.o(i._printf_core) for _printf_core
    printf0.o(i.__0fprintf$0) refers to lto-llvm-dbbc46.o(.text.fputc) for fputc
    printf0.o(i.__0printf$0) refers to printf0.o(i._printf_core) for _printf_core
    printf0.o(i.__0printf$0) refers to lto-llvm-dbbc46.o(.text.fputc) for fputc
    printf0.o(i.__0printf$0) refers to stdout.o(.data) for __stdout
    printf0.o(i.__0snprintf$0) refers to printf0.o(i._printf_core) for _printf_core
    printf0.o(i.__0snprintf$0) refers to printf0.o(i._snputc) for _snputc
    printf0.o(i.__0sprintf$0) refers to printf0.o(i._printf_core) for _printf_core
    printf0.o(i.__0sprintf$0) refers to printf0.o(i._sputc) for _sputc
    printf0.o(i.__0vfprintf$0) refers to printf0.o(i._printf_core) for _printf_core
    printf0.o(i.__0vfprintf$0) refers to lto-llvm-dbbc46.o(.text.fputc) for fputc
    printf0.o(i.__0vprintf$0) refers to printf0.o(i._printf_core) for _printf_core
    printf0.o(i.__0vprintf$0) refers to lto-llvm-dbbc46.o(.text.fputc) for fputc
    printf0.o(i.__0vprintf$0) refers to stdout.o(.data) for __stdout
[...]
    lto-llvm-dbbc46.o(.data.USBD_MSC) refers to lto-llvm-dbbc46.o(.text.USBD_MSC_GetOtherSpeedCfgDesc) for USBD_MSC_GetOtherSpeedCfgDesc
    lto-llvm-dbbc46.o(.data.USBD_MSC) refers to lto-llvm-dbbc46.o(.text.USBD_MSC_GetDeviceQualifierDescriptor) for USBD_MSC_GetDeviceQualifierDescriptor
    lto-llvm-dbbc46.o(.data.FS_Desc) refers to lto-llvm-dbbc46.o(.text.USBD_FS_DeviceDescriptor) for USBD_FS_DeviceDescriptor
    lto-llvm-dbbc46.o(.data.FS_Desc) refers to lto-llvm-dbbc46.o(.text.USBD_FS_LangIDStrDescriptor) for USBD_FS_LangIDStrDescriptor
    lto-llvm-dbbc46.o(.data.FS_Desc) refers to lto-llvm-dbbc46.o(.text.USBD_FS_ManufacturerStrDescriptor) for USBD_FS_ManufacturerStrDescriptor
    lto-llvm-dbbc46.o(.data.FS_Desc) refers to lto-llvm-dbbc46.o(.text.USBD_FS_ProductStrDescriptor) for USBD_FS_ProductStrDescriptor
    lto-llvm-dbbc46.o(.data.FS_Desc) refers to lto-llvm-dbbc46.o(.text.USBD_FS_SerialStrDescriptor) for USBD_FS_SerialStrDescriptor
    lto-llvm-dbbc46.o(.data.FS_Desc) refers to lto-llvm-dbbc46.o(.text.USBD_FS_ConfigStrDescriptor) for USBD_FS_ConfigStrDescriptor
    lto-llvm-dbbc46.o(.data.FS_Desc) refers to lto-llvm-dbbc46.o(.text.USBD_FS_InterfaceStrDescriptor) for USBD_FS_InterfaceStrDescriptor
    lto-llvm-dbbc46.o(.data.USBD_Storage_Interface_fops_FS) refers to lto-llvm-dbbc46.o(.text.STORAGE_Init_FS) for STORAGE_Init_FS
    lto-llvm-dbbc46.o(.data.USBD_Storage_Interface_fops_FS) refers to lto-llvm-dbbc46.o(.text.STORAGE_GetCapacity_FS) for STORAGE_GetCapacity_FS
    lto-llvm-dbbc46.o(.data.USBD_Storage_Interface_fops_FS) refers to lto-llvm-dbbc46.o(.text.STORAGE_IsReady_FS) for STORAGE_IsReady_FS
    lto-llvm-dbbc46.o(.data.USBD_Storage_Interface_fops_FS) refers to lto-llvm-dbbc46.o(.text.STORAGE_IsWriteProtected_FS) for STORAGE_IsWriteProtected_FS
    lto-llvm-dbbc46.o(.data.USBD_Storage_Interface_fops_FS) refers to lto-llvm-dbbc46.o(.text.STORAGE_Read_FS) for STORAGE_Read_FS
    lto-llvm-dbbc46.o(.data.USBD_Storage_Interface_fops_FS) refers to lto-llvm-dbbc46.o(.text.STORAGE_Write_FS) for STORAGE_Write_FS
    lto-llvm-dbbc46.o(.data.USBD_Storage_Interface_fops_FS) refers to lto-llvm-dbbc46.o(.text.STORAGE_GetMaxLun_FS) for STORAGE_GetMaxLun_FS
    lto-llvm-dbbc46.o(.data.USBD_Storage_Interface_fops_FS) refers to lto-llvm-dbbc46.o(.rodata.STORAGE_Inquirydata_FS) for [Anonymous Symbol]
    lto-llvm-dbbc46.o(.rodata.flashchips) refers to lto-llvm-dbbc46.o(.rodata.str1.1) for .L.str.124
    lto-llvm-dbbc46.o(.rodata.flashchips) refers to lto-llvm-dbbc46.o(.text.spi_chip_write_1) for spi_chip_write_1
    lto-llvm-dbbc46.o(.rodata.flashchips) refers to lto-llvm-dbbc46.o(.text.spi_chip_read) for spi_chip_read
    lto-llvm-dbbc46.o(.rodata.flashchips) refers to lto-llvm-dbbc46.o(.text.spi_erase_bulk_sec) for spi_erase_bulk_sec
    lto-llvm-dbbc46.o(.rodata.flashchips) refers to lto-llvm-dbbc46.o(.text.spi_disable_blockprotect_at2x_global_unprotect) for spi_disable_blockprotect_at2x_global_unprotect
    lto-llvm-dbbc46.o(.rodata.flashchips) refers to lto-llvm-dbbc46.o(.text.spi_chip_write_256) for spi_chip_write_256
    lto-llvm-dbbc46.o(.rodata.flashchips) refers to lto-llvm-dbbc46.o(.text.spi_erase_bulk) for spi_erase_bulk
    lto-llvm-dbbc46.o(.rodata.flashchips) refers to lto-llvm-dbbc46.o(.text.spi_disable_blockprotect) for spi_disable_blockprotect
    lto-llvm-dbbc46.o(.rodata.flashchips) refers to lto-llvm-dbbc46.o(.text.spi_chip_write_af) for spi_chip_write_af


==============================================================================

Removing Unused input sections from the image.

    Removing dadd.o(.text), (334 bytes).
    Removing dmul.o(.text), (228 bytes).
    Removing ddiv.o(.text), (222 bytes).
    Removing dfixul.o(.text), (48 bytes).
    Removing cdrcmple.o(.text), (48 bytes).
    Removing depilogue.o(.text), (186 bytes).
    Removing lto-llvm-dbbc46.o(.text), (0 bytes).
    Removing lto-llvm-dbbc46.o(.ARM.exidx.text.USBD_MSC_Init), (8 bytes).
    Removing lto-llvm-dbbc46.o(.ARM.exidx.text.USBD_MSC_DeInit), (8 bytes).
    Removing lto-llvm-dbbc46.o(.ARM.exidx.text.USBD_MSC_Setup), (8 bytes).
    Removing lto-llvm-dbbc46.o(.ARM.exidx.text.USBD_MSC_DataIn), (8 bytes).
    Removing lto-llvm-dbbc46.o(.ARM.exidx.text.USBD_MSC_DataOut), (8 bytes).
    Removing lto-llvm-dbbc46.o(.ARM.exidx.text.USBD_MSC_GetHSCfgDesc), (8 bytes).
    Removing lto-llvm-dbbc46.o(.ARM.exidx.text.USBD_MSC_GetFSCfgDesc), (8 bytes).
    Removing lto-llvm-dbbc46.o(.ARM.exidx.text.USBD_MSC_GetOtherSpeedCfgDesc), (8 bytes).
    Removing lto-llvm-dbbc46.o(.ARM.exidx.text.USBD_MSC_GetDeviceQualifierDescriptor), (8 bytes).
    Removing lto-llvm-dbbc46.o(.ARM.exidx.text.USBD_GetString), (8 bytes).
    Removing lto-llvm-dbbc46.o(.ARM.exidx.text.MSC_BOT_Init), (8 bytes).
    Removing lto-llvm-dbbc46.o(.ARM.exidx.text.MSC_BOT_DataIn), (8 bytes).
    Removing lto-llvm-dbbc46.o(.ARM.exidx.text.MSC_BOT_SendCSW), (8 bytes).
    Removing lto-llvm-dbbc46.o(.ARM.exidx.text.MSC_BOT_DataOut), (8 bytes).
    Removing lto-llvm-dbbc46.o(.ARM.exidx.text.MSC_BOT_Abort), (8 bytes).
    Removing lto-llvm-dbbc46.o(.ARM.exidx.text.MSC_BOT_CplClrFeature), (8 bytes).
    Removing lto-llvm-dbbc46.o(.ARM.exidx.text.SCSI_ProcessCmd), (8 bytes).
    Removing lto-llvm-dbbc46.o(.ARM.exidx.text.SystemInit), (8 bytes).
    Removing lto-llvm-dbbc46.o(.ARM.exidx.text.SysTick_Handler), (8 bytes).
    Removing lto-llvm-dbbc46.o(.ARM.exidx.text.OTG_FS_IRQHandler), (8 bytes).
    Removing lto-llvm-dbbc46.o(.ARM.exidx.text.USBD_FS_DeviceDescriptor), (8 bytes).
    Removing lto-llvm-dbbc46.o(.ARM.exidx.text.USBD_FS_LangIDStrDescriptor), (8 bytes).
    Removing lto-llvm-dbbc46.o(.ARM.exidx.text.USBD_FS_ManufacturerStrDescriptor), (8 bytes).
    Removing lto-llvm-dbbc46.o(.ARM.exidx.text.USBD_FS_ProductStrDescriptor), (8 bytes).
    Removing lto-llvm-dbbc46.o(.ARM.exidx.text.USBD_FS_SerialStrDescriptor), (8 bytes).
    Removing lto-llvm-dbbc46.o(.ARM.exidx.text.USBD_FS_ConfigStrDescriptor), (8 bytes).
    Removing lto-llvm-dbbc46.o(.ARM.exidx.text.USBD_FS_InterfaceStrDescriptor), (8 bytes).
    Removing lto-llvm-dbbc46.o(.ARM.exidx.text.USBD_LL_OpenEP), (8 bytes).
    Removing lto-llvm-dbbc46.o(.ARM.exidx.text.USBD_LL_CloseEP), (8 bytes).
    Removing lto-llvm-dbbc46.o(.ARM.exidx.text.USBD_LL_FlushEP), (8 bytes).
    Removing lto-llvm-dbbc46.o(.ARM.exidx.text.USBD_LL_StallEP), (8 bytes).
    Removing lto-llvm-dbbc46.o(.ARM.exidx.text.USBD_LL_Transmit), (8 bytes).
    Removing lto-llvm-dbbc46.o(.ARM.exidx.text.USBD_LL_PrepareReceive), (8 bytes).
    Removing lto-llvm-dbbc46.o(.ARM.exidx.text.STORAGE_Init_FS), (8 bytes).
    Removing lto-llvm-dbbc46.o(.ARM.exidx.text.STORAGE_GetCapacity_FS), (8 bytes).
    Removing lto-llvm-dbbc46.o(.ARM.exidx.text.STORAGE_IsReady_FS), (8 bytes).
    Removing lto-llvm-dbbc46.o(.ARM.exidx.text.STORAGE_IsWriteProtected_FS), (8 bytes).
    Removing lto-llvm-dbbc46.o(.ARM.exidx.text.STORAGE_Read_FS), (8 bytes).
    Removing lto-llvm-dbbc46.o(.ARM.exidx.text.STORAGE_Write_FS), (8 bytes).
    Removing lto-llvm-dbbc46.o(.ARM.exidx.text.STORAGE_GetMaxLun_FS), (8 bytes).
    Removing lto-llvm-dbbc46.o(.ARM.exidx.text.main), (8 bytes).
    Removing lto-llvm-dbbc46.o(.ARM.exidx.text._Error_Handler), (8 bytes).
    Removing lto-llvm-dbbc46.o(.ARM.exidx.text.Write_LL), (8 bytes).
    Removing lto-llvm-dbbc46.o(.ARM.exidx.text.BSP_LED_Init), (8 bytes).
    Removing lto-llvm-dbbc46.o(.ARM.exidx.text.ReadStatusReg), (8 bytes).
    Removing lto-llvm-dbbc46.o(.ARM.exidx.text.SetWriteEnable), (8 bytes).
    Removing lto-llvm-dbbc46.o(.ARM.exidx.text.CalcCRC32), (8 bytes).
    Removing lto-llvm-dbbc46.o(.ARM.exidx.text.spi_chip_read), (8 bytes).
    Removing lto-llvm-dbbc46.o(.ARM.exidx.text.spi_chip_write_256), (8 bytes).
    Removing lto-llvm-dbbc46.o(.ARM.exidx.text.spi_chip_write_af), (8 bytes).
    Removing lto-llvm-dbbc46.o(.ARM.exidx.text.spi_chip_write_1), (8 bytes).
    Removing lto-llvm-dbbc46.o(.ARM.exidx.text.spi_disable_blockprotect), (8 bytes).
    Removing lto-llvm-dbbc46.o(.ARM.exidx.text.spi_disable_blockprotect_generic), (8 bytes).
    Removing lto-llvm-dbbc46.o(.ARM.exidx.text.WriteStatusReg), (8 bytes).
    Removing lto-llvm-dbbc46.o(.ARM.exidx.text.spi_disable_blockprotect_at2x_global_unprotect), (8 bytes).
    Removing lto-llvm-dbbc46.o(.ARM.exidx.text.spi_erase_bulk), (8 bytes).
    Removing lto-llvm-dbbc46.o(.ARM.exidx.text.isErased), (8 bytes).
    Removing lto-llvm-dbbc46.o(.ARM.exidx.text.spi_erase_bulk_sec), (8 bytes).
    Removing lto-llvm-dbbc46.o(.ARM.exidx.text.SPI2_Send), (8 bytes).
    Removing lto-llvm-dbbc46.o(.ARM.exidx.text.SPI2_Transfer), (8 bytes).
    Removing lto-llvm-dbbc46.o(.ARM.exidx.text.SPI2_Control), (8 bytes).
    Removing lto-llvm-dbbc46.o(.ARM.exidx.text.SPI2_RX_DMA_Complete), (8 bytes).
    Removing lto-llvm-dbbc46.o(.ARM.exidx.text.SPI2_TX_DMA_Complete), (8 bytes).
    Removing lto-llvm-dbbc46.o(.ARM.exidx.text.SPI2_IRQHandler), (8 bytes).
    Removing lto-llvm-dbbc46.o(.ARM.exidx.text.DMA1_Stream4_IRQHandler), (8 bytes).
    Removing lto-llvm-dbbc46.o(.ARM.exidx.text.DMA1_Stream3_IRQHandler), (8 bytes).
    Removing lto-llvm-dbbc46.o(.ARM.exidx.text.fputc), (8 bytes).
    Removing lto-llvm-dbbc46.o(.text.fgetc), (6 bytes).
    Removing lto-llvm-dbbc46.o(.ARM.exidx.text.fgetc), (8 bytes).
    Removing lto-llvm-dbbc46.o(.ARM.exidx.text.HAL_InitTick), (8 bytes).
    Removing lto-llvm-dbbc46.o(.ARM.exidx.text.HAL_DMA_Init), (8 bytes).
    Removing lto-llvm-dbbc46.o(.ARM.exidx.text.HAL_DMA_Start_IT), (8 bytes).
    Removing lto-llvm-dbbc46.o(.ARM.exidx.text.HAL_DMA_Abort), (8 bytes).
    Removing lto-llvm-dbbc46.o(.ARM.exidx.text.HAL_DMA_IRQHandler), (8 bytes).
    Removing lto-llvm-dbbc46.o(.ARM.exidx.text.HAL_GPIO_Init), (8 bytes).
    Removing lto-llvm-dbbc46.o(.ARM.exidx.text.HAL_GPIO_DeInit), (8 bytes).
    Removing lto-llvm-dbbc46.o(.ARM.exidx.text.HAL_PCD_Stop), (8 bytes).
    Removing lto-llvm-dbbc46.o(.ARM.exidx.text.USB_EPStartXfer), (8 bytes).
    Removing lto-llvm-dbbc46.o(.ARM.exidx.text.USB_EP0StartXfer), (8 bytes).
    Removing lto-llvm-dbbc46.o(.ARM.use_no_argv), (4 bytes).

87 unused section(s) (total 1700 bytes) removed from the image.

==============================================================================

Image Symbol Table

    Local Symbols

    Symbol Name                              Value     Ov Type        Size  Object(Section)

    ../clib/../cmprslib/zerorunl2.c          0x00000000   Number         0  __dczerorl2.o ABSOLUTE
    ../clib/microlib/division.c              0x00000000   Number         0  uidiv.o ABSOLUTE
    ../clib/microlib/division.c              0x00000000   Number         0  uldiv.o ABSOLUTE
    ../clib/microlib/init/entry.s            0x00000000   Number         0  entry.o ABSOLUTE
    ../clib/microlib/init/entry.s            0x00000000   Number         0  entry2.o ABSOLUTE
    ../clib/microlib/init/entry.s            0x00000000   Number         0  entry5.o ABSOLUTE
    ../clib/microlib/init/entry.s            0x00000000   Number         0  entry7a.o ABSOLUTE
    ../clib/microlib/init/entry.s            0x00000000   Number         0  entry7b.o ABSOLUTE
    ../clib/microlib/init/entry.s            0x00000000   Number         0  entry8a.o ABSOLUTE
    ../clib/microlib/init/entry.s            0x00000000   Number         0  entry8b.o ABSOLUTE
    ../clib/microlib/init/entry.s            0x00000000   Number         0  entry9a.o ABSOLUTE
    ../clib/microlib/init/entry.s            0x00000000   Number         0  entry9b.o ABSOLUTE
    ../clib/microlib/init/entry.s            0x00000000   Number         0  entry10a.o ABSOLUTE
    ../clib/microlib/init/entry.s            0x00000000   Number         0  entry10b.o ABSOLUTE
    ../clib/microlib/init/entry.s            0x00000000   Number         0  entry11a.o ABSOLUTE
    ../clib/microlib/init/entry.s            0x00000000   Number         0  entry11b.o ABSOLUTE
    ../clib/microlib/longlong.c              0x00000000   Number         0  llshl.o ABSOLUTE
    ../clib/microlib/longlong.c              0x00000000   Number         0  llushr.o ABSOLUTE
    ../clib/microlib/longlong.c              0x00000000   Number         0  llsshr.o ABSOLUTE
    ../clib/microlib/malloc/malloc.c         0x00000000   Number         0  malloc.o ABSOLUTE
    ../clib/microlib/malloc/malloc.c         0x00000000   Number         0  mallocr.o ABSOLUTE
    ../clib/microlib/malloc/malloc.c         0x00000000   Number         0  malloca.o ABSOLUTE
    ../clib/microlib/malloc/malloc.c         0x00000000   Number         0  mallocra.o ABSOLUTE
    ../clib/microlib/malloc/mvars.c          0x00000000   Number         0  mvars.o ABSOLUTE
    ../clib/microlib/printf/printf.c         0x00000000   Number         0  printfb.o ABSOLUTE
    ../clib/microlib/printf/printf.c         0x00000000   Number         0  printf0.o ABSOLUTE
    ../clib/microlib/printf/printf.c         0x00000000   Number         0  printf1.o ABSOLUTE
    ../clib/microlib/printf/printf.c         0x00000000   Number         0  printf2.o ABSOLUTE
    ../clib/microlib/printf/printf.c         0x00000000   Number         0  printf3.o ABSOLUTE
    ../clib/microlib/printf/printf.c         0x00000000   Number         0  printf4.o ABSOLUTE
    ../clib/microlib/printf/printf.c         0x00000000   Number         0  printf5.o ABSOLUTE
    ../clib/microlib/printf/printf.c         0x00000000   Number         0  printf6.o ABSOLUTE
    ../clib/microlib/printf/printf.c         0x00000000   Number         0  printf7.o ABSOLUTE
    ../clib/microlib/printf/printf.c         0x00000000   Number         0  printf8.o ABSOLUTE
    ../clib/microlib/printf/printf.c         0x00000000   Number         0  printfa.o ABSOLUTE
    ../clib/microlib/printf/stubs.s          0x00000000   Number         0  stubs.o ABSOLUTE
    ../clib/microlib/stdio/fputs.c           0x00000000   Number         0  fputs.o ABSOLUTE
    ../clib/microlib/stdio/fputs.c           0x00000000   Number         0  fputs_e.o ABSOLUTE
    ../clib/microlib/stdio/putchar.c         0x00000000   Number         0  putchar.o ABSOLUTE
    ../clib/microlib/stdio/puts.c            0x00000000   Number         0  puts.o ABSOLUTE
    ../clib/microlib/stdio/puts.c            0x00000000   Number         0  puts_e.o ABSOLUTE
    ../clib/microlib/stdio/streams.c         0x00000000   Number         0  stdout.o ABSOLUTE
    ../clib/microlib/stdio/streams.c         0x00000000   Number         0  stderr.o ABSOLUTE
    ../clib/microlib/string/memcmp.c         0x00000000   Number         0  memcmp.o ABSOLUTE
    ../clib/microlib/string/memcpy.c         0x00000000   Number         0  memcpya.o ABSOLUTE
    ../clib/microlib/string/memcpy.c         0x00000000   Number         0  memcpyb.o ABSOLUTE
    ../clib/microlib/string/memset.c         0x00000000   Number         0  memseta.o ABSOLUTE
    ../clib/microlib/stubs.s                 0x00000000   Number         0  iusefp.o ABSOLUTE
    ../fplib/microlib/fpadd.c                0x00000000   Number         0  dadd.o ABSOLUTE
    ../fplib/microlib/fpdiv.c                0x00000000   Number         0  ddiv.o ABSOLUTE
    ../fplib/microlib/fpepilogue.c           0x00000000   Number         0  depilogue.o ABSOLUTE
    ../fplib/microlib/fpfix.c                0x00000000   Number         0  dfixul.o ABSOLUTE
    ../fplib/microlib/fpmul.c                0x00000000   Number         0  dmul.o ABSOLUTE
    cdrcmple.s                               0x00000000   Number         0  cdrcmple.o ABSOLUTE
    dc.s                                     0x00000000   Number         0  dc.o ABSOLUTE
    handlers.s                               0x00000000   Number         0  handlers.o ABSOLUTE
    init.s                                   0x00000000   Number         0  init.o ABSOLUTE
    ld-temp.o                                0x00000000   Number         0  lto-llvm-dbbc46.o ABSOLUTE
    startup_stm32f407xx.s                    0x00000000   Number         0  startup_stm32f407xx.o ABSOLUTE
    RESET                                    0x20000000   Section      392  startup_stm32f407xx.o(RESET)
    .ARM.Collect$$$$00000000                 0x20000188   Section        0  entry.o(.ARM.Collect$$$$00000000)
    .ARM.Collect$$$$00000001                 0x20000188   Section        4  entry2.o(.ARM.Collect$$$$00000001)
    .ARM.Collect$$$$00000004                 0x2000018c   Section        4  entry5.o(.ARM.Collect$$$$00000004)
    .ARM.Collect$$$$00000008                 0x20000190   Section        0  entry7b.o(.ARM.Collect$$$$00000008)
    .ARM.Collect$$$$0000000A                 0x20000190   Section        0  entry8b.o(.ARM.Collect$$$$0000000A)
    .ARM.Collect$$$$0000000B                 0x20000190   Section        8  entry9a.o(.ARM.Collect$$$$0000000B)
    __lit__00000000                          0x20000198   Data           4  entry2.o(.ARM.Collect$$$$00002712)
    .ARM.Collect$$$$0000000D                 0x20000198   Section        0  entry10a.o(.ARM.Collect$$$$0000000D)
    .ARM.Collect$$$$0000000F                 0x20000198   Section        0  entry11a.o(.ARM.Collect$$$$0000000F)
    .ARM.Collect$$$$00002712                 0x20000198   Section        4  entry2.o(.ARM.Collect$$$$00002712)
    $v0                                      0x2000019c   Number         0  startup_stm32f407xx.o(.text)
    .text                                    0x2000019c   Section       36  startup_stm32f407xx.o(.text)
    .text                                    0x200001c0   Section        0  memcmp.o(.text)
    .text                                    0x200001da   Section        0  uldiv.o(.text)
    .text                                    0x2000023c   Section        0  memcpya.o(.text)
    .text                                    0x20000260   Section       36  init.o(.text)
    .text                                    0x20000284   Section        0  llshl.o(.text)
    .text                                    0x200002a2   Section        0  llushr.o(.text)
    .text                                    0x200002c2   Section        0  memseta.o(.text)
    .text                                    0x200002e6   Section        0  __dczerorl2.o(.text)
    BSP_LED_Init                             0x2000033d   Thumb Code   112  lto-llvm-dbbc46.o(.text.BSP_LED_Init)
    [Anonymous Symbol]                       0x2000033c   Section        0  lto-llvm-dbbc46.o(.text.BSP_LED_Init)
    GPIO_PIN                                 0x20000394   Number         0  lto-llvm-dbbc46.o(.text.BSP_LED_Init)
    GPIO_PORT                                0x2000039c   Number         0  lto-llvm-dbbc46.o(.text.BSP_LED_Init)
    CalcCRC32                                0x200003ad   Thumb Code   154  lto-llvm-dbbc46.o(.text.CalcCRC32)
    [Anonymous Symbol]                       0x200003ac   Section        0  lto-llvm-dbbc46.o(.text.CalcCRC32)
    [Anonymous Symbol]                       0x20000446   Section        0  lto-llvm-dbbc46.o(.text.DMA1_Stream3_IRQHandler)
    [Anonymous Symbol]                       0x20000460   Section        0  lto-llvm-dbbc46.o(.text.DMA1_Stream4_IRQHandler)
    HAL_DMA_Abort                            0x2000047d   Thumb Code   140  lto-llvm-dbbc46.o(.text.HAL_DMA_Abort)
    [Anonymous Symbol]                       0x2000047c   Section        0  lto-llvm-dbbc46.o(.text.HAL_DMA_Abort)
    HAL_DMA_IRQHandler                       0x20000509   Thumb Code   380  lto-llvm-dbbc46.o(.text.HAL_DMA_IRQHandler)
    [Anonymous Symbol]                       0x20000508   Section        0  lto-llvm-dbbc46.o(.text.HAL_DMA_IRQHandler)
    HAL_DMA_Init                             0x20000685   Thumb Code   340  lto-llvm-dbbc46.o(.text.HAL_DMA_Init)
    [Anonymous Symbol]                       0x20000684   Section        0  lto-llvm-dbbc46.o(.text.HAL_DMA_Init)
    DMA_CalcBaseAndBitshift.flagBitshiftOffset 0x200007d0   Number         0  lto-llvm-dbbc46.o(.text.HAL_DMA_Init)
    HAL_DMA_Start_IT                         0x200007d9   Thumb Code   170  lto-llvm-dbbc46.o(.text.HAL_DMA_Start_IT)
    [Anonymous Symbol]                       0x200007d8   Section        0  lto-llvm-dbbc46.o(.text.HAL_DMA_Start_IT)
    HAL_GPIO_DeInit                          0x20000885   Thumb Code   244  lto-llvm-dbbc46.o(.text.HAL_GPIO_DeInit)
    [Anonymous Symbol]                       0x20000884   Section        0  lto-llvm-dbbc46.o(.text.HAL_GPIO_DeInit)
    HAL_GPIO_Init                            0x20000979   Thumb Code   412  lto-llvm-dbbc46.o(.text.HAL_GPIO_Init)
    [Anonymous Symbol]                       0x20000978   Section        0  lto-llvm-dbbc46.o(.text.HAL_GPIO_Init)
    HAL_InitTick                             0x20000b15   Thumb Code   112  lto-llvm-dbbc46.o(.text.HAL_InitTick)
    [Anonymous Symbol]                       0x20000b14   Section        0  lto-llvm-dbbc46.o(.text.HAL_InitTick)
    HAL_PCD_Stop                             0x20000b85   Thumb Code   178  lto-llvm-dbbc46.o(.text.HAL_PCD_Stop)
    [Anonymous Symbol]                       0x20000b84   Section        0  lto-llvm-dbbc46.o(.text.HAL_PCD_Stop)
    MSC_BOT_Abort                            0x20000c37   Thumb Code    72  lto-llvm-dbbc46.o(.text.MSC_BOT_Abort)
    [Anonymous Symbol]                       0x20000c36   Section        0  lto-llvm-dbbc46.o(.text.MSC_BOT_Abort)
    MSC_BOT_CplClrFeature                    0x20000c7f   Thumb Code    48  lto-llvm-dbbc46.o(.text.MSC_BOT_CplClrFeature)
    [Anonymous Symbol]                       0x20000c7e   Section        0  lto-llvm-dbbc46.o(.text.MSC_BOT_CplClrFeature)
    MSC_BOT_DataIn                           0x20000caf   Thumb Code    68  lto-llvm-dbbc46.o(.text.MSC_BOT_DataIn)
    [Anonymous Symbol]                       0x20000cae   Section        0  lto-llvm-dbbc46.o(.text.MSC_BOT_DataIn)
    MSC_BOT_DataOut                          0x20000cf3   Thumb Code   250  lto-llvm-dbbc46.o(.text.MSC_BOT_DataOut)
    [Anonymous Symbol]                       0x20000cf2   Section        0  lto-llvm-dbbc46.o(.text.MSC_BOT_DataOut)
    MSC_BOT_Init                             0x20000ded   Thumb Code    60  lto-llvm-dbbc46.o(.text.MSC_BOT_Init)
    [Anonymous Symbol]                       0x20000dec   Section        0  lto-llvm-dbbc46.o(.text.MSC_BOT_Init)
    MSC_BOT_SendCSW                          0x20000e29   Thumb Code    60  lto-llvm-dbbc46.o(.text.MSC_BOT_SendCSW)
    [Anonymous Symbol]                       0x20000e28   Section        0  lto-llvm-dbbc46.o(.text.MSC_BOT_SendCSW)
    [Anonymous Symbol]                       0x20000e64   Section        0  lto-llvm-dbbc46.o(.text.OTG_FS_IRQHandler)
    ReadStatusReg                            0x20001d01   Thumb Code   196  lto-llvm-dbbc46.o(.text.ReadStatusReg)
    [Anonymous Symbol]                       0x20001d00   Section        0  lto-llvm-dbbc46.o(.text.ReadStatusReg)
    SCSI_ProcessCmd                          0x20001dc5   Thumb Code  1308  lto-llvm-dbbc46.o(.text.SCSI_ProcessCmd)
    [Anonymous Symbol]                       0x20001dc4   Section        0  lto-llvm-dbbc46.o(.text.SCSI_ProcessCmd)
    MSC_Mode_Sense10_data                    0x200022c8   Number         0  lto-llvm-dbbc46.o(.text.SCSI_ProcessCmd)
    MSC_Mode_Sense6_data                     0x200022d0   Number         0  lto-llvm-dbbc46.o(.text.SCSI_ProcessCmd)
    MSC_Page00_Inquiry_Data                  0x200022d8   Number         0  lto-llvm-dbbc46.o(.text.SCSI_ProcessCmd)
    SPI2_Control                             0x200022e1   Thumb Code   998  lto-llvm-dbbc46.o(.text.SPI2_Control)
    [Anonymous Symbol]                       0x200022e0   Section        0  lto-llvm-dbbc46.o(.text.SPI2_Control)
    [Anonymous Symbol]                       0x200026c6   Section        0  lto-llvm-dbbc46.o(.text.SPI2_IRQHandler)
    SPI2_RX_DMA_Complete                     0x2000280b   Thumb Code    44  lto-llvm-dbbc46.o(.text.SPI2_RX_DMA_Complete)
    [Anonymous Symbol]                       0x2000280a   Section        0  lto-llvm-dbbc46.o(.text.SPI2_RX_DMA_Complete)
    SPI2_Send                                0x20002837   Thumb Code   236  lto-llvm-dbbc46.o(.text.SPI2_Send)
    [Anonymous Symbol]                       0x20002836   Section        0  lto-llvm-dbbc46.o(.text.SPI2_Send)
    SPI2_TX_DMA_Complete                     0x20002923   Thumb Code    32  lto-llvm-dbbc46.o(.text.SPI2_TX_DMA_Complete)
    [Anonymous Symbol]                       0x20002922   Section        0  lto-llvm-dbbc46.o(.text.SPI2_TX_DMA_Complete)
    SPI2_Transfer                            0x20002943   Thumb Code   226  lto-llvm-dbbc46.o(.text.SPI2_Transfer)
    [Anonymous Symbol]                       0x20002942   Section        0  lto-llvm-dbbc46.o(.text.SPI2_Transfer)
    STORAGE_GetCapacity_FS                   0x20002a25   Thumb Code    40  lto-llvm-dbbc46.o(.text.STORAGE_GetCapacity_FS)
    [Anonymous Symbol]                       0x20002a24   Section        0  lto-llvm-dbbc46.o(.text.STORAGE_GetCapacity_FS)
    STORAGE_GetMaxLun_FS                     0x20002a4d   Thumb Code     4  lto-llvm-dbbc46.o(.text.STORAGE_GetMaxLun_FS)
    [Anonymous Symbol]                       0x20002a4c   Section        0  lto-llvm-dbbc46.o(.text.STORAGE_GetMaxLun_FS)
    STORAGE_Init_FS                          0x20002a51   Thumb Code     4  lto-llvm-dbbc46.o(.text.STORAGE_Init_FS)
    [Anonymous Symbol]                       0x20002a50   Section        0  lto-llvm-dbbc46.o(.text.STORAGE_Init_FS)
    STORAGE_IsReady_FS                       0x20002a55   Thumb Code     4  lto-llvm-dbbc46.o(.text.STORAGE_IsReady_FS)
    [Anonymous Symbol]                       0x20002a54   Section        0  lto-llvm-dbbc46.o(.text.STORAGE_IsReady_FS)
    STORAGE_IsWriteProtected_FS              0x20002a59   Thumb Code    18  lto-llvm-dbbc46.o(.text.STORAGE_IsWriteProtected_FS)
    [Anonymous Symbol]                       0x20002a58   Section        0  lto-llvm-dbbc46.o(.text.STORAGE_IsWriteProtected_FS)
    STORAGE_Read_FS                          0x20002a6d   Thumb Code   144  lto-llvm-dbbc46.o(.text.STORAGE_Read_FS)
    [Anonymous Symbol]                       0x20002a6c   Section        0  lto-llvm-dbbc46.o(.text.STORAGE_Read_FS)
    STORAGE_Write_FS                         0x20002afd   Thumb Code   428  lto-llvm-dbbc46.o(.text.STORAGE_Write_FS)
    [Anonymous Symbol]                       0x20002afc   Section        0  lto-llvm-dbbc46.o(.text.STORAGE_Write_FS)
    SetWriteEnable                           0x20002ca9   Thumb Code   228  lto-llvm-dbbc46.o(.text.SetWriteEnable)
    [Anonymous Symbol]                       0x20002ca8   Section        0  lto-llvm-dbbc46.o(.text.SetWriteEnable)
    [Anonymous Symbol]                       0x20002d8c   Section        0  lto-llvm-dbbc46.o(.text.SysTick_Handler)
    [Anonymous Symbol]                       0x20002d9c   Section        0  lto-llvm-dbbc46.o(.text.SystemInit)
    USBD_FS_ConfigStrDescriptor              0x20002df5   Thumb Code    32  lto-llvm-dbbc46.o(.text.USBD_FS_ConfigStrDescriptor)
    [Anonymous Symbol]                       0x20002df4   Section        0  lto-llvm-dbbc46.o(.text.USBD_FS_ConfigStrDescriptor)
    USBD_FS_DeviceDescriptor                 0x20002e15   Thumb Code    14  lto-llvm-dbbc46.o(.text.USBD_FS_DeviceDescriptor)
    [Anonymous Symbol]                       0x20002e14   Section        0  lto-llvm-dbbc46.o(.text.USBD_FS_DeviceDescriptor)
    USBD_FS_InterfaceStrDescriptor           0x20002e25   Thumb Code    36  lto-llvm-dbbc46.o(.text.USBD_FS_InterfaceStrDescriptor)
    [Anonymous Symbol]                       0x20002e24   Section        0  lto-llvm-dbbc46.o(.text.USBD_FS_InterfaceStrDescriptor)
    USBD_FS_LangIDStrDescriptor              0x20002e49   Thumb Code    14  lto-llvm-dbbc46.o(.text.USBD_FS_LangIDStrDescriptor)
    [Anonymous Symbol]                       0x20002e48   Section        0  lto-llvm-dbbc46.o(.text.USBD_FS_LangIDStrDescriptor)
    USBD_FS_ManufacturerStrDescriptor        0x20002e59   Thumb Code    40  lto-llvm-dbbc46.o(.text.USBD_FS_ManufacturerStrDescriptor)
    [Anonymous Symbol]                       0x20002e58   Section        0  lto-llvm-dbbc46.o(.text.USBD_FS_ManufacturerStrDescriptor)
    USBD_FS_ProductStrDescriptor             0x20002e81   Thumb Code    40  lto-llvm-dbbc46.o(.text.USBD_FS_ProductStrDescriptor)
    [Anonymous Symbol]                       0x20002e80   Section        0  lto-llvm-dbbc46.o(.text.USBD_FS_ProductStrDescriptor)
    USBD_FS_SerialStrDescriptor              0x20002ea9   Thumb Code    36  lto-llvm-dbbc46.o(.text.USBD_FS_SerialStrDescriptor)
    [Anonymous Symbol]                       0x20002ea8   Section        0  lto-llvm-dbbc46.o(.text.USBD_FS_SerialStrDescriptor)
    USBD_GetString                           0x20002ecd   Thumb Code    98  lto-llvm-dbbc46.o(.text.USBD_GetString)
    [Anonymous Symbol]                       0x20002ecc   Section        0  lto-llvm-dbbc46.o(.text.USBD_GetString)
    USBD_LL_CloseEP                          0x20002f31   Thumb Code   280  lto-llvm-dbbc46.o(.text.USBD_LL_CloseEP)
    [Anonymous Symbol]                       0x20002f30   Section        0  lto-llvm-dbbc46.o(.text.USBD_LL_CloseEP)
    USBD_LL_FlushEP                          0x20003049   Thumb Code   108  lto-llvm-dbbc46.o(.text.USBD_LL_FlushEP)
    [Anonymous Symbol]                       0x20003048   Section        0  lto-llvm-dbbc46.o(.text.USBD_LL_FlushEP)
    USBD_LL_OpenEP                           0x200030b5   Thumb Code   214  lto-llvm-dbbc46.o(.text.USBD_LL_OpenEP)
    [Anonymous Symbol]                       0x200030b4   Section        0  lto-llvm-dbbc46.o(.text.USBD_LL_OpenEP)
    USBD_LL_PrepareReceive                   0x2000318b   Thumb Code    80  lto-llvm-dbbc46.o(.text.USBD_LL_PrepareReceive)
    [Anonymous Symbol]                       0x2000318a   Section        0  lto-llvm-dbbc46.o(.text.USBD_LL_PrepareReceive)
    USBD_LL_StallEP                          0x200031db   Thumb Code   192  lto-llvm-dbbc46.o(.text.USBD_LL_StallEP)
    [Anonymous Symbol]                       0x200031da   Section        0  lto-llvm-dbbc46.o(.text.USBD_LL_StallEP)
    USBD_LL_Transmit                         0x2000329b   Thumb Code    72  lto-llvm-dbbc46.o(.text.USBD_LL_Transmit)
    [Anonymous Symbol]                       0x2000329a   Section        0  lto-llvm-dbbc46.o(.text.USBD_LL_Transmit)
    USBD_MSC_DataIn                          0x200032e3   Thumb Code    10  lto-llvm-dbbc46.o(.text.USBD_MSC_DataIn)
    [Anonymous Symbol]                       0x200032e2   Section        0  lto-llvm-dbbc46.o(.text.USBD_MSC_DataIn)
    USBD_MSC_DataOut                         0x200032ed   Thumb Code    10  lto-llvm-dbbc46.o(.text.USBD_MSC_DataOut)
    [Anonymous Symbol]                       0x200032ec   Section        0  lto-llvm-dbbc46.o(.text.USBD_MSC_DataOut)
    USBD_MSC_DeInit                          0x200032f7   Thumb Code    42  lto-llvm-dbbc46.o(.text.USBD_MSC_DeInit)
    [Anonymous Symbol]                       0x200032f6   Section        0  lto-llvm-dbbc46.o(.text.USBD_MSC_DeInit)
    USBD_MSC_GetDeviceQualifierDescriptor    0x20003321   Thumb Code    14  lto-llvm-dbbc46.o(.text.USBD_MSC_GetDeviceQualifierDescriptor)
    [Anonymous Symbol]                       0x20003320   Section        0  lto-llvm-dbbc46.o(.text.USBD_MSC_GetDeviceQualifierDescriptor)
    USBD_MSC_GetFSCfgDesc                    0x2000332f   Thumb Code    14  lto-llvm-dbbc46.o(.text.USBD_MSC_GetFSCfgDesc)
    [Anonymous Symbol]                       0x2000332e   Section        0  lto-llvm-dbbc46.o(.text.USBD_MSC_GetFSCfgDesc)
    USBD_MSC_GetHSCfgDesc                    0x2000333d   Thumb Code    14  lto-llvm-dbbc46.o(.text.USBD_MSC_GetHSCfgDesc)
    [Anonymous Symbol]                       0x2000333c   Section        0  lto-llvm-dbbc46.o(.text.USBD_MSC_GetHSCfgDesc)
    USBD_MSC_GetOtherSpeedCfgDesc            0x2000334b   Thumb Code    14  lto-llvm-dbbc46.o(.text.USBD_MSC_GetOtherSpeedCfgDesc)
    [Anonymous Symbol]                       0x2000334a   Section        0  lto-llvm-dbbc46.o(.text.USBD_MSC_GetOtherSpeedCfgDesc)
    USBD_MSC_Init                            0x20003359   Thumb Code    88  lto-llvm-dbbc46.o(.text.USBD_MSC_Init)
    [Anonymous Symbol]                       0x20003358   Section        0  lto-llvm-dbbc46.o(.text.USBD_MSC_Init)
    USBD_MSC_Setup                           0x200033b1   Thumb Code   248  lto-llvm-dbbc46.o(.text.USBD_MSC_Setup)
    [Anonymous Symbol]                       0x200033b0   Section        0  lto-llvm-dbbc46.o(.text.USBD_MSC_Setup)
    USB_EP0StartXfer                         0x200034a9   Thumb Code   250  lto-llvm-dbbc46.o(.text.USB_EP0StartXfer)
    [Anonymous Symbol]                       0x200034a8   Section        0  lto-llvm-dbbc46.o(.text.USB_EP0StartXfer)
    USB_EPStartXfer                          0x200035a5   Thumb Code   408  lto-llvm-dbbc46.o(.text.USB_EPStartXfer)
    [Anonymous Symbol]                       0x200035a4   Section        0  lto-llvm-dbbc46.o(.text.USB_EPStartXfer)
    WriteStatusReg                           0x2000373d   Thumb Code   382  lto-llvm-dbbc46.o(.text.WriteStatusReg)
    [Anonymous Symbol]                       0x2000373c   Section        0  lto-llvm-dbbc46.o(.text.WriteStatusReg)
    Write_LL                                 0x200038bd   Thumb Code   224  lto-llvm-dbbc46.o(.text.Write_LL)
    [Anonymous Symbol]                       0x200038bc   Section        0  lto-llvm-dbbc46.o(.text.Write_LL)
    _Error_Handler                           0x2000399d   Thumb Code    92  lto-llvm-dbbc46.o(.text._Error_Handler)
    [Anonymous Symbol]                       0x2000399c   Section        0  lto-llvm-dbbc46.o(.text._Error_Handler)
    [Anonymous Symbol]                       0x200039f8   Section        0  lto-llvm-dbbc46.o(.text.fputc)
    isErased                                 0x20003a39   Thumb Code    90  lto-llvm-dbbc46.o(.text.isErased)
    [Anonymous Symbol]                       0x20003a38   Section        0  lto-llvm-dbbc46.o(.text.isErased)
    [Anonymous Symbol]                       0x20003a94   Section        0  lto-llvm-dbbc46.o(.text.main)
    AHBPrescTable                            0x20004bbc   Number         0  lto-llvm-dbbc46.o(.text.main)
    spi_spd                                  0x20004c20   Number         0  lto-llvm-dbbc46.o(.text.main)
    spi_chip_read                            0x20004c39   Thumb Code   464  lto-llvm-dbbc46.o(.text.spi_chip_read)
    [Anonymous Symbol]                       0x20004c38   Section        0  lto-llvm-dbbc46.o(.text.spi_chip_read)
    spi_chip_write_1                         0x20004e09   Thumb Code   508  lto-llvm-dbbc46.o(.text.spi_chip_write_1)
    [Anonymous Symbol]                       0x20004e08   Section        0  lto-llvm-dbbc46.o(.text.spi_chip_write_1)
    spi_chip_write_256                       0x20005005   Thumb Code   428  lto-llvm-dbbc46.o(.text.spi_chip_write_256)
    [Anonymous Symbol]                       0x20005004   Section        0  lto-llvm-dbbc46.o(.text.spi_chip_write_256)
    spi_chip_write_af                        0x200051b1   Thumb Code   732  lto-llvm-dbbc46.o(.text.spi_chip_write_af)
    [Anonymous Symbol]                       0x200051b0   Section        0  lto-llvm-dbbc46.o(.text.spi_chip_write_af)
    spi_disable_blockprotect                 0x2000548d   Thumb Code    12  lto-llvm-dbbc46.o(.text.spi_disable_blockprotect)
    [Anonymous Symbol]                       0x2000548c   Section        0  lto-llvm-dbbc46.o(.text.spi_disable_blockprotect)
    spi_disable_blockprotect_at2x_global_unprotect 0x20005499   Thumb Code    12  lto-llvm-dbbc46.o(.text.spi_disable_blockprotect_at2x_global_unprotect)
    [Anonymous Symbol]                       0x20005498   Section        0  lto-llvm-dbbc46.o(.text.spi_disable_blockprotect_at2x_global_unprotect)
    spi_disable_blockprotect_generic         0x200054a5   Thumb Code   376  lto-llvm-dbbc46.o(.text.spi_disable_blockprotect_generic)
    [Anonymous Symbol]                       0x200054a4   Section        0  lto-llvm-dbbc46.o(.text.spi_disable_blockprotect_generic)
    spi_erase_bulk                           0x2000561d   Thumb Code   408  lto-llvm-dbbc46.o(.text.spi_erase_bulk)
    [Anonymous Symbol]                       0x2000561c   Section        0  lto-llvm-dbbc46.o(.text.spi_erase_bulk)
    spi_erase_bulk_sec                       0x200057b5   Thumb Code   338  lto-llvm-dbbc46.o(.text.spi_erase_bulk_sec)
    [Anonymous Symbol]                       0x200057b4   Section        0  lto-llvm-dbbc46.o(.text.spi_erase_bulk_sec)
    i.__0printf$8                            0x20005908   Section        0  printf8.o(i.__0printf$8)
    i.__scatterload_copy                     0x20005928   Section       14  handlers.o(i.__scatterload_copy)
    i.__scatterload_null                     0x20005936   Section        2  handlers.o(i.__scatterload_null)
    i.__scatterload_zeroinit                 0x20005938   Section       14  handlers.o(i.__scatterload_zeroinit)
    _printf_core                             0x20005949   Thumb Code   996  printf8.o(i._printf_core)
    i._printf_core                           0x20005948   Section        0  printf8.o(i._printf_core)
    _printf_post_padding                     0x20005d59   Thumb Code    36  printf8.o(i._printf_post_padding)
    i._printf_post_padding                   0x20005d58   Section        0  printf8.o(i._printf_post_padding)
    _printf_pre_padding                      0x20005d7d   Thumb Code    46  printf8.o(i._printf_pre_padding)
    i._printf_pre_padding                    0x20005d7c   Section        0  printf8.o(i._printf_pre_padding)
    i.free                                   0x20005dac   Section        0  malloc.o(i.free)
    i.malloc                                 0x20005dfc   Section        0  malloc.o(i.malloc)
    i.puts                                   0x20005e68   Section        0  puts.o(i.puts)
    STORAGE_Inquirydata_FS                   0x20005e8c   Data          36  lto-llvm-dbbc46.o(.rodata.STORAGE_Inquirydata_FS)
    [Anonymous Symbol]                       0x20005e8c   Section        0  lto-llvm-dbbc46.o(.rodata.STORAGE_Inquirydata_FS)
    APBPrescTable                            0x20005eb0   Data           8  lto-llvm-dbbc46.o(.rodata.cst8)
    flashchips                               0x20005eb8   Data        9184  lto-llvm-dbbc46.o(.rodata.flashchips)
    [Anonymous Symbol]                       0x20005eb8   Section        0  lto-llvm-dbbc46.o(.rodata.flashchips)
    .Lstr.29                                 0x20008298   Data          22  lto-llvm-dbbc46.o(.rodata.str1.1)
    [Anonymous Symbol]                       0x20008298   Section        0  lto-llvm-dbbc46.o(.rodata.str1.1)
    .Lstr.20                                 0x200082ae   Data          40  lto-llvm-dbbc46.o(.rodata.str1.1)
    .L.str.10                                0x200082d6   Data          11  lto-llvm-dbbc46.o(.rodata.str1.1)
    .L.str.11                                0x200082e1   Data          14  lto-llvm-dbbc46.o(.rodata.str1.1)
    .L.str.14                                0x200082ef   Data          13  lto-llvm-dbbc46.o(.rodata.str1.1)
    .L.str.27                                0x200082fc   Data          24  lto-llvm-dbbc46.o(.rodata.str1.1)
    .Lstr.19                                 0x20008314   Data          10  lto-llvm-dbbc46.o(.rodata.str1.1)
    .Lstr.23                                 0x2000831e   Data          30  lto-llvm-dbbc46.o(.rodata.str1.1)
    .Lstr.21                                 0x2000833c   Data          30  lto-llvm-dbbc46.o(.rodata.str1.1)
    .Lstr.25                                 0x2000835a   Data          73  lto-llvm-dbbc46.o(.rodata.str1.1)
    .L.str.4.128                             0x200083a3   Data           8  lto-llvm-dbbc46.o(.rodata.str1.1)
    .L.str.5.129                             0x200083ab   Data           8  lto-llvm-dbbc46.o(.rodata.str1.1)
    .L.str.9.131                             0x200083b3   Data           8  lto-llvm-dbbc46.o(.rodata.str1.1)
    .L.str.6                                 0x200083bb   Data           8  lto-llvm-dbbc46.o(.rodata.str1.1)
    .L.str.19                                0x200083c3   Data           7  lto-llvm-dbbc46.o(.rodata.str1.1)
    .L.str.25                                0x200083ca   Data           7  lto-llvm-dbbc46.o(.rodata.str1.1)
    .L.str.1.125                             0x200083d1   Data          10  lto-llvm-dbbc46.o(.rodata.str1.1)
    .L.str.8.130                             0x200083db   Data           8  lto-llvm-dbbc46.o(.rodata.str1.1)
    .L.str.21                                0x200083e3   Data           7  lto-llvm-dbbc46.o(.rodata.str1.1)
    .L.str.12                                0x200083ea   Data           8  lto-llvm-dbbc46.o(.rodata.str1.1)
    .L.str.23                                0x200083f2   Data           7  lto-llvm-dbbc46.o(.rodata.str1.1)
    .L.str.7                                 0x200083f9   Data           8  lto-llvm-dbbc46.o(.rodata.str1.1)
    .L.str.20                                0x20008401   Data           7  lto-llvm-dbbc46.o(.rodata.str1.1)
    .L.str.13                                0x20008408   Data           9  lto-llvm-dbbc46.o(.rodata.str1.1)
    .L.str.16                                0x20008411   Data          12  lto-llvm-dbbc46.o(.rodata.str1.1)
    .L.str.2.126                             0x2000841d   Data          11  lto-llvm-dbbc46.o(.rodata.str1.1)
    .Lstr.28                                 0x20008428   Data          28  lto-llvm-dbbc46.o(.rodata.str1.1)
    .L.str.15                                0x20008444   Data           4  lto-llvm-dbbc46.o(.rodata.str1.1)
    .L.str.22                                0x20008448   Data           9  lto-llvm-dbbc46.o(.rodata.str1.1)
    .L.str.24                                0x20008451   Data           9  lto-llvm-dbbc46.o(.rodata.str1.1)
    .L.str.18                                0x2000845a   Data           9  lto-llvm-dbbc46.o(.rodata.str1.1)
    .L.str.1.66                              0x20008463   Data          14  lto-llvm-dbbc46.o(.rodata.str1.1)
    .L.str.26                                0x20008471   Data           8  lto-llvm-dbbc46.o(.rodata.str1.1)
    .Lstr.30                                 0x20008479   Data          66  lto-llvm-dbbc46.o(.rodata.str1.1)
    .L.str.17                                0x200084bb   Data           8  lto-llvm-dbbc46.o(.rodata.str1.1)
    .L.str.124                               0x200084c3   Data           6  lto-llvm-dbbc46.o(.rodata.str1.1)
    .L.str.3.127                             0x200084c9   Data           4  lto-llvm-dbbc46.o(.rodata.str1.1)
    .L.str.3.117                             0x200084cd   Data          32  lto-llvm-dbbc46.o(.rodata.str1.1)
    .data                                    0x20010000   Section        4  stdout.o(.data)
    .data                                    0x20010004   Section        4  mvars.o(.data)
    .data                                    0x20010008   Section        4  mvars.o(.data)
    FS_Desc                                  0x2001000c   Data          28  lto-llvm-dbbc46.o(.data.FS_Desc)
    [Anonymous Symbol]                       0x2001000c   Section        0  lto-llvm-dbbc46.o(.data.FS_Desc)
    FlashInfo                                0x20010028   Data          24  lto-llvm-dbbc46.o(.data.FlashInfo)
    [Anonymous Symbol]                       0x20010028   Section        0  lto-llvm-dbbc46.o(.data.FlashInfo)
    Label_disk                               0x20010040   Data          32  lto-llvm-dbbc46.o(.data.Label_disk)
    [Anonymous Symbol]                       0x20010040   Section        0  lto-llvm-dbbc46.o(.data.Label_disk)
    SystemCoreClock                          0x20010060   Data           4  lto-llvm-dbbc46.o(.data.SystemCoreClock)
    [Anonymous Symbol]                       0x20010060   Section        0  lto-llvm-dbbc46.o(.data.SystemCoreClock)
    USBD_FS_DeviceDesc                       0x20010064   Data          18  lto-llvm-dbbc46.o(.data.USBD_FS_DeviceDesc)
    [Anonymous Symbol]                       0x20010064   Section        0  lto-llvm-dbbc46.o(.data.USBD_FS_DeviceDesc)
    USBD_LangIDDesc                          0x20010078   Data           4  lto-llvm-dbbc46.o(.data.USBD_LangIDDesc)
    [Anonymous Symbol]                       0x20010078   Section        0  lto-llvm-dbbc46.o(.data.USBD_LangIDDesc)
    USBD_MSC                                 0x2001007c   Data          56  lto-llvm-dbbc46.o(.data.USBD_MSC)
    [Anonymous Symbol]                       0x2001007c   Section        0  lto-llvm-dbbc46.o(.data.USBD_MSC)
    USBD_MSC_CfgFSDesc                       0x200100b4   Data          32  lto-llvm-dbbc46.o(.data.USBD_MSC_CfgFSDesc)
    [Anonymous Symbol]                       0x200100b4   Section        0  lto-llvm-dbbc46.o(.data.USBD_MSC_CfgFSDesc)
    USBD_MSC_CfgHSDesc                       0x200100d4   Data          32  lto-llvm-dbbc46.o(.data.USBD_MSC_CfgHSDesc)
    [Anonymous Symbol]                       0x200100d4   Section        0  lto-llvm-dbbc46.o(.data.USBD_MSC_CfgHSDesc)
    USBD_MSC_DeviceQualifierDesc             0x200100f4   Data          10  lto-llvm-dbbc46.o(.data.USBD_MSC_DeviceQualifierDesc)
    [Anonymous Symbol]                       0x200100f4   Section        0  lto-llvm-dbbc46.o(.data.USBD_MSC_DeviceQualifierDesc)
    USBD_MSC_OtherSpeedCfgDesc               0x20010100   Data          32  lto-llvm-dbbc46.o(.data.USBD_MSC_OtherSpeedCfgDesc)
    [Anonymous Symbol]                       0x20010100   Section        0  lto-llvm-dbbc46.o(.data.USBD_MSC_OtherSpeedCfgDesc)
    USBD_Storage_Interface_fops_FS           0x20010120   Data          32  lto-llvm-dbbc46.o(.data.USBD_Storage_Interface_fops_FS)
    [Anonymous Symbol]                       0x20010120   Section        0  lto-llvm-dbbc46.o(.data.USBD_Storage_Interface_fops_FS)
    blink                                    0x20010140   Data           4  lto-llvm-dbbc46.o(.data.blink)
    [Anonymous Symbol]                       0x20010140   Section        0  lto-llvm-dbbc46.o(.data.blink)
    boot_sec                                 0x20010144   Data          70  lto-llvm-dbbc46.o(.data.boot_sec)
    [Anonymous Symbol]                       0x20010144   Section        0  lto-llvm-dbbc46.o(.data.boot_sec)
    CRCValue_actual                          0x20010190   Data           4  lto-llvm-dbbc46.o(.bss.CRCValue_actual)
    [Anonymous Symbol]                       0x20010190   Section        0  lto-llvm-dbbc46.o(.bss.CRCValue_actual)
    CRCValue_nominal                         0x20010194   Data           4  lto-llvm-dbbc46.o(.bss.CRCValue_nominal)
    [Anonymous Symbol]                       0x20010194   Section        0  lto-llvm-dbbc46.o(.bss.CRCValue_nominal)
    FAT                                      0x20010198   Data       13312  lto-llvm-dbbc46.o(.bss.FAT)
    [Anonymous Symbol]                       0x20010198   Section        0  lto-llvm-dbbc46.o(.bss.FAT)
    Flags                                    0x20013598   Data           1  lto-llvm-dbbc46.o(.bss.Flags)
    [Anonymous Symbol]                       0x20013598   Section        0  lto-llvm-dbbc46.o(.bss.Flags)
    FlashStatus                              0x2001359c   Data           4  lto-llvm-dbbc46.o(.bss.FlashStatus)
    [Anonymous Symbol]                       0x2001359c   Section        0  lto-llvm-dbbc46.o(.bss.FlashStatus)
    SPI2_Info.1.0                            0x200135a0   Data           1  lto-llvm-dbbc46.o(.bss.SPI2_Info.1.0)
    [Anonymous Symbol]                       0x200135a0   Section        0  lto-llvm-dbbc46.o(.bss.SPI2_Info.1.0)
    SPI2_Info.2                              0x200135a4   Data           4  lto-llvm-dbbc46.o(.bss.SPI2_Info.2)
    [Anonymous Symbol]                       0x200135a4   Section        0  lto-llvm-dbbc46.o(.bss.SPI2_Info.2)
    SPI2_Info.3                              0x200135a8   Data           4  lto-llvm-dbbc46.o(.bss.SPI2_Info.3)
    [Anonymous Symbol]                       0x200135a8   Section        0  lto-llvm-dbbc46.o(.bss.SPI2_Info.3)
    SPI2_TransferInfo                        0x200135ac   Data          28  lto-llvm-dbbc46.o(.bss.SPI2_TransferInfo)
    [Anonymous Symbol]                       0x200135ac   Section        0  lto-llvm-dbbc46.o(.bss.SPI2_TransferInfo)
    USBD_SetConfig.cfgidx                    0x200135c8   Data           1  lto-llvm-dbbc46.o(.bss.USBD_SetConfig.cfgidx)
    [Anonymous Symbol]                       0x200135c8   Section        0  lto-llvm-dbbc46.o(.bss.USBD_SetConfig.cfgidx)
    USBD_StrDesc                             0x200135cc   Data         512  lto-llvm-dbbc46.o(.bss.USBD_StrDesc)
    [Anonymous Symbol]                       0x200135cc   Section        0  lto-llvm-dbbc46.o(.bss.USBD_StrDesc)
    Wr_Protect                               0x200137cc   Data           1  lto-llvm-dbbc46.o(.bss.Wr_Protect)
    [Anonymous Symbol]                       0x200137cc   Section        0  lto-llvm-dbbc46.o(.bss.Wr_Protect)
    complet                                  0x200137cd   Data           1  lto-llvm-dbbc46.o(.bss.complet)
    [Anonymous Symbol]                       0x200137cd   Section        0  lto-llvm-dbbc46.o(.bss.complet)
    crc_buf                                  0x200137d0   Data         512  lto-llvm-dbbc46.o(.bss.crc_buf)
    [Anonymous Symbol]                       0x200137d0   Section        0  lto-llvm-dbbc46.o(.bss.crc_buf)
    error                                    0x200139d0   Data           1  lto-llvm-dbbc46.o(.bss.error)
    [Anonymous Symbol]                       0x200139d0   Section        0  lto-llvm-dbbc46.o(.bss.error)
    file_size                                0x200139d4   Data           4  lto-llvm-dbbc46.o(.bss.file_size)
    [Anonymous Symbol]                       0x200139d4   Section        0  lto-llvm-dbbc46.o(.bss.file_size)
    flschip                                  0x200139d8   Data           4  lto-llvm-dbbc46.o(.bss.flschip)
    [Anonymous Symbol]                       0x200139d8   Section        0  lto-llvm-dbbc46.o(.bss.flschip)
    hUsbDeviceFS                             0x200139dc   Data         548  lto-llvm-dbbc46.o(.bss.hUsbDeviceFS)
    [Anonymous Symbol]                       0x200139dc   Section        0  lto-llvm-dbbc46.o(.bss.hUsbDeviceFS)
    hdma_spi2_rx                             0x20013c00   Data          96  lto-llvm-dbbc46.o(.bss.hdma_spi2_rx)
    [Anonymous Symbol]                       0x20013c00   Section        0  lto-llvm-dbbc46.o(.bss.hdma_spi2_rx)
    hdma_spi2_tx                             0x20013c60   Data          96  lto-llvm-dbbc46.o(.bss.hdma_spi2_tx)
    [Anonymous Symbol]                       0x20013c60   Section        0  lto-llvm-dbbc46.o(.bss.hdma_spi2_tx)
    hpcd_USB_OTG_FS                          0x20013cc0   Data        1008  lto-llvm-dbbc46.o(.bss.hpcd_USB_OTG_FS)
    [Anonymous Symbol]                       0x20013cc0   Section        0  lto-llvm-dbbc46.o(.bss.hpcd_USB_OTG_FS)
    jdc_id_.0                                0x200140b0   Data           1  lto-llvm-dbbc46.o(.bss.jdc_id_.0)
    [Anonymous Symbol]                       0x200140b0   Section        0  lto-llvm-dbbc46.o(.bss.jdc_id_.0)
    jdc_id_.1                                0x200140b2   Data           2  lto-llvm-dbbc46.o(.bss.jdc_id_.1)
    [Anonymous Symbol]                       0x200140b2   Section        0  lto-llvm-dbbc46.o(.bss.jdc_id_.1)
    mod                                      0x200140b4   Data           1  lto-llvm-dbbc46.o(.bss.mod)
    [Anonymous Symbol]                       0x200140b4   Section        0  lto-llvm-dbbc46.o(.bss.mod)
    modulo                                   0x200140b6   Data           2  lto-llvm-dbbc46.o(.bss.modulo)
    [Anonymous Symbol]                       0x200140b6   Section        0  lto-llvm-dbbc46.o(.bss.modulo)
    uwTick                                   0x200140b8   Data           4  lto-llvm-dbbc46.o(.bss.uwTick)
    [Anonymous Symbol]                       0x200140b8   Section        0  lto-llvm-dbbc46.o(.bss.uwTick)
    HEAP                                     0x200140c0   Section     8192  startup_stm32f407xx.o(HEAP)
    STACK                                    0x200160c0   Section     8192  startup_stm32f407xx.o(STACK)

    Global Symbols

    Symbol Name                              Value     Ov Type        Size  Object(Section)

    BuildAttributes$$THM_ISAv4$E$P$D$K$B$S$7EM$VFPi3$EXTD16$VFPS$VFMA$PE$A:L22UL41UL21$X:L11$S22US41US21$IEEE1$IW$~IW$USESV6$~STKCKD$USESV7$~SHL$OSPACE$ROPI$IEEEF$EBA8$MICROLIB$REQ8$PRES8$EABIv2 0x00000000   Number         0  anon$$obj.o ABSOLUTE
    _printf_a                                0x00000000   Number         0  stubs.o ABSOLUTE
    _printf_c                                0x00000000   Number         0  stubs.o ABSOLUTE
    _printf_charcount                        0x00000000   Number         0  stubs.o ABSOLUTE
    _printf_d                                0x00000000   Number         0  stubs.o ABSOLUTE
    _printf_e                                0x00000000   Number         0  stubs.o ABSOLUTE
    _printf_f                                0x00000000   Number         0  stubs.o ABSOLUTE
    _printf_flags                            0x00000000   Number         0  stubs.o ABSOLUTE
    _printf_fp_dec                           0x00000000   Number         0  stubs.o ABSOLUTE
    _printf_fp_hex                           0x00000000   Number         0  stubs.o ABSOLUTE
    _printf_g                                0x00000000   Number         0  stubs.o ABSOLUTE
    _printf_i                                0x00000000   Number         0  stubs.o ABSOLUTE
    _printf_int_dec                          0x00000000   Number         0  stubs.o ABSOLUTE
    _printf_l                                0x00000000   Number         0  stubs.o ABSOLUTE
    _printf_lc                               0x00000000   Number         0  stubs.o ABSOLUTE
    _printf_ll                               0x00000000   Number         0  stubs.o ABSOLUTE
    _printf_lld                              0x00000000   Number         0  stubs.o ABSOLUTE
    _printf_lli                              0x00000000   Number         0  stubs.o ABSOLUTE
    _printf_llo                              0x00000000   Number         0  stubs.o ABSOLUTE
    _printf_llu                              0x00000000   Number         0  stubs.o ABSOLUTE
    _printf_llx                              0x00000000   Number         0  stubs.o ABSOLUTE
    _printf_longlong_dec                     0x00000000   Number         0  stubs.o ABSOLUTE
    _printf_longlong_hex                     0x00000000   Number         0  stubs.o ABSOLUTE
    _printf_longlong_oct                     0x00000000   Number         0  stubs.o ABSOLUTE
    _printf_ls                               0x00000000   Number         0  stubs.o ABSOLUTE
    _printf_mbtowc                           0x00000000   Number         0  stubs.o ABSOLUTE
    _printf_n                                0x00000000   Number         0  stubs.o ABSOLUTE
    _printf_o                                0x00000000   Number         0  stubs.o ABSOLUTE
    _printf_p                                0x00000000   Number         0  stubs.o ABSOLUTE
    _printf_percent                          0x00000000   Number         0  stubs.o ABSOLUTE
    _printf_pre_padding                      0x00000000   Number         0  stubs.o ABSOLUTE
    _printf_return_value                     0x00000000   Number         0  stubs.o ABSOLUTE
    _printf_s                                0x00000000   Number         0  stubs.o ABSOLUTE
    _printf_sizespec                         0x00000000   Number         0  stubs.o ABSOLUTE
    _printf_str                              0x00000000   Number         0  stubs.o ABSOLUTE
    _printf_truncate_signed                  0x00000000   Number         0  stubs.o ABSOLUTE
    _printf_truncate_unsigned                0x00000000   Number         0  stubs.o ABSOLUTE
    _printf_u                                0x00000000   Number         0  stubs.o ABSOLUTE
    _printf_wc                               0x00000000   Number         0  stubs.o ABSOLUTE
    _printf_wctomb                           0x00000000   Number         0  stubs.o ABSOLUTE
    _printf_widthprec                        0x00000000   Number         0  stubs.o ABSOLUTE
    _printf_x                                0x00000000   Number         0  stubs.o ABSOLUTE
    __cpp_initialize__aeabi_                  - Undefined Weak Reference
    __cxa_finalize                            - Undefined Weak Reference
    _clock_init                               - Undefined Weak Reference
    _microlib_exit                            - Undefined Weak Reference
    __Vectors_Size                           0x00000188   Number         0  startup_stm32f407xx.o ABSOLUTE
    __Vectors                                0x20000000   Data           4  startup_stm32f407xx.o(RESET)
    __Vectors_End                            0x20000188   Data           0  startup_stm32f407xx.o(RESET)
    __main                                   0x20000189   Thumb Code     0  entry.o(.ARM.Collect$$$$00000000)
    _main_stk                                0x20000189   Thumb Code     0  entry2.o(.ARM.Collect$$$$00000001)
    _main_scatterload                        0x2000018d   Thumb Code     0  entry5.o(.ARM.Collect$$$$00000004)
    __main_after_scatterload                 0x20000191   Thumb Code     0  entry5.o(.ARM.Collect$$$$00000004)
    _main_clock                              0x20000191   Thumb Code     0  entry7b.o(.ARM.Collect$$$$00000008)
    _main_cpp_init                           0x20000191   Thumb Code     0  entry8b.o(.ARM.Collect$$$$0000000A)
    _main_init                               0x20000191   Thumb Code     0  entry9a.o(.ARM.Collect$$$$0000000B)
    __rt_final_cpp                           0x20000199   Thumb Code     0  entry10a.o(.ARM.Collect$$$$0000000D)
    __rt_final_exit                          0x20000199   Thumb Code     0  entry11a.o(.ARM.Collect$$$$0000000F)
    Reset_Handler                            0x2000019d   Thumb Code     8  startup_stm32f407xx.o(.text)
    NMI_Handler                              0x200001a5   Thumb Code     2  startup_stm32f407xx.o(.text)
    HardFault_Handler                        0x200001a7   Thumb Code     2  startup_stm32f407xx.o(.text)
    MemManage_Handler                        0x200001a9   Thumb Code     2  startup_stm32f407xx.o(.text)
    BusFault_Handler                         0x200001ab   Thumb Code     2  startup_stm32f407xx.o(.text)
    UsageFault_Handler                       0x200001ad   Thumb Code     2  startup_stm32f407xx.o(.text)
    SVC_Handler                              0x200001af   Thumb Code     2  startup_stm32f407xx.o(.text)
    DebugMon_Handler                         0x200001b1   Thumb Code     2  startup_stm32f407xx.o(.text)
    PendSV_Handler                           0x200001b3   Thumb Code     2  startup_stm32f407xx.o(.text)
    ADC_IRQHandler                           0x200001b7   Thumb Code     0  startup_stm32f407xx.o(.text)
    CAN1_RX0_IRQHandler                      0x200001b7   Thumb Code     0  startup_stm32f407xx.o(.text)
    CAN1_RX1_IRQHandler                      0x200001b7   Thumb Code     0  startup_stm32f407xx.o(.text)
    CAN1_SCE_IRQHandler                      0x200001b7   Thumb Code     0  startup_stm32f407xx.o(.text)
    CAN1_TX_IRQHandler                       0x200001b7   Thumb Code     0  startup_stm32f407xx.o(.text)
    CAN2_RX0_IRQHandler                      0x200001b7   Thumb Code     0  startup_stm32f407xx.o(.text)
    CAN2_RX1_IRQHandler                      0x200001b7   Thumb Code     0  startup_stm32f407xx.o(.text)
    CAN2_SCE_IRQHandler                      0x200001b7   Thumb Code     0  startup_stm32f407xx.o(.text)
    CAN2_TX_IRQHandler                       0x200001b7   Thumb Code     0  startup_stm32f407xx.o(.text)
    DCMI_IRQHandler                          0x200001b7   Thumb Code     0  startup_stm32f407xx.o(.text)
    DMA1_Stream0_IRQHandler                  0x200001b7   Thumb Code     0  startup_stm32f407xx.o(.text)
    DMA1_Stream1_IRQHandler                  0x200001b7   Thumb Code     0  startup_stm32f407xx.o(.text)
    DMA1_Stream2_IRQHandler                  0x200001b7   Thumb Code     0  startup_stm32f407xx.o(.text)
    DMA1_Stream5_IRQHandler                  0x200001b7   Thumb Code     0  startup_stm32f407xx.o(.text)
    DMA1_Stream6_IRQHandler                  0x200001b7   Thumb Code     0  startup_stm32f407xx.o(.text)
    DMA1_Stream7_IRQHandler                  0x200001b7   Thumb Code     0  startup_stm32f407xx.o(.text)
    DMA2_Stream0_IRQHandler                  0x200001b7   Thumb Code     0  startup_stm32f407xx.o(.text)
    DMA2_Stream1_IRQHandler                  0x200001b7   Thumb Code     0  startup_stm32f407xx.o(.text)
    DMA2_Stream2_IRQHandler                  0x200001b7   Thumb Code     0  startup_stm32f407xx.o(.text)
    DMA2_Stream3_IRQHandler                  0x200001b7   Thumb Code     0  startup_stm32f407xx.o(.text)
    DMA2_Stream4_IRQHandler                  0x200001b7   Thumb Code     0  startup_stm32f407xx.o(.text)
    DMA2_Stream5_IRQHandler                  0x200001b7   Thumb Code     0  startup_stm32f407xx.o(.text)
    DMA2_Stream6_IRQHandler                  0x200001b7   Thumb Code     0  startup_stm32f407xx.o(.text)
    DMA2_Stream7_IRQHandler                  0x200001b7   Thumb Code     0  startup_stm32f407xx.o(.text)
    ETH_IRQHandler                           0x200001b7   Thumb Code     0  startup_stm32f407xx.o(.text)
    ETH_WKUP_IRQHandler                      0x200001b7   Thumb Code     0  startup_stm32f407xx.o(.text)
    EXTI0_IRQHandler                         0x200001b7   Thumb Code     0  startup_stm32f407xx.o(.text)
    EXTI15_10_IRQHandler                     0x200001b7   Thumb Code     0  startup_stm32f407xx.o(.text)
    EXTI1_IRQHandler                         0x200001b7   Thumb Code     0  startup_stm32f407xx.o(.text)
    EXTI2_IRQHandler                         0x200001b7   Thumb Code     0  startup_stm32f407xx.o(.text)
    EXTI3_IRQHandler                         0x200001b7   Thumb Code     0  startup_stm32f407xx.o(.text)
    EXTI4_IRQHandler                         0x200001b7   Thumb Code     0  startup_stm32f407xx.o(.text)
    EXTI9_5_IRQHandler                       0x200001b7   Thumb Code     0  startup_stm32f407xx.o(.text)
    FLASH_IRQHandler                         0x200001b7   Thumb Code     0  startup_stm32f407xx.o(.text)
    FMC_IRQHandler                           0x200001b7   Thumb Code     0  startup_stm32f407xx.o(.text)
    FPU_IRQHandler                           0x200001b7   Thumb Code     0  startup_stm32f407xx.o(.text)
    HASH_RNG_IRQHandler                      0x200001b7   Thumb Code     0  startup_stm32f407xx.o(.text)
    I2C1_ER_IRQHandler                       0x200001b7   Thumb Code     0  startup_stm32f407xx.o(.text)
    I2C1_EV_IRQHandler                       0x200001b7   Thumb Code     0  startup_stm32f407xx.o(.text)
    I2C2_ER_IRQHandler                       0x200001b7   Thumb Code     0  startup_stm32f407xx.o(.text)
    I2C2_EV_IRQHandler                       0x200001b7   Thumb Code     0  startup_stm32f407xx.o(.text)
    I2C3_ER_IRQHandler                       0x200001b7   Thumb Code     0  startup_stm32f407xx.o(.text)
    I2C3_EV_IRQHandler                       0x200001b7   Thumb Code     0  startup_stm32f407xx.o(.text)
    OTG_FS_WKUP_IRQHandler                   0x200001b7   Thumb Code     0  startup_stm32f407xx.o(.text)
    OTG_HS_EP1_IN_IRQHandler                 0x200001b7   Thumb Code     0  startup_stm32f407xx.o(.text)
    OTG_HS_EP1_OUT_IRQHandler                0x200001b7   Thumb Code     0  startup_stm32f407xx.o(.text)
    OTG_HS_IRQHandler                        0x200001b7   Thumb Code     0  startup_stm32f407xx.o(.text)
    OTG_HS_WKUP_IRQHandler                   0x200001b7   Thumb Code     0  startup_stm32f407xx.o(.text)
    PVD_IRQHandler                           0x200001b7   Thumb Code     0  startup_stm32f407xx.o(.text)
    RCC_IRQHandler                           0x200001b7   Thumb Code     0  startup_stm32f407xx.o(.text)
    RTC_Alarm_IRQHandler                     0x200001b7   Thumb Code     0  startup_stm32f407xx.o(.text)
    RTC_WKUP_IRQHandler                      0x200001b7   Thumb Code     0  startup_stm32f407xx.o(.text)
    SDIO_IRQHandler                          0x200001b7   Thumb Code     0  startup_stm32f407xx.o(.text)
    SPI1_IRQHandler                          0x200001b7   Thumb Code     0  startup_stm32f407xx.o(.text)
    SPI3_IRQHandler                          0x200001b7   Thumb Code     0  startup_stm32f407xx.o(.text)
    TAMP_STAMP_IRQHandler                    0x200001b7   Thumb Code     0  startup_stm32f407xx.o(.text)
    TIM1_BRK_TIM9_IRQHandler                 0x200001b7   Thumb Code     0  startup_stm32f407xx.o(.text)
    TIM1_CC_IRQHandler                       0x200001b7   Thumb Code     0  startup_stm32f407xx.o(.text)
    TIM1_TRG_COM_TIM11_IRQHandler            0x200001b7   Thumb Code     0  startup_stm32f407xx.o(.text)
    TIM1_UP_TIM10_IRQHandler                 0x200001b7   Thumb Code     0  startup_stm32f407xx.o(.text)
    TIM2_IRQHandler                          0x200001b7   Thumb Code     0  startup_stm32f407xx.o(.text)
    TIM3_IRQHandler                          0x200001b7   Thumb Code     0  startup_stm32f407xx.o(.text)
    TIM4_IRQHandler                          0x200001b7   Thumb Code     0  startup_stm32f407xx.o(.text)
    TIM5_IRQHandler                          0x200001b7   Thumb Code     0  startup_stm32f407xx.o(.text)
    TIM6_DAC_IRQHandler                      0x200001b7   Thumb Code     0  startup_stm32f407xx.o(.text)
    TIM7_IRQHandler                          0x200001b7   Thumb Code     0  startup_stm32f407xx.o(.text)
    TIM8_BRK_TIM12_IRQHandler                0x200001b7   Thumb Code     0  startup_stm32f407xx.o(.text)
    TIM8_CC_IRQHandler                       0x200001b7   Thumb Code     0  startup_stm32f407xx.o(.text)
    TIM8_TRG_COM_TIM14_IRQHandler            0x200001b7   Thumb Code     0  startup_stm32f407xx.o(.text)
    TIM8_UP_TIM13_IRQHandler                 0x200001b7   Thumb Code     0  startup_stm32f407xx.o(.text)
    UART4_IRQHandler                         0x200001b7   Thumb Code     0  startup_stm32f407xx.o(.text)
    UART5_IRQHandler                         0x200001b7   Thumb Code     0  startup_stm32f407xx.o(.text)
    USART1_IRQHandler                        0x200001b7   Thumb Code     0  startup_stm32f407xx.o(.text)
    USART2_IRQHandler                        0x200001b7   Thumb Code     0  startup_stm32f407xx.o(.text)
    USART3_IRQHandler                        0x200001b7   Thumb Code     0  startup_stm32f407xx.o(.text)
    USART6_IRQHandler                        0x200001b7   Thumb Code     0  startup_stm32f407xx.o(.text)
    WWDG_IRQHandler                          0x200001b7   Thumb Code     0  startup_stm32f407xx.o(.text)
    memcmp                                   0x200001c1   Thumb Code    26  memcmp.o(.text)
    __aeabi_uldivmod                         0x200001db   Thumb Code    98  uldiv.o(.text)
    __aeabi_memcpy                           0x2000023d   Thumb Code    36  memcpya.o(.text)
    __aeabi_memcpy4                          0x2000023d   Thumb Code     0  memcpya.o(.text)
    __aeabi_memcpy8                          0x2000023d   Thumb Code     0  memcpya.o(.text)
    __scatterload                            0x20000261   Thumb Code    28  init.o(.text)
    __scatterload_rt2                        0x20000261   Thumb Code     0  init.o(.text)
    __aeabi_llsl                             0x20000285   Thumb Code    30  llshl.o(.text)
    _ll_shift_l                              0x20000285   Thumb Code     0  llshl.o(.text)
    __aeabi_llsr                             0x200002a3   Thumb Code    32  llushr.o(.text)
    _ll_ushift_r                             0x200002a3   Thumb Code     0  llushr.o(.text)
    __aeabi_memset                           0x200002c3   Thumb Code    14  memseta.o(.text)
    __aeabi_memset4                          0x200002c3   Thumb Code     0  memseta.o(.text)
    __aeabi_memset8                          0x200002c3   Thumb Code     0  memseta.o(.text)
    __aeabi_memclr                           0x200002d1   Thumb Code     4  memseta.o(.text)
    __aeabi_memclr4                          0x200002d1   Thumb Code     0  memseta.o(.text)
    __aeabi_memclr8                          0x200002d1   Thumb Code     0  memseta.o(.text)
    _memset$wrapper                          0x200002d5   Thumb Code    18  memseta.o(.text)
    __decompress                             0x200002e7   Thumb Code     0  __dczerorl2.o(.text)
    __decompress1                            0x200002e7   Thumb Code    86  __dczerorl2.o(.text)
    DMA1_Stream3_IRQHandler                  0x20000447   Thumb Code    26  lto-llvm-dbbc46.o(.text.DMA1_Stream3_IRQHandler)
    DMA1_Stream4_IRQHandler                  0x20000461   Thumb Code    26  lto-llvm-dbbc46.o(.text.DMA1_Stream4_IRQHandler)
    OTG_FS_IRQHandler                        0x20000e65   Thumb Code  3738  lto-llvm-dbbc46.o(.text.OTG_FS_IRQHandler)
    SPI2_IRQHandler                          0x200026c7   Thumb Code   324  lto-llvm-dbbc46.o(.text.SPI2_IRQHandler)
    SysTick_Handler                          0x20002d8d   Thumb Code    16  lto-llvm-dbbc46.o(.text.SysTick_Handler)
    SystemInit                               0x20002d9d   Thumb Code    88  lto-llvm-dbbc46.o(.text.SystemInit)
    fputc                                    0x200039f9   Thumb Code    62  lto-llvm-dbbc46.o(.text.fputc)
    main                                     0x20003a95   Thumb Code  4516  lto-llvm-dbbc46.o(.text.main)
    __0printf$8                              0x20005909   Thumb Code    22  printf8.o(i.__0printf$8)
    __1printf$8                              0x20005909   Thumb Code     0  printf8.o(i.__0printf$8)
    __2printf                                0x20005909   Thumb Code     0  printf8.o(i.__0printf$8)
    __scatterload_copy                       0x20005929   Thumb Code    14  handlers.o(i.__scatterload_copy)
    __scatterload_null                       0x20005937   Thumb Code     2  handlers.o(i.__scatterload_null)
    __scatterload_zeroinit                   0x20005939   Thumb Code    14  handlers.o(i.__scatterload_zeroinit)
    free                                     0x20005dad   Thumb Code    76  malloc.o(i.free)
    malloc                                   0x20005dfd   Thumb Code    92  malloc.o(i.malloc)
    puts                                     0x20005e69   Thumb Code    30  puts.o(i.puts)
    Region$$Table$$Base                      0x200084f0   Number         0  anon$$obj.o(Region$$Table)
    Region$$Table$$Limit                     0x20008510   Number         0  anon$$obj.o(Region$$Table)
    __stdout                                 0x20010000   Data           4  stdout.o(.data)
    __microlib_freelist                      0x20010004   Data           4  mvars.o(.data)
    __microlib_freelist_initialised          0x20010008   Data           4  mvars.o(.data)
    __heap_base                              0x200140c0   Data           0  startup_stm32f407xx.o(HEAP)
    __heap_limit                             0x200160c0   Data           0  startup_stm32f407xx.o(HEAP)
    __initial_sp                             0x200180c0   Data           0  startup_stm32f407xx.o(STACK)



==============================================================================

Memory Map of the image

  Image Entry point : 0x20000189

  Load Region LR_IROM1 (Base: 0x20000000, Size: 0x000086a0, Max: 0x00010000, ABSOLUTE, COMPRESSED[0x00008608])

    Execution Region ER_IROM1 (Exec base: 0x20000000, Load base: 0x20000000, Size: 0x00008510, Max: 0x00010000, ABSOLUTE)

    Exec Addr    Load Addr    Size         Type   Attr      Idx    E Section Name        Object

    0x20000000   0x20000000   0x00000188   Data   RO            3    RESET               startup_stm32f407xx.o
    0x20000188   0x20000188   0x00000000   Code   RO           45  * .ARM.Collect$$$$00000000  mc_w.l(entry.o)
    0x20000188   0x20000188   0x00000004   Code   RO          351    .ARM.Collect$$$$00000001  mc_w.l(entry2.o)
    0x2000018c   0x2000018c   0x00000004   Code   RO          354    .ARM.Collect$$$$00000004  mc_w.l(entry5.o)
    0x20000190   0x20000190   0x00000000   Code   RO          356    .ARM.Collect$$$$00000008  mc_w.l(entry7b.o)
    0x20000190   0x20000190   0x00000000   Code   RO          358    .ARM.Collect$$$$0000000A  mc_w.l(entry8b.o)
    0x20000190   0x20000190   0x00000008   Code   RO          359    .ARM.Collect$$$$0000000B  mc_w.l(entry9a.o)
    0x20000198   0x20000198   0x00000000   Code   RO          361    .ARM.Collect$$$$0000000D  mc_w.l(entry10a.o)
    0x20000198   0x20000198   0x00000000   Code   RO          363    .ARM.Collect$$$$0000000F  mc_w.l(entry11a.o)
    0x20000198   0x20000198   0x00000004   Code   RO          352    .ARM.Collect$$$$00002712  mc_w.l(entry2.o)
    0x2000019c   0x2000019c   0x00000024   Code   RO            4    .text               startup_stm32f407xx.o
    0x200001c0   0x200001c0   0x0000001a   Code   RO           60    .text               mc_w.l(memcmp.o)
    0x200001da   0x200001da   0x00000062   Code   RO          367    .text               mc_w.l(uldiv.o)
    0x2000023c   0x2000023c   0x00000024   Code   RO          369    .text               mc_w.l(memcpya.o)
    0x20000260   0x20000260   0x00000024   Code   RO          386    .text               mc_w.l(init.o)
    0x20000284   0x20000284   0x0000001e   Code   RO          388    .text               mc_w.l(llshl.o)
    0x200002a2   0x200002a2   0x00000020   Code   RO          390    .text               mc_w.l(llushr.o)
    0x200002c2   0x200002c2   0x00000024   Code   RO          606    .text               mc_w.l(memseta.o)
    0x200002e6   0x200002e6   0x00000056   Code   RO          616    .text               mc_w.l(__dczerorl2.o)
    0x2000033c   0x2000033c   0x00000070   Code   RO          483    .text.BSP_LED_Init  lto-llvm-dbbc46.o
    0x200003ac   0x200003ac   0x0000009a   Code   RO          489    .text.CalcCRC32     lto-llvm-dbbc46.o
    0x20000446   0x20000446   0x0000001a   Code   RO          527    .text.DMA1_Stream3_IRQHandler  lto-llvm-dbbc46.o
    0x20000460   0x20000460   0x0000001a   Code   RO          525    .text.DMA1_Stream4_IRQHandler  lto-llvm-dbbc46.o
    0x2000047a   0x2000047a   0x00000002   PAD
    0x2000047c   0x2000047c   0x0000008c   Code   RO          539    .text.HAL_DMA_Abort  lto-llvm-dbbc46.o
    0x20000508   0x20000508   0x0000017c   Code   RO          541    .text.HAL_DMA_IRQHandler  lto-llvm-dbbc46.o
    0x20000684   0x20000684   0x00000154   Code   RO          535    .text.HAL_DMA_Init  lto-llvm-dbbc46.o
    0x200007d8   0x200007d8   0x000000aa   Code   RO          537    .text.HAL_DMA_Start_IT  lto-llvm-dbbc46.o
    0x20000882   0x20000882   0x00000002   PAD
    0x20000884   0x20000884   0x000000f4   Code   RO          545    .text.HAL_GPIO_DeInit  lto-llvm-dbbc46.o
    0x20000978   0x20000978   0x0000019c   Code   RO          543    .text.HAL_GPIO_Init  lto-llvm-dbbc46.o
    0x20000b14   0x20000b14   0x00000070   Code   RO          533    .text.HAL_InitTick  lto-llvm-dbbc46.o
    0x20000b84   0x20000b84   0x000000b2   Code   RO          547    .text.HAL_PCD_Stop  lto-llvm-dbbc46.o
    0x20000c36   0x20000c36   0x00000048   Code   RO          425    .text.MSC_BOT_Abort  lto-llvm-dbbc46.o
    0x20000c7e   0x20000c7e   0x00000030   Code   RO          427    .text.MSC_BOT_CplClrFeature  lto-llvm-dbbc46.o
    0x20000cae   0x20000cae   0x00000044   Code   RO          419    .text.MSC_BOT_DataIn  lto-llvm-dbbc46.o
    0x20000cf2   0x20000cf2   0x000000fa   Code   RO          423    .text.MSC_BOT_DataOut  lto-llvm-dbbc46.o
    0x20000dec   0x20000dec   0x0000003c   Code   RO          417    .text.MSC_BOT_Init  lto-llvm-dbbc46.o
    0x20000e28   0x20000e28   0x0000003c   Code   RO          421    .text.MSC_BOT_SendCSW  lto-llvm-dbbc46.o
    0x20000e64   0x20000e64   0x00000e9a   Code   RO          435    .text.OTG_FS_IRQHandler  lto-llvm-dbbc46.o
    0x20001cfe   0x20001cfe   0x00000002   PAD
    0x20001d00   0x20001d00   0x000000c4   Code   RO          485    .text.ReadStatusReg  lto-llvm-dbbc46.o
    0x20001dc4   0x20001dc4   0x0000051c   Code   RO          429    .text.SCSI_ProcessCmd  lto-llvm-dbbc46.o
    0x200022e0   0x200022e0   0x000003e6   Code   RO          517    .text.SPI2_Control  lto-llvm-dbbc46.o
    0x200026c6   0x200026c6   0x00000144   Code   RO          523    .text.SPI2_IRQHandler  lto-llvm-dbbc46.o
    0x2000280a   0x2000280a   0x0000002c   Code   RO          519    .text.SPI2_RX_DMA_Complete  lto-llvm-dbbc46.o
    0x20002836   0x20002836   0x000000ec   Code   RO          513    .text.SPI2_Send     lto-llvm-dbbc46.o
    0x20002922   0x20002922   0x00000020   Code   RO          521    .text.SPI2_TX_DMA_Complete  lto-llvm-dbbc46.o
    0x20002942   0x20002942   0x000000e2   Code   RO          515    .text.SPI2_Transfer  lto-llvm-dbbc46.o
    0x20002a24   0x20002a24   0x00000028   Code   RO          465    .text.STORAGE_GetCapacity_FS  lto-llvm-dbbc46.o
    0x20002a4c   0x20002a4c   0x00000004   Code   RO          475    .text.STORAGE_GetMaxLun_FS  lto-llvm-dbbc46.o
    0x20002a50   0x20002a50   0x00000004   Code   RO          463    .text.STORAGE_Init_FS  lto-llvm-dbbc46.o
    0x20002a54   0x20002a54   0x00000004   Code   RO          467    .text.STORAGE_IsReady_FS  lto-llvm-dbbc46.o
    0x20002a58   0x20002a58   0x00000012   Code   RO          469    .text.STORAGE_IsWriteProtected_FS  lto-llvm-dbbc46.o
    0x20002a6a   0x20002a6a   0x00000002   PAD
    0x20002a6c   0x20002a6c   0x00000090   Code   RO          471    .text.STORAGE_Read_FS  lto-llvm-dbbc46.o
    0x20002afc   0x20002afc   0x000001ac   Code   RO          473    .text.STORAGE_Write_FS  lto-llvm-dbbc46.o
    0x20002ca8   0x20002ca8   0x000000e4   Code   RO          487    .text.SetWriteEnable  lto-llvm-dbbc46.o
    0x20002d8c   0x20002d8c   0x00000010   Code   RO          433    .text.SysTick_Handler  lto-llvm-dbbc46.o
    0x20002d9c   0x20002d9c   0x00000058   Code   RO          431    .text.SystemInit    lto-llvm-dbbc46.o
    0x20002df4   0x20002df4   0x00000020   Code   RO          447    .text.USBD_FS_ConfigStrDescriptor  lto-llvm-dbbc46.o
    0x20002e14   0x20002e14   0x0000000e   Code   RO          437    .text.USBD_FS_DeviceDescriptor  lto-llvm-dbbc46.o
    0x20002e22   0x20002e22   0x00000002   PAD
    0x20002e24   0x20002e24   0x00000024   Code   RO          449    .text.USBD_FS_InterfaceStrDescriptor  lto-llvm-dbbc46.o
    0x20002e48   0x20002e48   0x0000000e   Code   RO          439    .text.USBD_FS_LangIDStrDescriptor  lto-llvm-dbbc46.o
    0x20002e56   0x20002e56   0x00000002   PAD
    0x20002e58   0x20002e58   0x00000028   Code   RO          441    .text.USBD_FS_ManufacturerStrDescriptor  lto-llvm-dbbc46.o
    0x20002e80   0x20002e80   0x00000028   Code   RO          443    .text.USBD_FS_ProductStrDescriptor  lto-llvm-dbbc46.o
    0x20002ea8   0x20002ea8   0x00000024   Code   RO          445    .text.USBD_FS_SerialStrDescriptor  lto-llvm-dbbc46.o
    0x20002ecc   0x20002ecc   0x00000062   Code   RO          415    .text.USBD_GetString  lto-llvm-dbbc46.o
    0x20002f2e   0x20002f2e   0x00000002   PAD
    0x20002f30   0x20002f30   0x00000118   Code   RO          453    .text.USBD_LL_CloseEP  lto-llvm-dbbc46.o
    0x20003048   0x20003048   0x0000006c   Code   RO          455    .text.USBD_LL_FlushEP  lto-llvm-dbbc46.o
    0x200030b4   0x200030b4   0x000000d6   Code   RO          451    .text.USBD_LL_OpenEP  lto-llvm-dbbc46.o
    0x2000318a   0x2000318a   0x00000050   Code   RO          461    .text.USBD_LL_PrepareReceive  lto-llvm-dbbc46.o
    0x200031da   0x200031da   0x000000c0   Code   RO          457    .text.USBD_LL_StallEP  lto-llvm-dbbc46.o
    0x2000329a   0x2000329a   0x00000048   Code   RO          459    .text.USBD_LL_Transmit  lto-llvm-dbbc46.o
    0x200032e2   0x200032e2   0x0000000a   Code   RO          403    .text.USBD_MSC_DataIn  lto-llvm-dbbc46.o
    0x200032ec   0x200032ec   0x0000000a   Code   RO          405    .text.USBD_MSC_DataOut  lto-llvm-dbbc46.o
    0x200032f6   0x200032f6   0x0000002a   Code   RO          399    .text.USBD_MSC_DeInit  lto-llvm-dbbc46.o
    0x20003320   0x20003320   0x0000000e   Code   RO          413    .text.USBD_MSC_GetDeviceQualifierDescriptor  lto-llvm-dbbc46.o
    0x2000332e   0x2000332e   0x0000000e   Code   RO          409    .text.USBD_MSC_GetFSCfgDesc  lto-llvm-dbbc46.o
    0x2000333c   0x2000333c   0x0000000e   Code   RO          407    .text.USBD_MSC_GetHSCfgDesc  lto-llvm-dbbc46.o
    0x2000334a   0x2000334a   0x0000000e   Code   RO          411    .text.USBD_MSC_GetOtherSpeedCfgDesc  lto-llvm-dbbc46.o
    0x20003358   0x20003358   0x00000058   Code   RO          397    .text.USBD_MSC_Init  lto-llvm-dbbc46.o
    0x200033b0   0x200033b0   0x000000f8   Code   RO          401    .text.USBD_MSC_Setup  lto-llvm-dbbc46.o
    0x200034a8   0x200034a8   0x000000fa   Code   RO          551    .text.USB_EP0StartXfer  lto-llvm-dbbc46.o
    0x200035a2   0x200035a2   0x00000002   PAD
    0x200035a4   0x200035a4   0x00000198   Code   RO          549    .text.USB_EPStartXfer  lto-llvm-dbbc46.o
    0x2000373c   0x2000373c   0x0000017e   Code   RO          503    .text.WriteStatusReg  lto-llvm-dbbc46.o
    0x200038ba   0x200038ba   0x00000002   PAD
    0x200038bc   0x200038bc   0x000000e0   Code   RO          481    .text.Write_LL      lto-llvm-dbbc46.o
    0x2000399c   0x2000399c   0x0000005c   Code   RO          479    .text._Error_Handler  lto-llvm-dbbc46.o
    0x200039f8   0x200039f8   0x0000003e   Code   RO          529    .text.fputc         lto-llvm-dbbc46.o
    0x20003a36   0x20003a36   0x00000002   PAD
    0x20003a38   0x20003a38   0x0000005a   Code   RO          509    .text.isErased      lto-llvm-dbbc46.o
    0x20003a92   0x20003a92   0x00000002   PAD
    0x20003a94   0x20003a94   0x000011a4   Code   RO          477    .text.main          lto-llvm-dbbc46.o
    0x20004c38   0x20004c38   0x000001d0   Code   RO          491    .text.spi_chip_read  lto-llvm-dbbc46.o
    0x20004e08   0x20004e08   0x000001fc   Code   RO          497    .text.spi_chip_write_1  lto-llvm-dbbc46.o
    0x20005004   0x20005004   0x000001ac   Code   RO          493    .text.spi_chip_write_256  lto-llvm-dbbc46.o
    0x200051b0   0x200051b0   0x000002dc   Code   RO          495    .text.spi_chip_write_af  lto-llvm-dbbc46.o
    0x2000548c   0x2000548c   0x0000000c   Code   RO          499    .text.spi_disable_blockprotect  lto-llvm-dbbc46.o
    0x20005498   0x20005498   0x0000000c   Code   RO          505    .text.spi_disable_blockprotect_at2x_global_unprotect  lto-llvm-dbbc46.o
    0x200054a4   0x200054a4   0x00000178   Code   RO          501    .text.spi_disable_blockprotect_generic  lto-llvm-dbbc46.o
    0x2000561c   0x2000561c   0x00000198   Code   RO          507    .text.spi_erase_bulk  lto-llvm-dbbc46.o
    0x200057b4   0x200057b4   0x00000152   Code   RO          511    .text.spi_erase_bulk_sec  lto-llvm-dbbc46.o
    0x20005906   0x20005906   0x00000002   PAD
    0x20005908   0x20005908   0x00000020   Code   RO          269    i.__0printf$8       mc_w.l(printf8.o)
    0x20005928   0x20005928   0x0000000e   Code   RO          610    i.__scatterload_copy  mc_w.l(handlers.o)
    0x20005936   0x20005936   0x00000002   Code   RO          611    i.__scatterload_null  mc_w.l(handlers.o)
    0x20005938   0x20005938   0x0000000e   Code   RO          612    i.__scatterload_zeroinit  mc_w.l(handlers.o)
    0x20005946   0x20005946   0x00000002   PAD
    0x20005948   0x20005948   0x00000410   Code   RO          276    i._printf_core      mc_w.l(printf8.o)
    0x20005d58   0x20005d58   0x00000024   Code   RO          277    i._printf_post_padding  mc_w.l(printf8.o)
    0x20005d7c   0x20005d7c   0x0000002e   Code   RO          278    i._printf_pre_padding  mc_w.l(printf8.o)
    0x20005daa   0x20005daa   0x00000002   PAD
    0x20005dac   0x20005dac   0x00000050   Code   RO          323    i.free              mc_w.l(malloc.o)
    0x20005dfc   0x20005dfc   0x0000006c   Code   RO          324    i.malloc            mc_w.l(malloc.o)
    0x20005e68   0x20005e68   0x00000024   Code   RO           50    i.puts              mc_w.l(puts.o)
    0x20005e8c   0x20005e8c   0x00000024   Data   RO          567    .rodata.STORAGE_Inquirydata_FS  lto-llvm-dbbc46.o
    0x20005eb0   0x20005eb0   0x00000008   Data   RO          560    .rodata.cst8        lto-llvm-dbbc46.o
    0x20005eb8   0x20005eb8   0x000023e0   Data   RO          588    .rodata.flashchips  lto-llvm-dbbc46.o
    0x20008298   0x20008298   0x00000255   Data   RO          576    .rodata.str1.1      lto-llvm-dbbc46.o
    0x200084ed   0x200084ed   0x00000003   PAD
    0x200084f0   0x200084f0   0x00000020   Data   RO          609    Region$$Table       anon$$obj.o


    Execution Region RW_IRAM1 (Exec base: 0x20010000, Load base: 0x20008510, Size: 0x000080c0, Max: 0x00010000, ABSOLUTE, COMPRESSED[0x000000f8])

    Exec Addr    Load Addr    Size         Type   Attr      Idx    E Section Name        Object

    0x20010000   COMPRESSED   0x00000004   Data   RW           58    .data               mc_w.l(stdout.o)
    0x20010004   COMPRESSED   0x00000004   Data   RW          373    .data               mc_w.l(mvars.o)
    0x20010008   COMPRESSED   0x00000004   Data   RW          374    .data               mc_w.l(mvars.o)
    0x2001000c   COMPRESSED   0x0000001c   Data   RW          562    .data.FS_Desc       lto-llvm-dbbc46.o
    0x20010028   COMPRESSED   0x00000018   Data   RW          584    .data.FlashInfo     lto-llvm-dbbc46.o
    0x20010040   COMPRESSED   0x00000020   Data   RW          581    .data.Label_disk    lto-llvm-dbbc46.o
    0x20010060   COMPRESSED   0x00000004   Data   RW          559    .data.SystemCoreClock  lto-llvm-dbbc46.o
    0x20010064   COMPRESSED   0x00000012   Data   RW          565    .data.USBD_FS_DeviceDesc  lto-llvm-dbbc46.o
    0x20010076   COMPRESSED   0x00000002   PAD
    0x20010078   COMPRESSED   0x00000004   Data   RW          564    .data.USBD_LangIDDesc  lto-llvm-dbbc46.o
    0x2001007c   COMPRESSED   0x00000038   Data   RW          553    .data.USBD_MSC      lto-llvm-dbbc46.o
    0x200100b4   COMPRESSED   0x00000020   Data   RW          556    .data.USBD_MSC_CfgFSDesc  lto-llvm-dbbc46.o
    0x200100d4   COMPRESSED   0x00000020   Data   RW          557    .data.USBD_MSC_CfgHSDesc  lto-llvm-dbbc46.o
    0x200100f4   COMPRESSED   0x0000000a   Data   RW          554    .data.USBD_MSC_DeviceQualifierDesc  lto-llvm-dbbc46.o
    0x200100fe   COMPRESSED   0x00000002   PAD
    0x20010100   COMPRESSED   0x00000020   Data   RW          555    .data.USBD_MSC_OtherSpeedCfgDesc  lto-llvm-dbbc46.o
    0x20010120   COMPRESSED   0x00000020   Data   RW          568    .data.USBD_Storage_Interface_fops_FS  lto-llvm-dbbc46.o
    0x20010140   COMPRESSED   0x00000004   Data   RW          573    .data.blink         lto-llvm-dbbc46.o
    0x20010144   COMPRESSED   0x00000046   Data   RW          580    .data.boot_sec      lto-llvm-dbbc46.o
    0x2001018a   COMPRESSED   0x00000006   PAD
    0x20010190        -       0x00000004   Zero   RW          571    .bss.CRCValue_actual  lto-llvm-dbbc46.o
    0x20010194        -       0x00000004   Zero   RW          572    .bss.CRCValue_nominal  lto-llvm-dbbc46.o
    0x20010198        -       0x00003400   Zero   RW          579    .bss.FAT            lto-llvm-dbbc46.o
    0x20013598        -       0x00000001   Zero   RW          587    .bss.Flags          lto-llvm-dbbc46.o
    0x20013599   COMPRESSED   0x00000003   PAD
    0x2001359c        -       0x00000004   Zero   RW          586    .bss.FlashStatus    lto-llvm-dbbc46.o
    0x200135a0        -       0x00000001   Zero   RW          589    .bss.SPI2_Info.1.0  lto-llvm-dbbc46.o
    0x200135a1   COMPRESSED   0x00000003   PAD
    0x200135a4        -       0x00000004   Zero   RW          590    .bss.SPI2_Info.2    lto-llvm-dbbc46.o
    0x200135a8        -       0x00000004   Zero   RW          594    .bss.SPI2_Info.3    lto-llvm-dbbc46.o
    0x200135ac        -       0x0000001c   Zero   RW          593    .bss.SPI2_TransferInfo  lto-llvm-dbbc46.o
    0x200135c8        -       0x00000001   Zero   RW          558    .bss.USBD_SetConfig.cfgidx  lto-llvm-dbbc46.o
    0x200135c9   COMPRESSED   0x00000003   PAD
    0x200135cc        -       0x00000200   Zero   RW          563    .bss.USBD_StrDesc   lto-llvm-dbbc46.o
    0x200137cc        -       0x00000001   Zero   RW          583    .bss.Wr_Protect     lto-llvm-dbbc46.o
    0x200137cd        -       0x00000001   Zero   RW          569    .bss.complet        lto-llvm-dbbc46.o
    0x200137ce   COMPRESSED   0x00000002   PAD
    0x200137d0        -       0x00000200   Zero   RW          574    .bss.crc_buf        lto-llvm-dbbc46.o
    0x200139d0        -       0x00000001   Zero   RW          570    .bss.error          lto-llvm-dbbc46.o
    0x200139d1   COMPRESSED   0x00000003   PAD
    0x200139d4        -       0x00000004   Zero   RW          582    .bss.file_size      lto-llvm-dbbc46.o
    0x200139d8        -       0x00000004   Zero   RW          585    .bss.flschip        lto-llvm-dbbc46.o
    0x200139dc        -       0x00000224   Zero   RW          561    .bss.hUsbDeviceFS   lto-llvm-dbbc46.o
    0x20013c00        -       0x00000060   Zero   RW          592    .bss.hdma_spi2_rx   lto-llvm-dbbc46.o
    0x20013c60        -       0x00000060   Zero   RW          591    .bss.hdma_spi2_tx   lto-llvm-dbbc46.o
    0x20013cc0        -       0x000003f0   Zero   RW          566    .bss.hpcd_USB_OTG_FS  lto-llvm-dbbc46.o
    0x200140b0        -       0x00000001   Zero   RW          596    .bss.jdc_id_.0      lto-llvm-dbbc46.o
    0x200140b1   COMPRESSED   0x00000001   PAD
    0x200140b2        -       0x00000002   Zero   RW          597    .bss.jdc_id_.1      lto-llvm-dbbc46.o
    0x200140b4        -       0x00000001   Zero   RW          577    .bss.mod            lto-llvm-dbbc46.o
    0x200140b5   COMPRESSED   0x00000001   PAD
    0x200140b6        -       0x00000002   Zero   RW          578    .bss.modulo         lto-llvm-dbbc46.o
    0x200140b8        -       0x00000004   Zero   RW          595    .bss.uwTick         lto-llvm-dbbc46.o
    0x200140bc   COMPRESSED   0x00000004   PAD
    0x200140c0        -       0x00002000   Zero   RW            2    HEAP                startup_stm32f407xx.o
    0x200160c0        -       0x00002000   Zero   RW            1    STACK               startup_stm32f407xx.o


==============================================================================

Image component sizes


      Code (inc. data)   RO Data    RW Data    ZI Data      Debug   Object Name

     21940        712       9825        378      16156     146688   lto-llvm-dbbc46.o
        36          8        392          0      16384        812   startup_stm32f407xx.o

    ----------------------------------------------------------------------
     22000        720      10252        384      32564     147500   Object Totals
         0          0         32          0          0          0   (incl. Generated)
        24          0          3          6         24          0   (incl. Padding)

    ----------------------------------------------------------------------

      Code (inc. data)   RO Data    RW Data    ZI Data      Debug   Library Member Name

        86          0          0          0          0          0   __dczerorl2.o
         0          0          0          0          0          0   entry.o
         0          0          0          0          0          0   entry10a.o
         0          0          0          0          0          0   entry11a.o
         8          4          0          0          0          0   entry2.o
         4          0          0          0          0          0   entry5.o
         0          0          0          0          0          0   entry7b.o
         0          0          0          0          0          0   entry8b.o
         8          4          0          0          0          0   entry9a.o
        30          0          0          0          0          0   handlers.o
        36          8          0          0          0         68   init.o
        30          0          0          0          0         68   llshl.o
        32          0          0          0          0         68   llushr.o
       188         20          0          0          0        160   malloc.o
        26          0          0          0          0         80   memcmp.o
        36          0          0          0          0         68   memcpya.o
        36          0          0          0          0        108   memseta.o
         0          0          0          8          0          0   mvars.o
      1154         54          0          0          0        352   printf8.o
        36          6          0          0          0         80   puts.o
         0          0          0          4          0          0   stdout.o
        98          0          0          0          0         92   uldiv.o

    ----------------------------------------------------------------------
      1812         96          0         12          0       1144   Library Totals
         4          0          0          0          0          0   (incl. Padding)

    ----------------------------------------------------------------------

      Code (inc. data)   RO Data    RW Data    ZI Data      Debug   Library Name

      1808         96          0         12          0       1144   mc_w.l

    ----------------------------------------------------------------------
      1812         96          0         12          0       1144   Library Totals

    ----------------------------------------------------------------------

==============================================================================


      Code (inc. data)   RO Data    RW Data    ZI Data      Debug   

     23812        816      10252        396      32564     148356   Grand Totals
     23812        816      10252        248      32564     148356   ELF Image Totals (compressed)
     23812        816      10252        248          0          0   ROM Totals

==============================================================================

    Total RO  Size (Code + RO Data)                34064 (  33.27kB)
    Total RW  Size (RW Data + ZI Data)             32960 (  32.19kB)
    Total ROM Size (Code + RO Data + RW Data)      34312 (  33.51kB)

==============================================================================

